******************************************************************************
                  TI ARM Linker PC v15.12.4                    
******************************************************************************
>> Linked Thu Dec 15 17:55:14 2016

OUTPUT FILE NAME:   <cs_hfxt_start.out>
ENTRY POINT SYMBOL: "_c_int00"  address: 000024e9


MEMORY CONFIGURATION

         name            origin    length      used     unused   attr    fill
----------------------  --------  ---------  --------  --------  ----  --------
  MAIN                  00000000   00040000  00002a9c  0003d564  R  X
  INFO                  00200000   00004000  00000000  00004000  R  X
  SRAM_CODE             01000000   00010000  00000000  00010000  RW X
  SRAM_DATA             20000000   00010000  00000350  0000fcb0  RW  


SEGMENT ALLOCATION MAP

run origin  load origin   length   init length attrs members
----------  ----------- ---------- ----------- ----- -------
00000000    00000000    00002a9c   00002a9c    r-x
  00000000    00000000    00000140   00000140    r-- .intvecs
  00000140    00000140    000026f8   000026f8    r-x .text
  00002838    00002838    000001d8   000001d8    r-- .const
  00002a10    00002a10    0000008c   0000008c    r-- .cinit
20000000    20000000    00000150   00000000    rw-
  20000000    20000000    000000d0   00000000    rw- .bss
  200000d0    200000d0    00000080   00000000    rw- .data
2000fe00    2000fe00    00000200   00000000    rw-
  2000fe00    2000fe00    00000200   00000000    rw- .stack


SECTION ALLOCATION MAP

 output                                  attributes/
section   page    origin      length       input sections
--------  ----  ----------  ----------   ----------------
.intvecs   0    00000000    00000140     
                  00000000    00000140     startup_msp432p401r_ccs.obj (.intvecs:retain)

.text      0    00000140    000026f8     
                  00000140    00000740     rtsv7M4_T_le_v4SPD16_eabi.lib : k_rem_pio2.obj (.text)
                  00000880    000005d0                                   : s_sin.obj (.text)
                  00000e50    00000348     system_msp432p401r.obj (.text)
                  00001198    00000318     cs_hfxt_start.obj (.text)
                  000014b0    000001b6     rtsv7M4_T_le_v4SPD16_eabi.lib : fd_add_t2.obj (.text)
                  00001666    00000002                                   : mpu_init.obj (.text)
                  00001668    00000174                                   : k_sin.obj (.text)
                  000017dc    0000016c                                   : k_cos.obj (.text)
                  00001948    00000154     msp432p4xx_driverlib.lib : adc14.o (.text:_getIndexForMemRegister)
                  00001a9c    00000136     rtsv7M4_T_le_v4SPD16_eabi.lib : fd_div_t2.obj (.text)
                  00001bd2    000000fc                                   : fd_mul_t2.obj (.text)
                  00001cce    00000002                                   : startup.obj (.text)
                  00001cd0    000000fc                                   : s_scalbn.obj (.text)
                  00001dcc    000000f8                                   : s_floor.obj (.text)
                  00001ec4    000000e0     msp432p4xx_driverlib.lib : cs.o (.text:CS_initClockSignal)
                  00001fa4    000000cc     filters.obj (.text)
                  00002070    0000009c     msp432p4xx_driverlib.lib : cs.o (.text:CS_startHFXTWithTimeout)
                  0000210c    0000009c     rtsv7M4_T_le_v4SPD16_eabi.lib : memcpy_t2.obj (.text)
                  000021a8    00000086                                   : fd_cmp_t2.obj (.text:__aeabi_cdcmple)
                  0000222e    00000086                                   : fd_cmp_t2.obj (.text:__aeabi_cdrcmple)
                  000022b4    0000007a                                   : memset_t2.obj (.text)
                  0000232e    00000002     --HOLE-- [fill = 0]
                  00002330    00000070     msp432p4xx_driverlib.lib : cs.o (.text:_CSGetHFXTFrequency)
                  000023a0    00000070     rtsv7M4_T_le_v4SPD16_eabi.lib : autoinit.obj (.text)
                  00002410    0000006e                                   : fd_tos_t2.obj (.text)
                  0000247e    0000006a                                   : copy_decompress_rle.obj (.text)
                  000024e8    00000054                                   : boot.obj (.text)
                  0000253c    00000054                                   : exit.obj (.text)
                  00002590    0000004c     msp432p4xx_driverlib.lib : gpio.o (.text:GPIO_setAsPeripheralModuleFunctionOutputPin)
                  000025dc    0000004c     rtsv7M4_T_le_v4SPD16_eabi.lib : cpy_tbl.obj (.text)
                  00002628    00000048     msp432p4xx_driverlib.lib : gpio.o (.text:GPIO_setAsPeripheralModuleFunctionInputPin)
                  00002670    00000048     rtsv7M4_T_le_v4SPD16_eabi.lib : fd_toi_t2.obj (.text)
                  000026b8    00000038                                   : fs_tod_t2.obj (.text)
                  000026f0    0000002e                                   : i_tofd_t2.obj (.text)
                  0000271e    00000002     --HOLE-- [fill = 0]
                  00002720    00000024     msp432p4xx_driverlib.lib : gpio.o (.text:GPIO_setAsOutputPin)
                  00002744    00000018                              : adc14.o (.text:ADC14_getResult)
                  0000275c    00000018     rtsv7M4_T_le_v4SPD16_eabi.lib : args_main.obj (.text)
                  00002774    00000014     msp432p4xx_driverlib.lib : adc14.o (.text:ADC14_setResolution)
                  00002788    00000014                              : cs.o (.text:CS_setExternalClockSourceFrequency)
                  0000279c    00000014                              : fpu.o (.text:FPU_setFlushToZeroMode)
                  000027b0    00000014     rtsv7M4_T_le_v4SPD16_eabi.lib : _lock.obj (.text)
                  000027c4    00000014                                   : s_copysign.obj (.text)
                  000027d8    00000012     startup_msp432p401r_ccs.obj (.text)
                  000027ea    00000002     --HOLE-- [fill = 0]
                  000027ec    00000010     msp432p4xx_driverlib.lib : sysctl.o (.text:SysCtl_disableNMISource)
                  000027fc    00000010                              : sysctl.o (.text:SysCtl_enableNMISource)
                  0000280c    0000000e     rtsv7M4_T_le_v4SPD16_eabi.lib : copy_decompress_none.obj (.text:decompress:none)
                  0000281a    00000002     --HOLE-- [fill = 0]
                  0000281c    0000000c     msp432p4xx_driverlib.lib : sysctl.o (.text:SysCtl_getNMISourceStatus)
                  00002828    00000006                              : cs.o (.text:CS_startHFXT)
                  0000282e    00000006     rtsv7M4_T_le_v4SPD16_eabi.lib : copy_decompress_rle.obj (.text:decompress:rle24)
                  00002834    00000004                                   : pre_init.obj (.text)

.const     0    00002838    000001d8     
                  00002838    00000158     rtsv7M4_T_le_v4SPD16_eabi.lib : k_rem_pio2.obj (.const:$O1$$)
                  00002990    00000080     msp432p4xx_driverlib.lib : adc14.o (.const:_ctlRegs)

.cinit     0    00002a10    0000008c     
                  00002a10    00000065     (.cinit..data.load) [load image, compression = rle]
                  00002a75    00000003     --HOLE-- [fill = 0]
                  00002a78    00000009     (.cinit..bss.load) [load image, compression = rle]
                  00002a81    00000003     --HOLE-- [fill = 0]
                  00002a84    00000008     (__TI_handler_table)
                  00002a8c    00000010     (__TI_cinit_table)

.init_array 
*          0    00000000    00000000     UNINITIALIZED

.bss       0    20000000    000000d0     UNINITIALIZED
                  20000000    000000c8     cs_hfxt_start.obj (.bss:sin_value)
                  200000c8    00000004     (.common:hfxtFreq)
                  200000cc    00000004     (.common:lfxtFreq)

.data      0    200000d0    00000080     UNINITIALIZED
                  200000d0    00000030     msp432p4xx_driverlib.lib : gpio.o (.data:GPIO_PORT_TO_BASE)
                  20000100    0000000c     rtsv7M4_T_le_v4SPD16_eabi.lib : exit.obj (.data:$O1$$)
                  2000010c    0000000c     filters.obj (.data:bandstop_buffer)
                  20000118    0000000c     filters.obj (.data:bandstop_den)
                  20000124    0000000c     filters.obj (.data:bandstop_num)
                  20000130    00000008     rtsv7M4_T_le_v4SPD16_eabi.lib : _lock.obj (.data:$O1$$)
                  20000138    00000008     cs_hfxt_start.obj (.data)
                  20000140    00000004     filters.obj (.data)
                  20000144    00000004     rtsv7M4_T_le_v4SPD16_eabi.lib : errno.obj (.data)
                  20000148    00000004                                   : stkdepth_vars.obj (.data)
                  2000014c    00000004     system_msp432p401r.obj (.data)

.stack     0    2000fe00    00000200     UNINITIALIZED
                  2000fe00    00000200     --HOLE--

MODULE SUMMARY

       Module                        code   ro data   rw data
       ------                        ----   -------   -------
    .\
       cs_hfxt_start.obj             792    0         208    
       system_msp432p401r.obj        840    0         4      
       startup_msp432p401r_ccs.obj   18     320       0      
       filters.obj                   204    0         40     
    +--+-----------------------------+------+---------+---------+
       Total:                        1854   320       252    
                                                             
    C:/ti/tirex-content/msp/MSPWare_3_30_01_00/driverlib/driverlib/MSP432P4xx/ccs/msp432p4xx_driverlib.lib
       cs.o                          518    0         8      
       adc14.o                       384    128       0      
       gpio.o                        184    0         48     
       sysctl.o                      44     0         0      
       fpu.o                         20     0         0      
    +--+-----------------------------+------+---------+---------+
       Total:                        1150   128       56     
                                                             
    C:\ti\ccsv6\tools\compiler\ti-cgt-arm_15.12.4.LTS\lib\rtsv7M4_T_le_v4SPD16_eabi.lib
       k_rem_pio2.obj                1856   344       0      
       s_sin.obj                     1488   0         0      
       fd_add_t2.obj                 438    0         0      
       k_sin.obj                     372    0         0      
       k_cos.obj                     364    0         0      
       fd_div_t2.obj                 310    0         0      
       fd_cmp_t2.obj                 268    0         0      
       fd_mul_t2.obj                 252    0         0      
       s_scalbn.obj                  252    0         0      
       s_floor.obj                   248    0         0      
       memcpy_t2.obj                 156    0         0      
       memset_t2.obj                 122    0         0      
       autoinit.obj                  112    0         0      
       copy_decompress_rle.obj       112    0         0      
       fd_tos_t2.obj                 110    0         0      
       exit.obj                      84     0         12     
       boot.obj                      84     0         0      
       cpy_tbl.obj                   76     0         0      
       fd_toi_t2.obj                 72     0         0      
       fs_tod_t2.obj                 56     0         0      
       i_tofd_t2.obj                 46     0         0      
       _lock.obj                     20     0         8      
       args_main.obj                 24     0         0      
       s_copysign.obj                20     0         0      
       copy_decompress_none.obj      14     0         0      
       errno.obj                     0      0         4      
       pre_init.obj                  4      0         0      
       stkdepth_vars.obj             0      0         4      
       mpu_init.obj                  2      0         0      
       startup.obj                   2      0         0      
    +--+-----------------------------+------+---------+---------+
       Total:                        6964   344       28     
                                                             
       Stack:                        0      0         512    
       Linker Generated:             0      134       0      
    +--+-----------------------------+------+---------+---------+
       Grand Total:                  9968   926       848    


LINKER GENERATED COPY TABLES

__TI_cinit_table @ 00002a8c records: 2, size/record: 8, table size: 16
	.data: load addr=00002a10, load size=00000065 bytes, run addr=200000d0, run size=00000080 bytes, compression=rle
	.bss: load addr=00002a78, load size=00000009 bytes, run addr=20000000, run size=000000d0 bytes, compression=rle


LINKER GENERATED HANDLER TABLE

__TI_handler_table @ 00002a84 records: 2, size/record: 4, table size: 8
	index: 0, handler: __TI_decompress_rle24
	index: 1, handler: __TI_decompress_none


GLOBAL SYMBOLS: SORTED ALPHABETICALLY BY Name 

address   name                                       
-------   ----                                       
00002745  ADC14_getResult                            
00002775  ADC14_setResolution                        
0000253d  C$$EXIT                                    
00001ec5  CS_initClockSignal                         
00002789  CS_setExternalClockSourceFrequency         
00002829  CS_startHFXT                               
00002071  CS_startHFXTWithTimeout                    
0000279d  FPU_setFlushToZeroMode                     
00002721  GPIO_setAsOutputPin                        
00002629  GPIO_setAsPeripheralModuleFunctionInputPin 
00002591  GPIO_setAsPeripheralModuleFunctionOutputPin
UNDEFED   SHT$$INIT_ARRAY$$Base                      
UNDEFED   SHT$$INIT_ARRAY$$Limit                     
000027ed  SysCtl_disableNMISource                    
000027fd  SysCtl_enableNMISource                     
0000281d  SysCtl_getNMISourceStatus                  
2000014c  SystemCoreClock                            
00000e51  SystemCoreClockUpdate                      
000010c5  SystemInit                                 
4000480c  WDTCTL_SYM                                 
20010000  __STACK_END                                
00000200  __STACK_SIZE                               
00002a8c  __TI_CINIT_Base                            
00002a9c  __TI_CINIT_Limit                           
00002a84  __TI_Handler_Table_Base                    
00002a8c  __TI_Handler_Table_Limit                   
000023a1  __TI_auto_init                             
20000100  __TI_cleanup_ptr                           
0000280d  __TI_decompress_none                       
0000282f  __TI_decompress_rle24                      
20000104  __TI_dtors_ptr                             
20000108  __TI_enable_exit_profile_output            
ffffffff  __TI_pprof_out_hndl                        
ffffffff  __TI_prof_data_size                        
ffffffff  __TI_prof_data_start                       
00000000  __TI_static_base__                         
000021a9  __aeabi_cdcmpeq                            
000021a9  __aeabi_cdcmple                            
0000222f  __aeabi_cdrcmple                           
00002411  __aeabi_d2f                                
00002671  __aeabi_d2iz                               
000014bb  __aeabi_dadd                               
00001a9d  __aeabi_ddiv                               
00001bd3  __aeabi_dmul                               
000014b1  __aeabi_dsub                               
000026b9  __aeabi_f2d                                
000026f1  __aeabi_i2d                                
000022b5  __aeabi_memclr                             
000022b5  __aeabi_memclr4                            
000022b5  __aeabi_memclr8                            
0000210d  __aeabi_memcpy                             
0000210d  __aeabi_memcpy4                            
0000210d  __aeabi_memcpy8                            
000022b7  __aeabi_memset                             
000022b7  __aeabi_memset4                            
000022b7  __aeabi_memset8                            
ffffffff  __binit__                                  
ffffffff  __c_args__                                 
000017dd  __kernel_cos                               
00000141  __kernel_rem_pio2                          
00001669  __kernel_sin                               
00001667  __mpu_init                                 
2000fe00  __stack                                    
0000275d  _args_main                                 
000024e9  _c_int00                                   
20000130  _lock                                      
000027bf  _nop                                       
000027b7  _register_lock                             
000027b1  _register_unlock                           
00001ccf  _system_post_cinit                         
00002835  _system_pre_init                           
20000134  _unlock                                    
00002541  abort                                      
0000142f  adc_isr                                    
00001fa5  bandstop                                   
2000010c  bandstop_buffer                            
ffffffff  binit                                      
000025dd  copy_in                                    
000027c5  copysign                                   
000027c5  copysignl                                  
20000144  errno                                      
00002549  exit                                       
00001fd3  filter                                     
00001dcd  floor                                      
00001dcd  floorl                                     
00000000  interruptVectors                           
00001cd1  ldexp                                      
00001cd1  ldexpl                                     
00001199  main                                       
20000148  main_func_sp                               
0000210d  memcpy                                     
000022bd  memset                                     
00001cd1  scalbn                                     
00001cd1  scalbnl                                    
00000881  sin                                        
00000881  sinl                                       
00001385  systick_isr                                
00002047  update_delay                               


GLOBAL SYMBOLS: SORTED BY Symbol Address 

address   name                                       
-------   ----                                       
00000000  __TI_static_base__                         
00000000  interruptVectors                           
00000141  __kernel_rem_pio2                          
00000200  __STACK_SIZE                               
00000881  sin                                        
00000881  sinl                                       
00000e51  SystemCoreClockUpdate                      
000010c5  SystemInit                                 
00001199  main                                       
00001385  systick_isr                                
0000142f  adc_isr                                    
000014b1  __aeabi_dsub                               
000014bb  __aeabi_dadd                               
00001667  __mpu_init                                 
00001669  __kernel_sin                               
000017dd  __kernel_cos                               
00001a9d  __aeabi_ddiv                               
00001bd3  __aeabi_dmul                               
00001ccf  _system_post_cinit                         
00001cd1  ldexp                                      
00001cd1  ldexpl                                     
00001cd1  scalbn                                     
00001cd1  scalbnl                                    
00001dcd  floor                                      
00001dcd  floorl                                     
00001ec5  CS_initClockSignal                         
00001fa5  bandstop                                   
00001fd3  filter                                     
00002047  update_delay                               
00002071  CS_startHFXTWithTimeout                    
0000210d  __aeabi_memcpy                             
0000210d  __aeabi_memcpy4                            
0000210d  __aeabi_memcpy8                            
0000210d  memcpy                                     
000021a9  __aeabi_cdcmpeq                            
000021a9  __aeabi_cdcmple                            
0000222f  __aeabi_cdrcmple                           
000022b5  __aeabi_memclr                             
000022b5  __aeabi_memclr4                            
000022b5  __aeabi_memclr8                            
000022b7  __aeabi_memset                             
000022b7  __aeabi_memset4                            
000022b7  __aeabi_memset8                            
000022bd  memset                                     
000023a1  __TI_auto_init                             
00002411  __aeabi_d2f                                
000024e9  _c_int00                                   
0000253d  C$$EXIT                                    
00002541  abort                                      
00002549  exit                                       
00002591  GPIO_setAsPeripheralModuleFunctionOutputPin
000025dd  copy_in                                    
00002629  GPIO_setAsPeripheralModuleFunctionInputPin 
00002671  __aeabi_d2iz                               
000026b9  __aeabi_f2d                                
000026f1  __aeabi_i2d                                
00002721  GPIO_setAsOutputPin                        
00002745  ADC14_getResult                            
0000275d  _args_main                                 
00002775  ADC14_setResolution                        
00002789  CS_setExternalClockSourceFrequency         
0000279d  FPU_setFlushToZeroMode                     
000027b1  _register_unlock                           
000027b7  _register_lock                             
000027bf  _nop                                       
000027c5  copysign                                   
000027c5  copysignl                                  
000027ed  SysCtl_disableNMISource                    
000027fd  SysCtl_enableNMISource                     
0000280d  __TI_decompress_none                       
0000281d  SysCtl_getNMISourceStatus                  
00002829  CS_startHFXT                               
0000282f  __TI_decompress_rle24                      
00002835  _system_pre_init                           
00002a84  __TI_Handler_Table_Base                    
00002a8c  __TI_CINIT_Base                            
00002a8c  __TI_Handler_Table_Limit                   
00002a9c  __TI_CINIT_Limit                           
20000100  __TI_cleanup_ptr                           
20000104  __TI_dtors_ptr                             
20000108  __TI_enable_exit_profile_output            
2000010c  bandstop_buffer                            
20000130  _lock                                      
20000134  _unlock                                    
20000144  errno                                      
20000148  main_func_sp                               
2000014c  SystemCoreClock                            
2000fe00  __stack                                    
20010000  __STACK_END                                
4000480c  WDTCTL_SYM                                 
ffffffff  __TI_pprof_out_hndl                        
ffffffff  __TI_prof_data_size                        
ffffffff  __TI_prof_data_start                       
ffffffff  __binit__                                  
ffffffff  __c_args__                                 
ffffffff  binit                                      
UNDEFED   SHT$$INIT_ARRAY$$Base                      
UNDEFED   SHT$$INIT_ARRAY$$Limit                     

[98 symbols]
