******************************************************************************
                  TI ARM Linker PC v5.2.4                      
******************************************************************************
>> Linked Thu Jul 16 18:51:33 2015

OUTPUT FILE NAME:   <MSP432_test_02.out>
ENTRY POINT SYMBOL: "_c_int00"  address: 000008ad


MEMORY CONFIGURATION

         name            origin    length      used     unused   attr    fill
----------------------  --------  ---------  --------  --------  ----  --------
  MAIN                  00000000   00040000  00000bec  0003f414  R  X
  INFO                  00200000   00004000  00000000  00004000  R  X
  SRAM_CODE             01000000   00010000  00000000  00010000  RW X
  SRAM_DATA             20000000   00010000  00000268  0000fd98  RW  


SEGMENT ALLOCATION MAP

run origin  load origin   length   init length attrs members
----------  ----------- ---------- ----------- ----- -------
00000000    00000000    00000bf0   00000bf0    r-x
  00000000    00000000    00000144   00000144    r-- .intvecs
  00000144    00000144    000009f0   000009f0    r-x .text
  00000b34    00000b34    00000070   00000070    r-- .const
  00000ba8    00000ba8    00000048   00000048    r-- .cinit
20000000    20000000    00000068   00000000    rw-
  20000000    20000000    00000060   00000000    rw- .data
  20000060    20000060    00000008   00000000    rw- .bss
2000fe00    2000fe00    00000200   00000000    rw-
  2000fe00    2000fe00    00000200   00000000    rw- .stack


SECTION ALLOCATION MAP

 output                                  attributes/
section   page    origin      length       input sections
--------  ----  ----------  ----------   ----------------
.intvecs   0    00000000    00000144     
                  00000000    00000144     msp432_startup_ccs.obj (.intvecs)

.text      0    00000144    000009f0     
                  00000144    00000334     Floating_Point.obj (.text)
                  00000478    000000e0     msp432p4xx_driverlib.lib : cs.o (.text:CS_initClockSignal)
                  00000558    0000009c     rtsv7M4_T_le_v4SPD16_eabi.lib : memcpy_t2.obj (.text)
                  000005f4    00000090     msp432p4xx_driverlib.lib : cs.o (.text:CS_startHFXTWithTimeout)
                  00000684    0000007a     rtsv7M4_T_le_v4SPD16_eabi.lib : memset_t2.obj (.text)
                  000006fe    00000002     --HOLE-- [fill = 0]
                  00000700    00000070     msp432p4xx_driverlib.lib : cs.o (.text:_CSGetHFXTFrequency)
                  00000770    0000006c     rtsv7M4_T_le_v4SPD16_eabi.lib : autoinit.obj (.text)
                  000007dc    0000006a                                   : copy_decompress_rle.obj (.text)
                  00000846    00000002     --HOLE-- [fill = 0]
                  00000848    00000064     msp432p4xx_driverlib.lib : interrupt.o (.text:Interrupt_enableInterrupt)
                  000008ac    00000050     rtsv7M4_T_le_v4SPD16_eabi.lib : boot.obj (.text)
                  000008fc    0000004c     msp432p4xx_driverlib.lib : gpio.o (.text:GPIO_setAsPeripheralModuleFunctionInputPin)
                  00000948    0000004c                              : gpio.o (.text:GPIO_setAsPeripheralModuleFunctionOutputPin)
                  00000994    0000004c     rtsv7M4_T_le_v4SPD16_eabi.lib : cpy_tbl.obj (.text)
                  000009e0    00000044                                   : exit.obj (.text)
                  00000a24    00000024     msp432p4xx_driverlib.lib : gpio.o (.text:GPIO_setAsOutputPin)
                  00000a48    00000020                              : adc14.o (.text:ADC14_enableInterrupt)
                  00000a68    00000018     rtsv7M4_T_le_v4SPD16_eabi.lib : args_main.obj (.text)
                  00000a80    00000014     msp432p4xx_driverlib.lib : adc14.o (.text:ADC14_setResolution)
                  00000a94    00000014                              : cs.o (.text:CS_setExternalClockSourceFrequency)
                  00000aa8    00000014                              : gpio.o (.text:GPIO_toggleOutputOnPin)
                  00000abc    00000014     rtsv7M4_T_le_v4SPD16_eabi.lib : _lock.obj (.text)
                  00000ad0    00000010     msp432p4xx_driverlib.lib : sysctl.o (.text:SysCtl_disableNMISource)
                  00000ae0    00000010                              : sysctl.o (.text:SysCtl_enableNMISource)
                  00000af0    0000000e     rtsv7M4_T_le_v4SPD16_eabi.lib : copy_decompress_none.obj (.text:decompress:none)
                  00000afe    00000002     --HOLE-- [fill = 0]
                  00000b00    0000000c     msp432p4xx_driverlib.lib : sysctl.o (.text:SysCtl_getNMISourceStatus)
                  00000b0c    0000000c     rtsv7M4_T_le_v4SPD16_eabi.lib : copy_zero_init.obj (.text:decompress:ZI)
                  00000b18    0000000c     msp432_startup_ccs.obj (.text)
                  00000b24    00000006     msp432p4xx_driverlib.lib : cs.o (.text:CS_startHFXT)
                  00000b2a    00000006     rtsv7M4_T_le_v4SPD16_eabi.lib : copy_decompress_rle.obj (.text:decompress:rle24)
                  00000b30    00000004                                   : pre_init.obj (.text)

.const     0    00000b34    00000070     
                  00000b34    00000040     msp432p4xx_driverlib.lib : interrupt.o (.const)
                  00000b74    00000030                              : gpio.o (.const:GPIO_PORT_TO_BASE)

.cinit     0    00000ba8    00000048     
                  00000ba8    00000022     (.cinit..data.load) [load image, compression = rle]
                  00000bca    00000002     --HOLE-- [fill = 0]
                  00000bcc    0000000c     (__TI_handler_table)
                  00000bd8    00000008     (.cinit..bss.load) [load image, compression = zero_init]
                  00000be0    00000010     (__TI_cinit_table)

.data      0    20000000    00000060     UNINITIALIZED
                  20000000    0000004c     Floating_Point.obj (.data)
                  2000004c    00000008     rtsv7M4_T_le_v4SPD16_eabi.lib : _lock.obj (.data)
                  20000054    00000008                                   : exit.obj (.data)
                  2000005c    00000004                                   : stkdepth_vars.obj (.data)

.bss       0    20000060    00000008     UNINITIALIZED
                  20000060    00000004     (.common:hfxtFreq)
                  20000064    00000004     (.common:lfxtFreq)

.TI.persistent 
*          0    20000000    00000000     UNINITIALIZED

.TI.noinit 
*          0    20000060    00000000     UNINITIALIZED

.stack     0    2000fe00    00000200     UNINITIALIZED
                  2000fe00    00000200     --HOLE--


LINKER GENERATED COPY TABLES

__TI_cinit_table @ 00000be0 records: 2, size/record: 8, table size: 16
	.data: load addr=00000ba8, load size=00000022 bytes, run addr=20000000, run size=00000060 bytes, compression=rle
	.bss: load addr=00000bd8, load size=00000008 bytes, run addr=20000060, run size=00000008 bytes, compression=zero_init


LINKER GENERATED HANDLER TABLE

__TI_handler_table @ 00000bcc records: 3, size/record: 4, table size: 12
	index: 0, handler: __TI_decompress_rle24
	index: 1, handler: __TI_decompress_none
	index: 2, handler: __TI_zero_init


GLOBAL SYMBOLS: SORTED ALPHABETICALLY BY Name 

address   name                                       
-------   ----                                       
00000a49  ADC14_enableInterrupt                      
00000a81  ADC14_setResolution                        
000009e1  C$$EXIT                                    
00000479  CS_initClockSignal                         
00000a95  CS_setExternalClockSourceFrequency         
00000b25  CS_startHFXT                               
000005f5  CS_startHFXTWithTimeout                    
00000a25  GPIO_setAsOutputPin                        
000008fd  GPIO_setAsPeripheralModuleFunctionInputPin 
00000949  GPIO_setAsPeripheralModuleFunctionOutputPin
00000aa9  GPIO_toggleOutputOnPin                     
00000849  Interrupt_enableInterrupt                  
UNDEFED   SHT$$INIT_ARRAY$$Base                      
UNDEFED   SHT$$INIT_ARRAY$$Limit                     
00000ad1  SysCtl_disableNMISource                    
00000ae1  SysCtl_enableNMISource                     
00000b01  SysCtl_getNMISourceStatus                  
4000480c  WDTCTL_SYM                                 
20010000  __STACK_END                                
00000200  __STACK_SIZE                               
00000be0  __TI_CINIT_Base                            
00000bf0  __TI_CINIT_Limit                           
00000bcc  __TI_Handler_Table_Base                    
00000bd8  __TI_Handler_Table_Limit                   
00000771  __TI_auto_init                             
20000054  __TI_cleanup_ptr                           
00000af1  __TI_decompress_none                       
00000b2b  __TI_decompress_rle24                      
20000058  __TI_dtors_ptr                             
00000000  __TI_static_base__                         
00000b0d  __TI_zero_init                             
00000685  __aeabi_memclr                             
00000685  __aeabi_memclr4                            
00000685  __aeabi_memclr8                            
00000559  __aeabi_memcpy                             
00000559  __aeabi_memcpy4                            
00000559  __aeabi_memcpy8                            
00000687  __aeabi_memset                             
00000687  __aeabi_memset4                            
00000687  __aeabi_memset8                            
ffffffff  __binit__                                  
ffffffff  __c_args__                                 
2000fe00  __stack                                    
00000a69  _args_main                                 
000008ad  _c_int00                                   
2000004c  _lock                                      
00000acb  _nop                                       
00000ac3  _register_lock                             
00000abd  _register_unlock                           
00000b31  _system_pre_init                           
20000050  _unlock                                    
000009e5  abort                                      
00000277  adc_isr                                    
ffffffff  binit                                      
00000995  copy_in                                    
000009ed  exit                                       
00000000  interruptVectors                           
00000145  main                                       
2000005c  main_func_sp                               
00000559  memcpy                                     
0000068d  memset                                     
0000025b  systick_isr                                


GLOBAL SYMBOLS: SORTED BY Symbol Address 

address   name                                       
-------   ----                                       
00000000  __TI_static_base__                         
00000000  interruptVectors                           
00000145  main                                       
00000200  __STACK_SIZE                               
0000025b  systick_isr                                
00000277  adc_isr                                    
00000479  CS_initClockSignal                         
00000559  __aeabi_memcpy                             
00000559  __aeabi_memcpy4                            
00000559  __aeabi_memcpy8                            
00000559  memcpy                                     
000005f5  CS_startHFXTWithTimeout                    
00000685  __aeabi_memclr                             
00000685  __aeabi_memclr4                            
00000685  __aeabi_memclr8                            
00000687  __aeabi_memset                             
00000687  __aeabi_memset4                            
00000687  __aeabi_memset8                            
0000068d  memset                                     
00000771  __TI_auto_init                             
00000849  Interrupt_enableInterrupt                  
000008ad  _c_int00                                   
000008fd  GPIO_setAsPeripheralModuleFunctionInputPin 
00000949  GPIO_setAsPeripheralModuleFunctionOutputPin
00000995  copy_in                                    
000009e1  C$$EXIT                                    
000009e5  abort                                      
000009ed  exit                                       
00000a25  GPIO_setAsOutputPin                        
00000a49  ADC14_enableInterrupt                      
00000a69  _args_main                                 
00000a81  ADC14_setResolution                        
00000a95  CS_setExternalClockSourceFrequency         
00000aa9  GPIO_toggleOutputOnPin                     
00000abd  _register_unlock                           
00000ac3  _register_lock                             
00000acb  _nop                                       
00000ad1  SysCtl_disableNMISource                    
00000ae1  SysCtl_enableNMISource                     
00000af1  __TI_decompress_none                       
00000b01  SysCtl_getNMISourceStatus                  
00000b0d  __TI_zero_init                             
00000b25  CS_startHFXT                               
00000b2b  __TI_decompress_rle24                      
00000b31  _system_pre_init                           
00000bcc  __TI_Handler_Table_Base                    
00000bd8  __TI_Handler_Table_Limit                   
00000be0  __TI_CINIT_Base                            
00000bf0  __TI_CINIT_Limit                           
2000004c  _lock                                      
20000050  _unlock                                    
20000054  __TI_cleanup_ptr                           
20000058  __TI_dtors_ptr                             
2000005c  main_func_sp                               
2000fe00  __stack                                    
20010000  __STACK_END                                
4000480c  WDTCTL_SYM                                 
ffffffff  __binit__                                  
ffffffff  __c_args__                                 
ffffffff  binit                                      
UNDEFED   SHT$$INIT_ARRAY$$Base                      
UNDEFED   SHT$$INIT_ARRAY$$Limit                     

[62 symbols]
