******************************************************************************
                  TI ARM Linker PC v5.2.4                      
******************************************************************************
>> Linked Fri Jul 31 15:30:03 2015

OUTPUT FILE NAME:   <MSP432_test_03.out>
ENTRY POINT SYMBOL: "_c_int00"  address: 00000869


MEMORY CONFIGURATION

         name            origin    length      used     unused   attr    fill
----------------------  --------  ---------  --------  --------  ----  --------
  MAIN                  00000000   00040000  00000b48  0003f4b8  R  X
  INFO                  00200000   00004000  00000000  00004000  R  X
  SRAM_CODE             01000000   00010000  00000000  00010000  RW X
  SRAM_DATA             20000000   00010000  00000268  0000fd98  RW  


SEGMENT ALLOCATION MAP

run origin  load origin   length   init length attrs members
----------  ----------- ---------- ----------- ----- -------
00000000    00000000    00000b48   00000b48    r-x
  00000000    00000000    00000144   00000144    r-- .intvecs
  00000144    00000144    0000098c   0000098c    r-x .text
  00000ad0    00000ad0    00000030   00000030    r-- .const
  00000b00    00000b00    00000048   00000048    r-- .cinit
20000000    20000000    00000068   00000000    rw-
  20000000    20000000    00000060   00000000    rw- .data
  20000060    20000060    00000008   00000000    rw- .bss
2000fe00    2000fe00    00000200   00000000    rw-
  2000fe00    2000fe00    00000200   00000000    rw- .stack


SECTION ALLOCATION MAP

 output                                  attributes/
section   page    origin      length       input sections
--------  ----  ----------  ----------   ----------------
.intvecs   0    00000000    00000144     
                  00000000    00000144     msp432_startup_ccs.obj (.intvecs)

.text      0    00000144    0000098c     
                  00000144    00000354     Floating_Point.obj (.text)
                  00000498    000000e0     msp432p4xx_driverlib.lib : cs.o (.text:CS_initClockSignal)
                  00000578    0000009c     rtsv7M4_T_le_v4SPD16_eabi.lib : memcpy_t2.obj (.text)
                  00000614    00000090     msp432p4xx_driverlib.lib : cs.o (.text:CS_startHFXTWithTimeout)
                  000006a4    0000007a     rtsv7M4_T_le_v4SPD16_eabi.lib : memset_t2.obj (.text)
                  0000071e    00000002     --HOLE-- [fill = 0]
                  00000720    00000070     msp432p4xx_driverlib.lib : cs.o (.text:_CSGetHFXTFrequency)
                  00000790    0000006c     rtsv7M4_T_le_v4SPD16_eabi.lib : autoinit.obj (.text)
                  000007fc    0000006a                                   : copy_decompress_rle.obj (.text)
                  00000866    00000002     --HOLE-- [fill = 0]
                  00000868    00000050                                   : boot.obj (.text)
                  000008b8    0000004c     msp432p4xx_driverlib.lib : gpio.o (.text:GPIO_setAsPeripheralModuleFunctionInputPin)
                  00000904    0000004c                              : gpio.o (.text:GPIO_setAsPeripheralModuleFunctionOutputPin)
                  00000950    0000004c     rtsv7M4_T_le_v4SPD16_eabi.lib : cpy_tbl.obj (.text)
                  0000099c    00000044                                   : exit.obj (.text)
                  000009e0    00000024     msp432p4xx_driverlib.lib : gpio.o (.text:GPIO_setAsOutputPin)
                  00000a04    00000018     rtsv7M4_T_le_v4SPD16_eabi.lib : args_main.obj (.text)
                  00000a1c    00000014     msp432p4xx_driverlib.lib : adc14.o (.text:ADC14_setResolution)
                  00000a30    00000014                              : cs.o (.text:CS_setExternalClockSourceFrequency)
                  00000a44    00000014                              : gpio.o (.text:GPIO_toggleOutputOnPin)
                  00000a58    00000014     rtsv7M4_T_le_v4SPD16_eabi.lib : _lock.obj (.text)
                  00000a6c    00000010     msp432p4xx_driverlib.lib : sysctl.o (.text:SysCtl_disableNMISource)
                  00000a7c    00000010                              : sysctl.o (.text:SysCtl_enableNMISource)
                  00000a8c    0000000e     rtsv7M4_T_le_v4SPD16_eabi.lib : copy_decompress_none.obj (.text:decompress:none)
                  00000a9a    00000002     --HOLE-- [fill = 0]
                  00000a9c    0000000c     msp432p4xx_driverlib.lib : sysctl.o (.text:SysCtl_getNMISourceStatus)
                  00000aa8    0000000c     rtsv7M4_T_le_v4SPD16_eabi.lib : copy_zero_init.obj (.text:decompress:ZI)
                  00000ab4    0000000c     msp432_startup_ccs.obj (.text)
                  00000ac0    00000006     msp432p4xx_driverlib.lib : cs.o (.text:CS_startHFXT)
                  00000ac6    00000006     rtsv7M4_T_le_v4SPD16_eabi.lib : copy_decompress_rle.obj (.text:decompress:rle24)
                  00000acc    00000004                                   : pre_init.obj (.text)

.const     0    00000ad0    00000030     
                  00000ad0    00000030     msp432p4xx_driverlib.lib : gpio.o (.const:GPIO_PORT_TO_BASE)

.cinit     0    00000b00    00000048     
                  00000b00    00000022     (.cinit..data.load) [load image, compression = rle]
                  00000b22    00000002     --HOLE-- [fill = 0]
                  00000b24    0000000c     (__TI_handler_table)
                  00000b30    00000008     (.cinit..bss.load) [load image, compression = zero_init]
                  00000b38    00000010     (__TI_cinit_table)

.data      0    20000000    00000060     UNINITIALIZED
                  20000000    0000004c     Floating_Point.obj (.data)
                  2000004c    00000008     rtsv7M4_T_le_v4SPD16_eabi.lib : _lock.obj (.data)
                  20000054    00000008                                   : exit.obj (.data)
                  2000005c    00000004                                   : stkdepth_vars.obj (.data)

.bss       0    20000060    00000008     UNINITIALIZED
                  20000060    00000004     (.common:hfxtFreq)
                  20000064    00000004     (.common:lfxtFreq)

.TI.persistent 
*          0    20000000    00000000     UNINITIALIZED

.TI.noinit 
*          0    20000060    00000000     UNINITIALIZED

.stack     0    2000fe00    00000200     UNINITIALIZED
                  2000fe00    00000200     --HOLE--


LINKER GENERATED COPY TABLES

__TI_cinit_table @ 00000b38 records: 2, size/record: 8, table size: 16
	.data: load addr=00000b00, load size=00000022 bytes, run addr=20000000, run size=00000060 bytes, compression=rle
	.bss: load addr=00000b30, load size=00000008 bytes, run addr=20000060, run size=00000008 bytes, compression=zero_init


LINKER GENERATED HANDLER TABLE

__TI_handler_table @ 00000b24 records: 3, size/record: 4, table size: 12
	index: 0, handler: __TI_decompress_rle24
	index: 1, handler: __TI_decompress_none
	index: 2, handler: __TI_zero_init


GLOBAL SYMBOLS: SORTED ALPHABETICALLY BY Name 

address   name                                       
-------   ----                                       
00000a1d  ADC14_setResolution                        
0000099d  C$$EXIT                                    
00000499  CS_initClockSignal                         
00000a31  CS_setExternalClockSourceFrequency         
00000ac1  CS_startHFXT                               
00000615  CS_startHFXTWithTimeout                    
000009e1  GPIO_setAsOutputPin                        
000008b9  GPIO_setAsPeripheralModuleFunctionInputPin 
00000905  GPIO_setAsPeripheralModuleFunctionOutputPin
00000a45  GPIO_toggleOutputOnPin                     
UNDEFED   SHT$$INIT_ARRAY$$Base                      
UNDEFED   SHT$$INIT_ARRAY$$Limit                     
00000a6d  SysCtl_disableNMISource                    
00000a7d  SysCtl_enableNMISource                     
00000a9d  SysCtl_getNMISourceStatus                  
4000480c  WDTCTL_SYM                                 
20010000  __STACK_END                                
00000200  __STACK_SIZE                               
00000b38  __TI_CINIT_Base                            
00000b48  __TI_CINIT_Limit                           
00000b24  __TI_Handler_Table_Base                    
00000b30  __TI_Handler_Table_Limit                   
00000791  __TI_auto_init                             
20000054  __TI_cleanup_ptr                           
00000a8d  __TI_decompress_none                       
00000ac7  __TI_decompress_rle24                      
20000058  __TI_dtors_ptr                             
00000000  __TI_static_base__                         
00000aa9  __TI_zero_init                             
000006a5  __aeabi_memclr                             
000006a5  __aeabi_memclr4                            
000006a5  __aeabi_memclr8                            
00000579  __aeabi_memcpy                             
00000579  __aeabi_memcpy4                            
00000579  __aeabi_memcpy8                            
000006a7  __aeabi_memset                             
000006a7  __aeabi_memset4                            
000006a7  __aeabi_memset8                            
ffffffff  __binit__                                  
ffffffff  __c_args__                                 
2000fe00  __stack                                    
00000a05  _args_main                                 
00000869  _c_int00                                   
2000004c  _lock                                      
00000a67  _nop                                       
00000a5f  _register_lock                             
00000a59  _register_unlock                           
00000acd  _system_pre_init                           
20000050  _unlock                                    
000009a1  abort                                      
00000413  adc_isr                                    
ffffffff  binit                                      
00000951  copy_in                                    
000009a9  exit                                       
00000000  interruptVectors                           
00000145  main                                       
2000005c  main_func_sp                               
00000579  memcpy                                     
000006ad  memset                                     
0000024d  systick_isr                                


GLOBAL SYMBOLS: SORTED BY Symbol Address 

address   name                                       
-------   ----                                       
00000000  __TI_static_base__                         
00000000  interruptVectors                           
00000145  main                                       
00000200  __STACK_SIZE                               
0000024d  systick_isr                                
00000413  adc_isr                                    
00000499  CS_initClockSignal                         
00000579  __aeabi_memcpy                             
00000579  __aeabi_memcpy4                            
00000579  __aeabi_memcpy8                            
00000579  memcpy                                     
00000615  CS_startHFXTWithTimeout                    
000006a5  __aeabi_memclr                             
000006a5  __aeabi_memclr4                            
000006a5  __aeabi_memclr8                            
000006a7  __aeabi_memset                             
000006a7  __aeabi_memset4                            
000006a7  __aeabi_memset8                            
000006ad  memset                                     
00000791  __TI_auto_init                             
00000869  _c_int00                                   
000008b9  GPIO_setAsPeripheralModuleFunctionInputPin 
00000905  GPIO_setAsPeripheralModuleFunctionOutputPin
00000951  copy_in                                    
0000099d  C$$EXIT                                    
000009a1  abort                                      
000009a9  exit                                       
000009e1  GPIO_setAsOutputPin                        
00000a05  _args_main                                 
00000a1d  ADC14_setResolution                        
00000a31  CS_setExternalClockSourceFrequency         
00000a45  GPIO_toggleOutputOnPin                     
00000a59  _register_unlock                           
00000a5f  _register_lock                             
00000a67  _nop                                       
00000a6d  SysCtl_disableNMISource                    
00000a7d  SysCtl_enableNMISource                     
00000a8d  __TI_decompress_none                       
00000a9d  SysCtl_getNMISourceStatus                  
00000aa9  __TI_zero_init                             
00000ac1  CS_startHFXT                               
00000ac7  __TI_decompress_rle24                      
00000acd  _system_pre_init                           
00000b24  __TI_Handler_Table_Base                    
00000b30  __TI_Handler_Table_Limit                   
00000b38  __TI_CINIT_Base                            
00000b48  __TI_CINIT_Limit                           
2000004c  _lock                                      
20000050  _unlock                                    
20000054  __TI_cleanup_ptr                           
20000058  __TI_dtors_ptr                             
2000005c  main_func_sp                               
2000fe00  __stack                                    
20010000  __STACK_END                                
4000480c  WDTCTL_SYM                                 
ffffffff  __binit__                                  
ffffffff  __c_args__                                 
ffffffff  binit                                      
UNDEFED   SHT$$INIT_ARRAY$$Base                      
UNDEFED   SHT$$INIT_ARRAY$$Limit                     

[60 symbols]
