******************************************************************************
                  TI ARM Linker PC v5.2.4                      
******************************************************************************
>> Linked Thu Nov 19 11:50:38 2015

OUTPUT FILE NAME:   <MSP432_Descrambling_02.out>
ENTRY POINT SYMBOL: "_c_int00"  address: 000013a5


MEMORY CONFIGURATION

         name            origin    length      used     unused   attr    fill
----------------------  --------  ---------  --------  --------  ----  --------
  MAIN                  00000000   00040000  00001908  0003e6f8  R  X
  INFO                  00200000   00004000  00000000  00004000  R  X
  SRAM_CODE             01000000   00010000  00000000  00010000  RW X
  SRAM_DATA             20000000   00010000  00000474  0000fb8c  RW  


SEGMENT ALLOCATION MAP

run origin  load origin   length   init length attrs members
----------  ----------- ---------- ----------- ----- -------
00000000    00000000    00001908   00001908    r-x
  00000000    00000000    00000144   00000144    r-- .intvecs
  00000144    00000144    0000169c   0000169c    r-x .text
  000017e0    000017e0    000000b0   000000b0    r-- .const
  00001890    00001890    00000078   00000078    r-- .cinit
20000000    20000000    00000274   00000000    rw-
  20000000    20000000    000001a4   00000000    rw- .data
  200001a4    200001a4    000000d0   00000000    rw- .bss
2000fe00    2000fe00    00000200   00000000    rw-
  2000fe00    2000fe00    00000200   00000000    rw- .stack


SECTION ALLOCATION MAP

 output                                  attributes/
section   page    origin      length       input sections
--------  ----  ----------  ----------   ----------------
.intvecs   0    00000000    00000144     
                  00000000    00000144     msp432_startup_ccs.obj (.intvecs)

.text      0    00000144    0000169c     
                  00000144    00000448     main.obj (.text)
                  0000058c    00000294     rtsv7M4_T_le_v4SPD16_eabi.lib : xsin.obj (.text)
                  00000820    000001b6                                   : fd_add_t2.obj (.text)
                  000009d6    00000002     --HOLE-- [fill = 0]
                  000009d8    00000174                                   : fmod.obj (.text)
                  00000b4c    00000136                                   : fd_div_t2.obj (.text)
                  00000c82    00000002     --HOLE-- [fill = 0]
                  00000c84    00000110                                   : xdscale.obj (.text)
                  00000d94    000000fc                                   : fd_mul_t2.obj (.text)
                  00000e90    000000e0     msp432p4xx_driverlib.lib : cs.o (.text:CS_initClockSignal)
                  00000f70    000000be     rtsv7M4_T_le_v4SPD16_eabi.lib : xdnorm.obj (.text)
                  0000102e    0000009c                                   : memcpy_t2.obj (.text)
                  000010ca    00000002     --HOLE-- [fill = 0]
                  000010cc    00000090     msp432p4xx_driverlib.lib : cs.o (.text:CS_startHFXTWithTimeout)
                  0000115c    00000086     rtsv7M4_T_le_v4SPD16_eabi.lib : fd_cmp_t2.obj (.text:__aeabi_cdcmple)
                  000011e2    0000007a                                   : memset_t2.obj (.text)
                  0000125c    00000070     msp432p4xx_driverlib.lib : cs.o (.text:_CSGetHFXTFrequency)
                  000012cc    0000006c     rtsv7M4_T_le_v4SPD16_eabi.lib : autoinit.obj (.text)
                  00001338    0000006a                                   : copy_decompress_rle.obj (.text)
                  000013a2    00000002     --HOLE-- [fill = 0]
                  000013a4    00000050                                   : boot.obj (.text)
                  000013f4    0000004c     msp432p4xx_driverlib.lib : gpio.o (.text:GPIO_setAsPeripheralModuleFunctionInputPin)
                  00001440    0000004c                              : gpio.o (.text:GPIO_setAsPeripheralModuleFunctionOutputPin)
                  0000148c    0000004c     rtsv7M4_T_le_v4SPD16_eabi.lib : cpy_tbl.obj (.text)
                  000014d8    0000004a                                   : fd_tos_t2.obj (.text)
                  00001522    00000048                                   : fd_toi_t2.obj (.text)
                  0000156a    00000002     --HOLE-- [fill = 0]
                  0000156c    00000044                                   : exit.obj (.text)
                  000015b0    00000040                                   : signal.obj (.text)
                  000015f0    00000038                                   : fs_tod_t2.obj (.text)
                  00001628    00000034                                   : feraiseexcept.obj (.text)
                  0000165c    00000030                                   : xferaise.obj (.text)
                  0000168c    0000002e                                   : i_tofd_t2.obj (.text)
                  000016ba    0000002e                                   : raise.obj (.text)
                  000016e8    00000024     msp432p4xx_driverlib.lib : gpio.o (.text:GPIO_setAsOutputPin)
                  0000170c    0000001a     rtsv7M4_T_le_v4SPD16_eabi.lib : sin.obj (.text)
                  00001726    00000002     --HOLE-- [fill = 0]
                  00001728    00000018                                   : args_main.obj (.text)
                  00001740    00000014     msp432p4xx_driverlib.lib : adc14.o (.text:ADC14_setResolution)
                  00001754    00000014                              : cs.o (.text:CS_setExternalClockSourceFrequency)
                  00001768    00000014     rtsv7M4_T_le_v4SPD16_eabi.lib : _lock.obj (.text)
                  0000177c    00000010     msp432p4xx_driverlib.lib : sysctl.o (.text:SysCtl_disableNMISource)
                  0000178c    00000010                              : sysctl.o (.text:SysCtl_enableNMISource)
                  0000179c    0000000e     rtsv7M4_T_le_v4SPD16_eabi.lib : copy_decompress_none.obj (.text:decompress:none)
                  000017aa    00000002     --HOLE-- [fill = 0]
                  000017ac    0000000c     msp432p4xx_driverlib.lib : sysctl.o (.text:SysCtl_getNMISourceStatus)
                  000017b8    0000000c     rtsv7M4_T_le_v4SPD16_eabi.lib : copy_zero_init.obj (.text:decompress:ZI)
                  000017c4    0000000c     msp432_startup_ccs.obj (.text)
                  000017d0    00000006     msp432p4xx_driverlib.lib : cs.o (.text:CS_startHFXT)
                  000017d6    00000006     rtsv7M4_T_le_v4SPD16_eabi.lib : copy_decompress_rle.obj (.text:decompress:rle24)
                  000017dc    00000004                                   : pre_init.obj (.text)

.const     0    000017e0    000000b0     
                  000017e0    00000080     rtsv7M4_T_le_v4SPD16_eabi.lib : xsin.obj (.const)
                  00001860    00000030     msp432p4xx_driverlib.lib : gpio.o (.const:GPIO_PORT_TO_BASE)

.cinit     0    00001890    00000078     
                  00001890    00000051     (.cinit..data.load) [load image, compression = rle]
                  000018e1    00000003     --HOLE-- [fill = 0]
                  000018e4    0000000c     (__TI_handler_table)
                  000018f0    00000008     (.cinit..bss.load) [load image, compression = zero_init]
                  000018f8    00000010     (__TI_cinit_table)

.data      0    20000000    000001a4     UNINITIALIZED
                  20000000    000000b0     rtsv7M4_T_le_v4SPD16_eabi.lib : signal.obj (.data:sigtable)
                  200000b0    00000080                                   : xvalues.obj (.data)
                  20000130    00000054     main.obj (.data)
                  20000184    00000008     rtsv7M4_T_le_v4SPD16_eabi.lib : _lock.obj (.data)
                  2000018c    00000008                                   : exit.obj (.data)
                  20000194    00000008                                   : feraiseexcept.obj (.data)
                  2000019c    00000004                                   : errno.obj (.data)
                  200001a0    00000004                                   : stkdepth_vars.obj (.data)

.bss       0    200001a4    000000d0     UNINITIALIZED
                  200001a4    000000c8     main.obj (.bss:sin_value)
                  2000026c    00000004     (.common:hfxtFreq)
                  20000270    00000004     (.common:lfxtFreq)

.TI.persistent 
*          0    20000000    00000000     UNINITIALIZED

.TI.noinit 
*          0    200001a4    00000000     UNINITIALIZED

.stack     0    2000fe00    00000200     UNINITIALIZED
                  2000fe00    00000200     --HOLE--


LINKER GENERATED COPY TABLES

__TI_cinit_table @ 000018f8 records: 2, size/record: 8, table size: 16
	.data: load addr=00001890, load size=00000051 bytes, run addr=20000000, run size=000001a4 bytes, compression=rle
	.bss: load addr=000018f0, load size=00000008 bytes, run addr=200001a4, run size=000000d0 bytes, compression=zero_init


LINKER GENERATED HANDLER TABLE

__TI_handler_table @ 000018e4 records: 3, size/record: 4, table size: 12
	index: 0, handler: __TI_decompress_rle24
	index: 1, handler: __TI_decompress_none
	index: 2, handler: __TI_zero_init


GLOBAL SYMBOLS: SORTED ALPHABETICALLY BY Name 

address   name                                       
-------   ----                                       
00001741  ADC14_setResolution                        
0000156d  C$$EXIT                                    
00000e91  CS_initClockSignal                         
00001755  CS_setExternalClockSourceFrequency         
000017d1  CS_startHFXT                               
000010cd  CS_startHFXTWithTimeout                    
000016e9  GPIO_setAsOutputPin                        
000013f5  GPIO_setAsPeripheralModuleFunctionInputPin 
00001441  GPIO_setAsPeripheralModuleFunctionOutputPin
UNDEFED   SHT$$INIT_ARRAY$$Base                      
UNDEFED   SHT$$INIT_ARRAY$$Limit                     
0000177d  SysCtl_disableNMISource                    
0000178d  SysCtl_enableNMISource                     
000017ad  SysCtl_getNMISourceStatus                  
4000480c  WDTCTL_SYM                                 
200000b0  _Denorm                                    
00000f71  _Dnorm                                     
00000c85  _Dscale                                    
200000c0  _Eps                                       
2000019c  _Errno                                     
20000194  _Fenv                                      
0000165d  _Feraise                                   
200000d0  _Hugeval                                   
200000e0  _Inf                                       
200000f0  _Nan                                       
20000110  _Rteps                                     
0000058d  _Sin                                       
20000100  _Snan                                      
20000198  _Tls_setup__Fenv                           
20000120  _Xbig                                      
20000128  _Zero                                      
20010000  __STACK_END                                
00000200  __STACK_SIZE                               
000018f8  __TI_CINIT_Base                            
00001908  __TI_CINIT_Limit                           
000018e4  __TI_Handler_Table_Base                    
000018f0  __TI_Handler_Table_Limit                   
000012cd  __TI_auto_init                             
2000018c  __TI_cleanup_ptr                           
0000179d  __TI_decompress_none                       
000017d7  __TI_decompress_rle24                      
20000190  __TI_dtors_ptr                             
00000000  __TI_static_base__                         
000017b9  __TI_zero_init                             
0000115d  __aeabi_cdcmpeq                            
0000115d  __aeabi_cdcmple                            
000014d9  __aeabi_d2f                                
00001523  __aeabi_d2iz                               
0000082b  __aeabi_dadd                               
00000b4d  __aeabi_ddiv                               
00000d95  __aeabi_dmul                               
00000821  __aeabi_dsub                               
000015f1  __aeabi_f2d                                
0000168d  __aeabi_i2d                                
000011e3  __aeabi_memclr                             
000011e3  __aeabi_memclr4                            
000011e3  __aeabi_memclr8                            
0000102f  __aeabi_memcpy                             
0000102f  __aeabi_memcpy4                            
0000102f  __aeabi_memcpy8                            
000011e5  __aeabi_memset                             
000011e5  __aeabi_memset4                            
000011e5  __aeabi_memset8                            
ffffffff  __binit__                                  
ffffffff  __c_args__                                 
2000fe00  __stack                                    
00001729  _args_main                                 
000013a5  _c_int00                                   
20000184  _lock                                      
00001777  _nop                                       
0000176f  _register_lock                             
00001769  _register_unlock                           
000017dd  _system_pre_init                           
20000188  _unlock                                    
00001571  abort                                      
000004f9  adc_isr                                    
ffffffff  binit                                      
0000148d  copy_in                                    
00001579  exit                                       
00001629  feraiseexcept                              
000009d9  fmod                                       
00000000  interruptVectors                           
00000145  main                                       
200001a0  main_func_sp                               
0000102f  memcpy                                     
000011eb  memset                                     
000016bb  raise                                      
000015b1  signal                                     
0000170d  sin                                        
200001a4  sin_value                                  
000002e9  systick_isr                                


GLOBAL SYMBOLS: SORTED BY Symbol Address 

address   name                                       
-------   ----                                       
00000000  __TI_static_base__                         
00000000  interruptVectors                           
00000145  main                                       
00000200  __STACK_SIZE                               
000002e9  systick_isr                                
000004f9  adc_isr                                    
0000058d  _Sin                                       
00000821  __aeabi_dsub                               
0000082b  __aeabi_dadd                               
000009d9  fmod                                       
00000b4d  __aeabi_ddiv                               
00000c85  _Dscale                                    
00000d95  __aeabi_dmul                               
00000e91  CS_initClockSignal                         
00000f71  _Dnorm                                     
0000102f  __aeabi_memcpy                             
0000102f  __aeabi_memcpy4                            
0000102f  __aeabi_memcpy8                            
0000102f  memcpy                                     
000010cd  CS_startHFXTWithTimeout                    
0000115d  __aeabi_cdcmpeq                            
0000115d  __aeabi_cdcmple                            
000011e3  __aeabi_memclr                             
000011e3  __aeabi_memclr4                            
000011e3  __aeabi_memclr8                            
000011e5  __aeabi_memset                             
000011e5  __aeabi_memset4                            
000011e5  __aeabi_memset8                            
000011eb  memset                                     
000012cd  __TI_auto_init                             
000013a5  _c_int00                                   
000013f5  GPIO_setAsPeripheralModuleFunctionInputPin 
00001441  GPIO_setAsPeripheralModuleFunctionOutputPin
0000148d  copy_in                                    
000014d9  __aeabi_d2f                                
00001523  __aeabi_d2iz                               
0000156d  C$$EXIT                                    
00001571  abort                                      
00001579  exit                                       
000015b1  signal                                     
000015f1  __aeabi_f2d                                
00001629  feraiseexcept                              
0000165d  _Feraise                                   
0000168d  __aeabi_i2d                                
000016bb  raise                                      
000016e9  GPIO_setAsOutputPin                        
0000170d  sin                                        
00001729  _args_main                                 
00001741  ADC14_setResolution                        
00001755  CS_setExternalClockSourceFrequency         
00001769  _register_unlock                           
0000176f  _register_lock                             
00001777  _nop                                       
0000177d  SysCtl_disableNMISource                    
0000178d  SysCtl_enableNMISource                     
0000179d  __TI_decompress_none                       
000017ad  SysCtl_getNMISourceStatus                  
000017b9  __TI_zero_init                             
000017d1  CS_startHFXT                               
000017d7  __TI_decompress_rle24                      
000017dd  _system_pre_init                           
000018e4  __TI_Handler_Table_Base                    
000018f0  __TI_Handler_Table_Limit                   
000018f8  __TI_CINIT_Base                            
00001908  __TI_CINIT_Limit                           
200000b0  _Denorm                                    
200000c0  _Eps                                       
200000d0  _Hugeval                                   
200000e0  _Inf                                       
200000f0  _Nan                                       
20000100  _Snan                                      
20000110  _Rteps                                     
20000120  _Xbig                                      
20000128  _Zero                                      
20000184  _lock                                      
20000188  _unlock                                    
2000018c  __TI_cleanup_ptr                           
20000190  __TI_dtors_ptr                             
20000194  _Fenv                                      
20000198  _Tls_setup__Fenv                           
2000019c  _Errno                                     
200001a0  main_func_sp                               
200001a4  sin_value                                  
2000fe00  __stack                                    
20010000  __STACK_END                                
4000480c  WDTCTL_SYM                                 
ffffffff  __binit__                                  
ffffffff  __c_args__                                 
ffffffff  binit                                      
UNDEFED   SHT$$INIT_ARRAY$$Base                      
UNDEFED   SHT$$INIT_ARRAY$$Limit                     

[91 symbols]
