<?xml version="1.0"?>
<link_info>
   <banner>TI ARM Linker PC v5.2.4</banner>
   <copyright>Copyright (c) 1996-2015 Texas Instruments Incorporated</copyright>
   <link_time>0x564db78e</link_time>
   <link_errors>0x0</link_errors>
   <output_file>MSP432_Descrambling_02.out</output_file>
   <entry_point>
      <name>_c_int00</name>
      <address>0x13a5</address>
   </entry_point>
   <input_file_list>
      <input_file id="fl-2">
         <path>.\</path>
         <kind>object</kind>
         <file>main.obj</file>
         <name>main.obj</name>
      </input_file>
      <input_file id="fl-3">
         <path>.\</path>
         <kind>object</kind>
         <file>msp432_startup_ccs.obj</file>
         <name>msp432_startup_ccs.obj</name>
      </input_file>
      <input_file id="fl-9">
         <path>..\</path>
         <kind>archive</kind>
         <file>msp432p4xx_driverlib.lib</file>
         <name>adc14.o</name>
      </input_file>
      <input_file id="fl-a">
         <path>..\</path>
         <kind>archive</kind>
         <file>msp432p4xx_driverlib.lib</file>
         <name>cs.o</name>
      </input_file>
      <input_file id="fl-b">
         <path>..\</path>
         <kind>archive</kind>
         <file>msp432p4xx_driverlib.lib</file>
         <name>gpio.o</name>
      </input_file>
      <input_file id="fl-c">
         <path>..\</path>
         <kind>archive</kind>
         <file>msp432p4xx_driverlib.lib</file>
         <name>interrupt.o</name>
      </input_file>
      <input_file id="fl-d">
         <path>..\</path>
         <kind>archive</kind>
         <file>msp432p4xx_driverlib.lib</file>
         <name>sysctl.o</name>
      </input_file>
      <input_file id="fl-e">
         <path>..\</path>
         <kind>archive</kind>
         <file>msp432p4xx_driverlib.lib</file>
         <name>cpu.o</name>
      </input_file>
      <input_file id="fl-130">
         <path>C:\ti\ccsv6\tools\compiler\ti-cgt-arm_5.2.4\lib\</path>
         <kind>archive</kind>
         <file>rtsv7M4_T_le_v4SPD16_eabi.lib</file>
         <name>boot.obj</name>
      </input_file>
      <input_file id="fl-131">
         <path>C:\ti\ccsv6\tools\compiler\ti-cgt-arm_5.2.4\lib\</path>
         <kind>archive</kind>
         <file>rtsv7M4_T_le_v4SPD16_eabi.lib</file>
         <name>copy_decompress_none.obj</name>
      </input_file>
      <input_file id="fl-132">
         <path>C:\ti\ccsv6\tools\compiler\ti-cgt-arm_5.2.4\lib\</path>
         <kind>archive</kind>
         <file>rtsv7M4_T_le_v4SPD16_eabi.lib</file>
         <name>copy_decompress_rle.obj</name>
      </input_file>
      <input_file id="fl-133">
         <path>C:\ti\ccsv6\tools\compiler\ti-cgt-arm_5.2.4\lib\</path>
         <kind>archive</kind>
         <file>rtsv7M4_T_le_v4SPD16_eabi.lib</file>
         <name>copy_zero_init.obj</name>
      </input_file>
      <input_file id="fl-134">
         <path>C:\ti\ccsv6\tools\compiler\ti-cgt-arm_5.2.4\lib\</path>
         <kind>archive</kind>
         <file>rtsv7M4_T_le_v4SPD16_eabi.lib</file>
         <name>exit.obj</name>
      </input_file>
      <input_file id="fl-135">
         <path>C:\ti\ccsv6\tools\compiler\ti-cgt-arm_5.2.4\lib\</path>
         <kind>archive</kind>
         <file>rtsv7M4_T_le_v4SPD16_eabi.lib</file>
         <name>fd_div_t2.obj</name>
      </input_file>
      <input_file id="fl-136">
         <path>C:\ti\ccsv6\tools\compiler\ti-cgt-arm_5.2.4\lib\</path>
         <kind>archive</kind>
         <file>rtsv7M4_T_le_v4SPD16_eabi.lib</file>
         <name>fd_mul_t2.obj</name>
      </input_file>
      <input_file id="fl-137">
         <path>C:\ti\ccsv6\tools\compiler\ti-cgt-arm_5.2.4\lib\</path>
         <kind>archive</kind>
         <file>rtsv7M4_T_le_v4SPD16_eabi.lib</file>
         <name>fd_tos_t2.obj</name>
      </input_file>
      <input_file id="fl-138">
         <path>C:\ti\ccsv6\tools\compiler\ti-cgt-arm_5.2.4\lib\</path>
         <kind>archive</kind>
         <file>rtsv7M4_T_le_v4SPD16_eabi.lib</file>
         <name>fs_tod_t2.obj</name>
      </input_file>
      <input_file id="fl-139">
         <path>C:\ti\ccsv6\tools\compiler\ti-cgt-arm_5.2.4\lib\</path>
         <kind>archive</kind>
         <file>rtsv7M4_T_le_v4SPD16_eabi.lib</file>
         <name>memcpy_t2.obj</name>
      </input_file>
      <input_file id="fl-13a">
         <path>C:\ti\ccsv6\tools\compiler\ti-cgt-arm_5.2.4\lib\</path>
         <kind>archive</kind>
         <file>rtsv7M4_T_le_v4SPD16_eabi.lib</file>
         <name>memset_t2.obj</name>
      </input_file>
      <input_file id="fl-13b">
         <path>C:\ti\ccsv6\tools\compiler\ti-cgt-arm_5.2.4\lib\</path>
         <kind>archive</kind>
         <file>rtsv7M4_T_le_v4SPD16_eabi.lib</file>
         <name>pre_init.obj</name>
      </input_file>
      <input_file id="fl-13c">
         <path>C:\ti\ccsv6\tools\compiler\ti-cgt-arm_5.2.4\lib\</path>
         <kind>archive</kind>
         <file>rtsv7M4_T_le_v4SPD16_eabi.lib</file>
         <name>sin.obj</name>
      </input_file>
      <input_file id="fl-13d">
         <path>C:\ti\ccsv6\tools\compiler\ti-cgt-arm_5.2.4\lib\</path>
         <kind>archive</kind>
         <file>rtsv7M4_T_le_v4SPD16_eabi.lib</file>
         <name>stkdepth_vars.obj</name>
      </input_file>
      <input_file id="fl-13e">
         <path>C:\ti\ccsv6\tools\compiler\ti-cgt-arm_5.2.4\lib\</path>
         <kind>archive</kind>
         <file>rtsv7M4_T_le_v4SPD16_eabi.lib</file>
         <name>xsin.obj</name>
      </input_file>
      <input_file id="fl-13f">
         <path>C:\ti\ccsv6\tools\compiler\ti-cgt-arm_5.2.4\lib\</path>
         <kind>archive</kind>
         <file>rtsv7M4_T_le_v4SPD16_eabi.lib</file>
         <name>xvalues.obj</name>
      </input_file>
      <input_file id="fl-140">
         <path>C:\ti\ccsv6\tools\compiler\ti-cgt-arm_5.2.4\lib\</path>
         <kind>archive</kind>
         <file>rtsv7M4_T_le_v4SPD16_eabi.lib</file>
         <name>_lock.obj</name>
      </input_file>
      <input_file id="fl-141">
         <path>C:\ti\ccsv6\tools\compiler\ti-cgt-arm_5.2.4\lib\</path>
         <kind>archive</kind>
         <file>rtsv7M4_T_le_v4SPD16_eabi.lib</file>
         <name>args_main.obj</name>
      </input_file>
      <input_file id="fl-142">
         <path>C:\ti\ccsv6\tools\compiler\ti-cgt-arm_5.2.4\lib\</path>
         <kind>archive</kind>
         <file>rtsv7M4_T_le_v4SPD16_eabi.lib</file>
         <name>autoinit.obj</name>
      </input_file>
      <input_file id="fl-143">
         <path>C:\ti\ccsv6\tools\compiler\ti-cgt-arm_5.2.4\lib\</path>
         <kind>archive</kind>
         <file>rtsv7M4_T_le_v4SPD16_eabi.lib</file>
         <name>cpy_tbl.obj</name>
      </input_file>
      <input_file id="fl-144">
         <path>C:\ti\ccsv6\tools\compiler\ti-cgt-arm_5.2.4\lib\</path>
         <kind>archive</kind>
         <file>rtsv7M4_T_le_v4SPD16_eabi.lib</file>
         <name>fd_add_t2.obj</name>
      </input_file>
      <input_file id="fl-145">
         <path>C:\ti\ccsv6\tools\compiler\ti-cgt-arm_5.2.4\lib\</path>
         <kind>archive</kind>
         <file>rtsv7M4_T_le_v4SPD16_eabi.lib</file>
         <name>fd_cmp_t2.obj</name>
      </input_file>
      <input_file id="fl-146">
         <path>C:\ti\ccsv6\tools\compiler\ti-cgt-arm_5.2.4\lib\</path>
         <kind>archive</kind>
         <file>rtsv7M4_T_le_v4SPD16_eabi.lib</file>
         <name>fd_toi_t2.obj</name>
      </input_file>
      <input_file id="fl-147">
         <path>C:\ti\ccsv6\tools\compiler\ti-cgt-arm_5.2.4\lib\</path>
         <kind>archive</kind>
         <file>rtsv7M4_T_le_v4SPD16_eabi.lib</file>
         <name>fmod.obj</name>
      </input_file>
      <input_file id="fl-148">
         <path>C:\ti\ccsv6\tools\compiler\ti-cgt-arm_5.2.4\lib\</path>
         <kind>archive</kind>
         <file>rtsv7M4_T_le_v4SPD16_eabi.lib</file>
         <name>i_tofd_t2.obj</name>
      </input_file>
      <input_file id="fl-149">
         <path>C:\ti\ccsv6\tools\compiler\ti-cgt-arm_5.2.4\lib\</path>
         <kind>archive</kind>
         <file>rtsv7M4_T_le_v4SPD16_eabi.lib</file>
         <name>xdnorm.obj</name>
      </input_file>
      <input_file id="fl-14a">
         <path>C:\ti\ccsv6\tools\compiler\ti-cgt-arm_5.2.4\lib\</path>
         <kind>archive</kind>
         <file>rtsv7M4_T_le_v4SPD16_eabi.lib</file>
         <name>xdscale.obj</name>
      </input_file>
      <input_file id="fl-14b">
         <path>C:\ti\ccsv6\tools\compiler\ti-cgt-arm_5.2.4\lib\</path>
         <kind>archive</kind>
         <file>rtsv7M4_T_le_v4SPD16_eabi.lib</file>
         <name>xferaise.obj</name>
      </input_file>
      <input_file id="fl-14c">
         <path>C:\ti\ccsv6\tools\compiler\ti-cgt-arm_5.2.4\lib\</path>
         <kind>archive</kind>
         <file>rtsv7M4_T_le_v4SPD16_eabi.lib</file>
         <name>errno.obj</name>
      </input_file>
      <input_file id="fl-14d">
         <path>C:\ti\ccsv6\tools\compiler\ti-cgt-arm_5.2.4\lib\</path>
         <kind>archive</kind>
         <file>rtsv7M4_T_le_v4SPD16_eabi.lib</file>
         <name>feraiseexcept.obj</name>
      </input_file>
      <input_file id="fl-14e">
         <path>C:\ti\ccsv6\tools\compiler\ti-cgt-arm_5.2.4\lib\</path>
         <kind>archive</kind>
         <file>rtsv7M4_T_le_v4SPD16_eabi.lib</file>
         <name>raise.obj</name>
      </input_file>
      <input_file id="fl-14f">
         <path>C:\ti\ccsv6\tools\compiler\ti-cgt-arm_5.2.4\lib\</path>
         <kind>archive</kind>
         <file>rtsv7M4_T_le_v4SPD16_eabi.lib</file>
         <name>signal.obj</name>
      </input_file>
   </input_file_list>
   <object_component_list>
      <object_component id="oc-10">
         <name>.intvecs</name>
         <load_address>0x0</load_address>
         <run_address>0x0</run_address>
         <size>0x144</size>
         <input_file_ref idref="fl-3"/>
      </object_component>
      <object_component id="oc-31">
         <name>.text</name>
         <load_address>0x144</load_address>
         <run_address>0x144</run_address>
         <size>0x448</size>
         <input_file_ref idref="fl-2"/>
      </object_component>
      <object_component id="oc-102">
         <name>.text</name>
         <load_address>0x58c</load_address>
         <run_address>0x58c</run_address>
         <size>0x294</size>
         <input_file_ref idref="fl-13e"/>
      </object_component>
      <object_component id="oc-158">
         <name>.text</name>
         <load_address>0x820</load_address>
         <run_address>0x820</run_address>
         <size>0x1b6</size>
         <input_file_ref idref="fl-144"/>
      </object_component>
      <object_component id="oc-152">
         <name>.text</name>
         <load_address>0x9d8</load_address>
         <run_address>0x9d8</run_address>
         <size>0x174</size>
         <input_file_ref idref="fl-147"/>
      </object_component>
      <object_component id="oc-8c">
         <name>.text</name>
         <load_address>0xb4c</load_address>
         <run_address>0xb4c</run_address>
         <size>0x136</size>
         <input_file_ref idref="fl-135"/>
      </object_component>
      <object_component id="oc-1ab">
         <name>.text</name>
         <load_address>0xc84</load_address>
         <run_address>0xc84</run_address>
         <size>0x110</size>
         <input_file_ref idref="fl-14a"/>
      </object_component>
      <object_component id="oc-81">
         <name>.text</name>
         <load_address>0xd94</load_address>
         <run_address>0xd94</run_address>
         <size>0xfc</size>
         <input_file_ref idref="fl-136"/>
      </object_component>
      <object_component id="oc-b4">
         <name>.text:CS_initClockSignal</name>
         <load_address>0xe90</load_address>
         <run_address>0xe90</run_address>
         <size>0xe0</size>
         <input_file_ref idref="fl-a"/>
      </object_component>
      <object_component id="oc-1a5">
         <name>.text</name>
         <load_address>0xf70</load_address>
         <run_address>0xf70</run_address>
         <size>0xbe</size>
         <input_file_ref idref="fl-149"/>
      </object_component>
      <object_component id="oc-3a">
         <name>.text</name>
         <load_address>0x102e</load_address>
         <run_address>0x102e</run_address>
         <size>0x9c</size>
         <input_file_ref idref="fl-139"/>
      </object_component>
      <object_component id="oc-117">
         <name>.text:CS_startHFXTWithTimeout</name>
         <load_address>0x10cc</load_address>
         <run_address>0x10cc</run_address>
         <size>0x90</size>
         <input_file_ref idref="fl-a"/>
      </object_component>
      <object_component id="oc-14d">
         <name>.text:__aeabi_cdcmple</name>
         <load_address>0x115c</load_address>
         <run_address>0x115c</run_address>
         <size>0x86</size>
         <input_file_ref idref="fl-145"/>
      </object_component>
      <object_component id="oc-53">
         <name>.text</name>
         <load_address>0x11e2</load_address>
         <run_address>0x11e2</run_address>
         <size>0x7a</size>
         <input_file_ref idref="fl-13a"/>
      </object_component>
      <object_component id="oc-18b">
         <name>.text:_CSGetHFXTFrequency</name>
         <load_address>0x125c</load_address>
         <run_address>0x125c</run_address>
         <size>0x70</size>
         <input_file_ref idref="fl-a"/>
      </object_component>
      <object_component id="oc-65">
         <name>.text</name>
         <load_address>0x12cc</load_address>
         <run_address>0x12cc</run_address>
         <size>0x6c</size>
         <input_file_ref idref="fl-142"/>
      </object_component>
      <object_component id="oc-46">
         <name>.text</name>
         <load_address>0x1338</load_address>
         <run_address>0x1338</run_address>
         <size>0x6a</size>
         <input_file_ref idref="fl-132"/>
      </object_component>
      <object_component id="oc-25">
         <name>.text</name>
         <load_address>0x13a4</load_address>
         <run_address>0x13a4</run_address>
         <size>0x50</size>
         <input_file_ref idref="fl-130"/>
      </object_component>
      <object_component id="oc-96">
         <name>.text:GPIO_setAsPeripheralModuleFunctionInputPin</name>
         <load_address>0x13f4</load_address>
         <run_address>0x13f4</run_address>
         <size>0x4c</size>
         <input_file_ref idref="fl-b"/>
      </object_component>
      <object_component id="oc-a2">
         <name>.text:GPIO_setAsPeripheralModuleFunctionOutputPin</name>
         <load_address>0x1440</load_address>
         <run_address>0x1440</run_address>
         <size>0x4c</size>
         <input_file_ref idref="fl-b"/>
      </object_component>
      <object_component id="oc-eb">
         <name>.text</name>
         <load_address>0x148c</load_address>
         <run_address>0x148c</run_address>
         <size>0x4c</size>
         <input_file_ref idref="fl-143"/>
      </object_component>
      <object_component id="oc-91">
         <name>.text</name>
         <load_address>0x14d8</load_address>
         <run_address>0x14d8</run_address>
         <size>0x4a</size>
         <input_file_ref idref="fl-137"/>
      </object_component>
      <object_component id="oc-15d">
         <name>.text</name>
         <load_address>0x1522</load_address>
         <run_address>0x1522</run_address>
         <size>0x48</size>
         <input_file_ref idref="fl-146"/>
      </object_component>
      <object_component id="oc-71">
         <name>.text</name>
         <load_address>0x156c</load_address>
         <run_address>0x156c</run_address>
         <size>0x44</size>
         <input_file_ref idref="fl-134"/>
      </object_component>
      <object_component id="oc-1ea">
         <name>.text</name>
         <load_address>0x15b0</load_address>
         <run_address>0x15b0</run_address>
         <size>0x40</size>
         <input_file_ref idref="fl-14f"/>
      </object_component>
      <object_component id="oc-7c">
         <name>.text</name>
         <load_address>0x15f0</load_address>
         <run_address>0x15f0</run_address>
         <size>0x38</size>
         <input_file_ref idref="fl-138"/>
      </object_component>
      <object_component id="oc-1b6">
         <name>.text</name>
         <load_address>0x1628</load_address>
         <run_address>0x1628</run_address>
         <size>0x34</size>
         <input_file_ref idref="fl-14d"/>
      </object_component>
      <object_component id="oc-167">
         <name>.text</name>
         <load_address>0x165c</load_address>
         <run_address>0x165c</run_address>
         <size>0x30</size>
         <input_file_ref idref="fl-14b"/>
      </object_component>
      <object_component id="oc-162">
         <name>.text</name>
         <load_address>0x168c</load_address>
         <run_address>0x168c</run_address>
         <size>0x2e</size>
         <input_file_ref idref="fl-148"/>
      </object_component>
      <object_component id="oc-1d6">
         <name>.text</name>
         <load_address>0x16ba</load_address>
         <run_address>0x16ba</run_address>
         <size>0x2e</size>
         <input_file_ref idref="fl-14e"/>
      </object_component>
      <object_component id="oc-9c">
         <name>.text:GPIO_setAsOutputPin</name>
         <load_address>0x16e8</load_address>
         <run_address>0x16e8</run_address>
         <size>0x24</size>
         <input_file_ref idref="fl-b"/>
      </object_component>
      <object_component id="oc-86">
         <name>.text</name>
         <load_address>0x170c</load_address>
         <run_address>0x170c</run_address>
         <size>0x1a</size>
         <input_file_ref idref="fl-13c"/>
      </object_component>
      <object_component id="oc-6b">
         <name>.text</name>
         <load_address>0x1728</load_address>
         <run_address>0x1728</run_address>
         <size>0x18</size>
         <input_file_ref idref="fl-141"/>
      </object_component>
      <object_component id="oc-ba">
         <name>.text:ADC14_setResolution</name>
         <load_address>0x1740</load_address>
         <run_address>0x1740</run_address>
         <size>0x14</size>
         <input_file_ref idref="fl-9"/>
      </object_component>
      <object_component id="oc-a8">
         <name>.text:CS_setExternalClockSourceFrequency</name>
         <load_address>0x1754</load_address>
         <run_address>0x1754</run_address>
         <size>0x14</size>
         <input_file_ref idref="fl-a"/>
      </object_component>
      <object_component id="oc-13f">
         <name>.text</name>
         <load_address>0x1768</load_address>
         <run_address>0x1768</run_address>
         <size>0x14</size>
         <input_file_ref idref="fl-140"/>
      </object_component>
      <object_component id="oc-185">
         <name>.text:SysCtl_disableNMISource</name>
         <load_address>0x177c</load_address>
         <run_address>0x177c</run_address>
         <size>0x10</size>
         <input_file_ref idref="fl-d"/>
      </object_component>
      <object_component id="oc-191">
         <name>.text:SysCtl_enableNMISource</name>
         <load_address>0x178c</load_address>
         <run_address>0x178c</run_address>
         <size>0x10</size>
         <input_file_ref idref="fl-d"/>
      </object_component>
      <object_component id="oc-13">
         <name>.text:decompress:none</name>
         <load_address>0x179c</load_address>
         <run_address>0x179c</run_address>
         <size>0xe</size>
         <input_file_ref idref="fl-131"/>
      </object_component>
      <object_component id="oc-17f">
         <name>.text:SysCtl_getNMISourceStatus</name>
         <load_address>0x17ac</load_address>
         <run_address>0x17ac</run_address>
         <size>0xc</size>
         <input_file_ref idref="fl-d"/>
      </object_component>
      <object_component id="oc-1f">
         <name>.text:decompress:ZI</name>
         <load_address>0x17b8</load_address>
         <run_address>0x17b8</run_address>
         <size>0xc</size>
         <input_file_ref idref="fl-133"/>
      </object_component>
      <object_component id="oc-2b">
         <name>.text</name>
         <load_address>0x17c4</load_address>
         <run_address>0x17c4</run_address>
         <size>0xc</size>
         <input_file_ref idref="fl-3"/>
      </object_component>
      <object_component id="oc-ae">
         <name>.text:CS_startHFXT</name>
         <load_address>0x17d0</load_address>
         <run_address>0x17d0</run_address>
         <size>0x6</size>
         <input_file_ref idref="fl-a"/>
      </object_component>
      <object_component id="oc-19">
         <name>.text:decompress:rle24</name>
         <load_address>0x17d6</load_address>
         <run_address>0x17d6</run_address>
         <size>0x6</size>
         <input_file_ref idref="fl-132"/>
      </object_component>
      <object_component id="oc-5f">
         <name>.text</name>
         <load_address>0x17dc</load_address>
         <run_address>0x17dc</run_address>
         <size>0x4</size>
         <input_file_ref idref="fl-13b"/>
      </object_component>
      <object_component id="oc-170">
         <name>.const</name>
         <load_address>0x17e0</load_address>
         <run_address>0x17e0</run_address>
         <size>0x80</size>
         <input_file_ref idref="fl-13e"/>
      </object_component>
      <object_component id="oc-10b">
         <name>.const:GPIO_PORT_TO_BASE</name>
         <load_address>0x1860</load_address>
         <run_address>0x1860</run_address>
         <size>0x30</size>
         <input_file_ref idref="fl-b"/>
      </object_component>
      <object_component id="oc-230">
         <name>.cinit..data.load</name>
         <load_address>0x1890</load_address>
         <run_address>0x1890</run_address>
         <size>0x51</size>
      </object_component>
      <object_component id="oc-22e">
         <name>__TI_handler_table</name>
         <load_address>0x18e4</load_address>
         <run_address>0x18e4</run_address>
         <size>0xc</size>
      </object_component>
      <object_component id="oc-231">
         <name>.cinit..bss.load</name>
         <load_address>0x18f0</load_address>
         <run_address>0x18f0</run_address>
         <size>0x8</size>
      </object_component>
      <object_component id="oc-22f">
         <name>__TI_cinit_table</name>
         <load_address>0x18f8</load_address>
         <run_address>0x18f8</run_address>
         <size>0x10</size>
      </object_component>
      <object_component id="oc-2a">
         <name>.stack</name>
         <uninitialized>true</uninitialized>
         <run_address>0x2000fe00</run_address>
         <size>0x0</size>
         <input_file_ref idref="fl-130"/>
      </object_component>
      <object_component id="oc-232">
         <name>.stack</name>
         <uninitialized>true</uninitialized>
         <run_address>0x2000fe00</run_address>
         <size>0x0</size>
      </object_component>
      <object_component id="oc-c0">
         <name>.bss:sin_value</name>
         <uninitialized>true</uninitialized>
         <run_address>0x200001a4</run_address>
         <size>0xc8</size>
         <input_file_ref idref="fl-2"/>
      </object_component>
      <object_component id="oc-115">
         <name>.common:hfxtFreq</name>
         <uninitialized>true</uninitialized>
         <run_address>0x2000026c</run_address>
         <size>0x4</size>
      </object_component>
      <object_component id="oc-112">
         <name>.common:lfxtFreq</name>
         <uninitialized>true</uninitialized>
         <run_address>0x20000270</run_address>
         <size>0x4</size>
      </object_component>
      <object_component id="oc-c3">
         <name>.data</name>
         <load_address>0x20000130</load_address>
         <run_address>0x20000130</run_address>
         <size>0x54</size>
         <input_file_ref idref="fl-2"/>
      </object_component>
      <object_component id="oc-f8">
         <name>.data</name>
         <load_address>0x2000018c</load_address>
         <run_address>0x2000018c</run_address>
         <size>0x8</size>
         <input_file_ref idref="fl-134"/>
      </object_component>
      <object_component id="oc-77">
         <name>.data</name>
         <load_address>0x200001a0</load_address>
         <run_address>0x200001a0</run_address>
         <size>0x4</size>
         <input_file_ref idref="fl-13d"/>
      </object_component>
      <object_component id="oc-16d">
         <name>.data</name>
         <load_address>0x200000b0</load_address>
         <run_address>0x200000b0</run_address>
         <size>0x80</size>
         <input_file_ref idref="fl-13f"/>
      </object_component>
      <object_component id="oc-f5">
         <name>.data</name>
         <load_address>0x20000184</load_address>
         <run_address>0x20000184</run_address>
         <size>0x8</size>
         <input_file_ref idref="fl-140"/>
      </object_component>
      <object_component id="oc-1bc">
         <name>.data</name>
         <load_address>0x2000019c</load_address>
         <run_address>0x2000019c</run_address>
         <size>0x4</size>
         <input_file_ref idref="fl-14c"/>
      </object_component>
      <object_component id="oc-1dc">
         <name>.data</name>
         <load_address>0x20000194</load_address>
         <run_address>0x20000194</run_address>
         <size>0x8</size>
         <input_file_ref idref="fl-14d"/>
      </object_component>
      <object_component id="oc-1fb">
         <name>.data:sigtable</name>
         <load_address>0x20000000</load_address>
         <run_address>0x20000000</run_address>
         <size>0xb0</size>
         <input_file_ref idref="fl-14f"/>
      </object_component>
      <object_component id="oc-ca">
         <name>.debug_info</name>
         <load_address>0x0</load_address>
         <run_address>0x0</run_address>
         <size>0x5df</size>
         <input_file_ref idref="fl-2"/>
      </object_component>
      <object_component id="oc-c1">
         <name>.debug_info</name>
         <load_address>0x5df</load_address>
         <run_address>0x5df</run_address>
         <size>0xd4</size>
         <input_file_ref idref="fl-2"/>
      </object_component>
      <object_component id="oc-32">
         <name>.debug_info</name>
         <load_address>0x6b3</load_address>
         <run_address>0x6b3</run_address>
         <size>0x43e</size>
         <input_file_ref idref="fl-2"/>
      </object_component>
      <object_component id="oc-125">
         <name>.debug_info</name>
         <load_address>0xaf1</load_address>
         <run_address>0xaf1</run_address>
         <size>0x103e</size>
         <input_file_ref idref="fl-2"/>
      </object_component>
      <object_component id="oc-c5">
         <name>.debug_info</name>
         <load_address>0x1b2f</load_address>
         <run_address>0x1b2f</run_address>
         <size>0x8b</size>
         <input_file_ref idref="fl-2"/>
      </object_component>
      <object_component id="oc-cb">
         <name>.debug_info</name>
         <load_address>0x1bba</load_address>
         <run_address>0x1bba</run_address>
         <size>0x18b</size>
         <input_file_ref idref="fl-2"/>
      </object_component>
      <object_component id="oc-39">
         <name>.debug_info</name>
         <load_address>0x1d45</load_address>
         <run_address>0x1d45</run_address>
         <size>0x137</size>
         <input_file_ref idref="fl-3"/>
      </object_component>
      <object_component id="oc-11">
         <name>.debug_info</name>
         <load_address>0x1e7c</load_address>
         <run_address>0x1e7c</run_address>
         <size>0xf0</size>
         <input_file_ref idref="fl-3"/>
      </object_component>
      <object_component id="oc-2c">
         <name>.debug_info</name>
         <load_address>0x1f6c</load_address>
         <run_address>0x1f6c</run_address>
         <size>0x21e</size>
         <input_file_ref idref="fl-3"/>
      </object_component>
      <object_component id="oc-d2">
         <name>.debug_info</name>
         <load_address>0x218a</load_address>
         <run_address>0x218a</run_address>
         <size>0x84</size>
         <input_file_ref idref="fl-3"/>
      </object_component>
      <object_component id="oc-120">
         <name>.debug_info</name>
         <load_address>0x220e</load_address>
         <run_address>0x220e</run_address>
         <size>0x454</size>
         <input_file_ref idref="fl-9"/>
      </object_component>
      <object_component id="oc-bb">
         <name>.debug_info</name>
         <load_address>0x2662</load_address>
         <run_address>0x2662</run_address>
         <size>0x136</size>
         <input_file_ref idref="fl-9"/>
      </object_component>
      <object_component id="oc-178">
         <name>.debug_info</name>
         <load_address>0x2798</load_address>
         <run_address>0x2798</run_address>
         <size>0x103c</size>
         <input_file_ref idref="fl-9"/>
      </object_component>
      <object_component id="oc-113">
         <name>.debug_info</name>
         <load_address>0x37d4</load_address>
         <run_address>0x37d4</run_address>
         <size>0x52b</size>
         <input_file_ref idref="fl-a"/>
      </object_component>
      <object_component id="oc-18c">
         <name>.debug_info</name>
         <load_address>0x3cff</load_address>
         <run_address>0x3cff</run_address>
         <size>0xfc</size>
         <input_file_ref idref="fl-a"/>
      </object_component>
      <object_component id="oc-118">
         <name>.debug_info</name>
         <load_address>0x3dfb</load_address>
         <run_address>0x3dfb</run_address>
         <size>0x238</size>
         <input_file_ref idref="fl-a"/>
      </object_component>
      <object_component id="oc-af">
         <name>.debug_info</name>
         <load_address>0x4033</load_address>
         <run_address>0x4033</run_address>
         <size>0x13b</size>
         <input_file_ref idref="fl-a"/>
      </object_component>
      <object_component id="oc-a9">
         <name>.debug_info</name>
         <load_address>0x416e</load_address>
         <run_address>0x416e</run_address>
         <size>0x1dd</size>
         <input_file_ref idref="fl-a"/>
      </object_component>
      <object_component id="oc-b5">
         <name>.debug_info</name>
         <load_address>0x434b</load_address>
         <run_address>0x434b</run_address>
         <size>0x1e8</size>
         <input_file_ref idref="fl-a"/>
      </object_component>
      <object_component id="oc-10f">
         <name>.debug_info</name>
         <load_address>0x4533</load_address>
         <run_address>0x4533</run_address>
         <size>0x440</size>
         <input_file_ref idref="fl-b"/>
      </object_component>
      <object_component id="oc-10c">
         <name>.debug_info</name>
         <load_address>0x4973</load_address>
         <run_address>0x4973</run_address>
         <size>0xd0</size>
         <input_file_ref idref="fl-b"/>
      </object_component>
      <object_component id="oc-a4">
         <name>.debug_info</name>
         <load_address>0x4a43</load_address>
         <run_address>0x4a43</run_address>
         <size>0x1ee</size>
         <input_file_ref idref="fl-b"/>
      </object_component>
      <object_component id="oc-98">
         <name>.debug_info</name>
         <load_address>0x4c31</load_address>
         <run_address>0x4c31</run_address>
         <size>0x1ec</size>
         <input_file_ref idref="fl-b"/>
      </object_component>
      <object_component id="oc-9e">
         <name>.debug_info</name>
         <load_address>0x4e1d</load_address>
         <run_address>0x4e1d</run_address>
         <size>0x17d</size>
         <input_file_ref idref="fl-b"/>
      </object_component>
      <object_component id="oc-1cd">
         <name>.debug_info</name>
         <load_address>0x4f9a</load_address>
         <run_address>0x4f9a</run_address>
         <size>0x2f4</size>
         <input_file_ref idref="fl-d"/>
      </object_component>
      <object_component id="oc-180">
         <name>.debug_info</name>
         <load_address>0x528e</load_address>
         <run_address>0x528e</run_address>
         <size>0x10f</size>
         <input_file_ref idref="fl-d"/>
      </object_component>
      <object_component id="oc-192">
         <name>.debug_info</name>
         <load_address>0x539d</load_address>
         <run_address>0x539d</run_address>
         <size>0x12b</size>
         <input_file_ref idref="fl-d"/>
      </object_component>
      <object_component id="oc-186">
         <name>.debug_info</name>
         <load_address>0x54c8</load_address>
         <run_address>0x54c8</run_address>
         <size>0x12d</size>
         <input_file_ref idref="fl-d"/>
      </object_component>
      <object_component id="oc-27">
         <name>.debug_info</name>
         <load_address>0x55f5</load_address>
         <run_address>0x55f5</run_address>
         <size>0x136</size>
         <input_file_ref idref="fl-130"/>
      </object_component>
      <object_component id="oc-45">
         <name>.debug_info</name>
         <load_address>0x572b</load_address>
         <run_address>0x572b</run_address>
         <size>0x123</size>
         <input_file_ref idref="fl-131"/>
      </object_component>
      <object_component id="oc-14">
         <name>.debug_info</name>
         <load_address>0x584e</load_address>
         <run_address>0x584e</run_address>
         <size>0x1c2</size>
         <input_file_ref idref="fl-131"/>
      </object_component>
      <object_component id="oc-40">
         <name>.debug_info</name>
         <load_address>0x5a10</load_address>
         <run_address>0x5a10</run_address>
         <size>0x46</size>
         <input_file_ref idref="fl-131"/>
      </object_component>
      <object_component id="oc-d8">
         <name>.debug_info</name>
         <load_address>0x5a56</load_address>
         <run_address>0x5a56</run_address>
         <size>0x2c</size>
         <input_file_ref idref="fl-131"/>
      </object_component>
      <object_component id="oc-4d">
         <name>.debug_info</name>
         <load_address>0x5a82</load_address>
         <run_address>0x5a82</run_address>
         <size>0x117</size>
         <input_file_ref idref="fl-132"/>
      </object_component>
      <object_component id="oc-47">
         <name>.debug_info</name>
         <load_address>0x5b99</load_address>
         <run_address>0x5b99</run_address>
         <size>0x22a</size>
         <input_file_ref idref="fl-132"/>
      </object_component>
      <object_component id="oc-1a">
         <name>.debug_info</name>
         <load_address>0x5dc3</load_address>
         <run_address>0x5dc3</run_address>
         <size>0x194</size>
         <input_file_ref idref="fl-132"/>
      </object_component>
      <object_component id="oc-4e">
         <name>.debug_info</name>
         <load_address>0x5f57</load_address>
         <run_address>0x5f57</run_address>
         <size>0x39</size>
         <input_file_ref idref="fl-132"/>
      </object_component>
      <object_component id="oc-e2">
         <name>.debug_info</name>
         <load_address>0x5f90</load_address>
         <run_address>0x5f90</run_address>
         <size>0x2c</size>
         <input_file_ref idref="fl-132"/>
      </object_component>
      <object_component id="oc-5e">
         <name>.debug_info</name>
         <load_address>0x5fbc</load_address>
         <run_address>0x5fbc</run_address>
         <size>0x112</size>
         <input_file_ref idref="fl-133"/>
      </object_component>
      <object_component id="oc-20">
         <name>.debug_info</name>
         <load_address>0x60ce</load_address>
         <run_address>0x60ce</run_address>
         <size>0x18d</size>
         <input_file_ref idref="fl-133"/>
      </object_component>
      <object_component id="oc-59">
         <name>.debug_info</name>
         <load_address>0x625b</load_address>
         <run_address>0x625b</run_address>
         <size>0x46</size>
         <input_file_ref idref="fl-133"/>
      </object_component>
      <object_component id="oc-fc">
         <name>.debug_info</name>
         <load_address>0x62a1</load_address>
         <run_address>0x62a1</run_address>
         <size>0x174</size>
         <input_file_ref idref="fl-134"/>
      </object_component>
      <object_component id="oc-f9">
         <name>.debug_info</name>
         <load_address>0x6415</load_address>
         <run_address>0x6415</run_address>
         <size>0x119</size>
         <input_file_ref idref="fl-134"/>
      </object_component>
      <object_component id="oc-74">
         <name>.debug_info</name>
         <load_address>0x652e</load_address>
         <run_address>0x652e</run_address>
         <size>0x1f0</size>
         <input_file_ref idref="fl-134"/>
      </object_component>
      <object_component id="oc-8e">
         <name>.debug_info</name>
         <load_address>0x671e</load_address>
         <run_address>0x671e</run_address>
         <size>0x119</size>
         <input_file_ref idref="fl-135"/>
      </object_component>
      <object_component id="oc-82">
         <name>.debug_info</name>
         <load_address>0x6837</load_address>
         <run_address>0x6837</run_address>
         <size>0x119</size>
         <input_file_ref idref="fl-136"/>
      </object_component>
      <object_component id="oc-92">
         <name>.debug_info</name>
         <load_address>0x6950</load_address>
         <run_address>0x6950</run_address>
         <size>0x114</size>
         <input_file_ref idref="fl-137"/>
      </object_component>
      <object_component id="oc-7d">
         <name>.debug_info</name>
         <load_address>0x6a64</load_address>
         <run_address>0x6a64</run_address>
         <size>0x10b</size>
         <input_file_ref idref="fl-138"/>
      </object_component>
      <object_component id="oc-3b">
         <name>.debug_info</name>
         <load_address>0x6b6f</load_address>
         <run_address>0x6b6f</run_address>
         <size>0xf8</size>
         <input_file_ref idref="fl-139"/>
      </object_component>
      <object_component id="oc-54">
         <name>.debug_info</name>
         <load_address>0x6c67</load_address>
         <run_address>0x6c67</run_address>
         <size>0x126</size>
         <input_file_ref idref="fl-13a"/>
      </object_component>
      <object_component id="oc-60">
         <name>.debug_info</name>
         <load_address>0x6d8d</load_address>
         <run_address>0x6d8d</run_address>
         <size>0x12b</size>
         <input_file_ref idref="fl-13b"/>
      </object_component>
      <object_component id="oc-87">
         <name>.debug_info</name>
         <load_address>0x6eb8</load_address>
         <run_address>0x6eb8</run_address>
         <size>0x11d</size>
         <input_file_ref idref="fl-13c"/>
      </object_component>
      <object_component id="oc-78">
         <name>.debug_info</name>
         <load_address>0x6fd5</load_address>
         <run_address>0x6fd5</run_address>
         <size>0xec</size>
         <input_file_ref idref="fl-13d"/>
      </object_component>
      <object_component id="oc-1c9">
         <name>.debug_info</name>
         <load_address>0x70c1</load_address>
         <run_address>0x70c1</run_address>
         <size>0x1d7</size>
         <input_file_ref idref="fl-13e"/>
      </object_component>
      <object_component id="oc-171">
         <name>.debug_info</name>
         <load_address>0x7298</load_address>
         <run_address>0x7298</run_address>
         <size>0x13f</size>
         <input_file_ref idref="fl-13e"/>
      </object_component>
      <object_component id="oc-103">
         <name>.debug_info</name>
         <load_address>0x73d7</load_address>
         <run_address>0x73d7</run_address>
         <size>0x488</size>
         <input_file_ref idref="fl-13e"/>
      </object_component>
      <object_component id="oc-1c2">
         <name>.debug_info</name>
         <load_address>0x785f</load_address>
         <run_address>0x785f</run_address>
         <size>0x86</size>
         <input_file_ref idref="fl-13e"/>
      </object_component>
      <object_component id="oc-16e">
         <name>.debug_info</name>
         <load_address>0x78e5</load_address>
         <run_address>0x78e5</run_address>
         <size>0x1b7</size>
         <input_file_ref idref="fl-13f"/>
      </object_component>
      <object_component id="oc-147">
         <name>.debug_info</name>
         <load_address>0x7a9c</load_address>
         <run_address>0x7a9c</run_address>
         <size>0x107</size>
         <input_file_ref idref="fl-140"/>
      </object_component>
      <object_component id="oc-f6">
         <name>.debug_info</name>
         <load_address>0x7ba3</load_address>
         <run_address>0x7ba3</run_address>
         <size>0xf6</size>
         <input_file_ref idref="fl-140"/>
      </object_component>
      <object_component id="oc-140">
         <name>.debug_info</name>
         <load_address>0x7c99</load_address>
         <run_address>0x7c99</run_address>
         <size>0x202</size>
         <input_file_ref idref="fl-140"/>
      </object_component>
      <object_component id="oc-f4">
         <name>.debug_info</name>
         <load_address>0x7e9b</load_address>
         <run_address>0x7e9b</run_address>
         <size>0x149</size>
         <input_file_ref idref="fl-141"/>
      </object_component>
      <object_component id="oc-6c">
         <name>.debug_info</name>
         <load_address>0x7fe4</load_address>
         <run_address>0x7fe4</run_address>
         <size>0x14a</size>
         <input_file_ref idref="fl-141"/>
      </object_component>
      <object_component id="oc-13a">
         <name>.debug_info</name>
         <load_address>0x812e</load_address>
         <run_address>0x812e</run_address>
         <size>0x5e</size>
         <input_file_ref idref="fl-141"/>
      </object_component>
      <object_component id="oc-f2">
         <name>.debug_info</name>
         <load_address>0x818c</load_address>
         <run_address>0x818c</run_address>
         <size>0x2a0</size>
         <input_file_ref idref="fl-142"/>
      </object_component>
      <object_component id="oc-66">
         <name>.debug_info</name>
         <load_address>0x842c</load_address>
         <run_address>0x842c</run_address>
         <size>0x15a</size>
         <input_file_ref idref="fl-142"/>
      </object_component>
      <object_component id="oc-12e">
         <name>.debug_info</name>
         <load_address>0x8586</load_address>
         <run_address>0x8586</run_address>
         <size>0x39</size>
         <input_file_ref idref="fl-142"/>
      </object_component>
      <object_component id="oc-133">
         <name>.debug_info</name>
         <load_address>0x85bf</load_address>
         <run_address>0x85bf</run_address>
         <size>0xcd</size>
         <input_file_ref idref="fl-142"/>
      </object_component>
      <object_component id="oc-12b">
         <name>.debug_info</name>
         <load_address>0x868c</load_address>
         <run_address>0x868c</run_address>
         <size>0x1c3</size>
         <input_file_ref idref="fl-143"/>
      </object_component>
      <object_component id="oc-ec">
         <name>.debug_info</name>
         <load_address>0x884f</load_address>
         <run_address>0x884f</run_address>
         <size>0x166</size>
         <input_file_ref idref="fl-143"/>
      </object_component>
      <object_component id="oc-19c">
         <name>.debug_info</name>
         <load_address>0x89b5</load_address>
         <run_address>0x89b5</run_address>
         <size>0x2c</size>
         <input_file_ref idref="fl-143"/>
      </object_component>
      <object_component id="oc-15a">
         <name>.debug_info</name>
         <load_address>0x89e1</load_address>
         <run_address>0x89e1</run_address>
         <size>0x12b</size>
         <input_file_ref idref="fl-144"/>
      </object_component>
      <object_component id="oc-14e">
         <name>.debug_info</name>
         <load_address>0x8b0c</load_address>
         <run_address>0x8b0c</run_address>
         <size>0x107</size>
         <input_file_ref idref="fl-145"/>
      </object_component>
      <object_component id="oc-15e">
         <name>.debug_info</name>
         <load_address>0x8c13</load_address>
         <run_address>0x8c13</run_address>
         <size>0x10d</size>
         <input_file_ref idref="fl-146"/>
      </object_component>
      <object_component id="oc-1b2">
         <name>.debug_info</name>
         <load_address>0x8d20</load_address>
         <run_address>0x8d20</run_address>
         <size>0x1ba</size>
         <input_file_ref idref="fl-147"/>
      </object_component>
      <object_component id="oc-153">
         <name>.debug_info</name>
         <load_address>0x8eda</load_address>
         <run_address>0x8eda</run_address>
         <size>0x29e</size>
         <input_file_ref idref="fl-147"/>
      </object_component>
      <object_component id="oc-164">
         <name>.debug_info</name>
         <load_address>0x9178</load_address>
         <run_address>0x9178</run_address>
         <size>0x10b</size>
         <input_file_ref idref="fl-148"/>
      </object_component>
      <object_component id="oc-1d1">
         <name>.debug_info</name>
         <load_address>0x9283</load_address>
         <run_address>0x9283</run_address>
         <size>0x137</size>
         <input_file_ref idref="fl-149"/>
      </object_component>
      <object_component id="oc-1a6">
         <name>.debug_info</name>
         <load_address>0x93ba</load_address>
         <run_address>0x93ba</run_address>
         <size>0x14f</size>
         <input_file_ref idref="fl-149"/>
      </object_component>
      <object_component id="oc-1d3">
         <name>.debug_info</name>
         <load_address>0x9509</load_address>
         <run_address>0x9509</run_address>
         <size>0x182</size>
         <input_file_ref idref="fl-14a"/>
      </object_component>
      <object_component id="oc-1ae">
         <name>.debug_info</name>
         <load_address>0x968b</load_address>
         <run_address>0x968b</run_address>
         <size>0x194</size>
         <input_file_ref idref="fl-14a"/>
      </object_component>
      <object_component id="oc-169">
         <name>.debug_info</name>
         <load_address>0x981f</load_address>
         <run_address>0x981f</run_address>
         <size>0x155</size>
         <input_file_ref idref="fl-14b"/>
      </object_component>
      <object_component id="oc-1bd">
         <name>.debug_info</name>
         <load_address>0x9974</load_address>
         <run_address>0x9974</run_address>
         <size>0xd8</size>
         <input_file_ref idref="fl-14c"/>
      </object_component>
      <object_component id="oc-1f9">
         <name>.debug_info</name>
         <load_address>0x9a4c</load_address>
         <run_address>0x9a4c</run_address>
         <size>0x1af</size>
         <input_file_ref idref="fl-14d"/>
      </object_component>
      <object_component id="oc-1dd">
         <name>.debug_info</name>
         <load_address>0x9bfb</load_address>
         <run_address>0x9bfb</run_address>
         <size>0x110</size>
         <input_file_ref idref="fl-14d"/>
      </object_component>
      <object_component id="oc-1b7">
         <name>.debug_info</name>
         <load_address>0x9d0b</load_address>
         <run_address>0x9d0b</run_address>
         <size>0x171</size>
         <input_file_ref idref="fl-14d"/>
      </object_component>
      <object_component id="oc-1f4">
         <name>.debug_info</name>
         <load_address>0x9e7c</load_address>
         <run_address>0x9e7c</run_address>
         <size>0x6f</size>
         <input_file_ref idref="fl-14d"/>
      </object_component>
      <object_component id="oc-1f1">
         <name>.debug_info</name>
         <load_address>0x9eeb</load_address>
         <run_address>0x9eeb</run_address>
         <size>0xff</size>
         <input_file_ref idref="fl-14e"/>
      </object_component>
      <object_component id="oc-1da">
         <name>.debug_info</name>
         <load_address>0x9fea</load_address>
         <run_address>0x9fea</run_address>
         <size>0x156</size>
         <input_file_ref idref="fl-14e"/>
      </object_component>
      <object_component id="oc-202">
         <name>.debug_info</name>
         <load_address>0xa140</load_address>
         <run_address>0xa140</run_address>
         <size>0x2c</size>
         <input_file_ref idref="fl-14e"/>
      </object_component>
      <object_component id="oc-1ff">
         <name>.debug_info</name>
         <load_address>0xa16c</load_address>
         <run_address>0xa16c</run_address>
         <size>0x11f</size>
         <input_file_ref idref="fl-14f"/>
      </object_component>
      <object_component id="oc-1fc">
         <name>.debug_info</name>
         <load_address>0xa28b</load_address>
         <run_address>0xa28b</run_address>
         <size>0xdd</size>
         <input_file_ref idref="fl-14f"/>
      </object_component>
      <object_component id="oc-1eb">
         <name>.debug_info</name>
         <load_address>0xa368</load_address>
         <run_address>0xa368</run_address>
         <size>0x16c</size>
         <input_file_ref idref="fl-14f"/>
      </object_component>
      <object_component id="oc-233">
         <name>.debug_info</name>
         <load_address>0xa4d4</load_address>
         <run_address>0xa4d4</run_address>
         <size>0xa8</size>
      </object_component>
      <object_component id="oc-124">
         <name>.debug_line</name>
         <load_address>0x0</load_address>
         <run_address>0x0</run_address>
         <size>0x159</size>
         <input_file_ref idref="fl-2"/>
      </object_component>
      <object_component id="oc-122">
         <name>.debug_line</name>
         <load_address>0x159</load_address>
         <run_address>0x159</run_address>
         <size>0x2d</size>
         <input_file_ref idref="fl-2"/>
      </object_component>
      <object_component id="oc-35">
         <name>.debug_line</name>
         <load_address>0x186</load_address>
         <run_address>0x186</run_address>
         <size>0xdd</size>
         <input_file_ref idref="fl-2"/>
      </object_component>
      <object_component id="oc-128">
         <name>.debug_line</name>
         <load_address>0x263</load_address>
         <run_address>0x263</run_address>
         <size>0x55</size>
         <input_file_ref idref="fl-2"/>
      </object_component>
      <object_component id="oc-c8">
         <name>.debug_line</name>
         <load_address>0x2b8</load_address>
         <run_address>0x2b8</run_address>
         <size>0x20</size>
         <input_file_ref idref="fl-2"/>
      </object_component>
      <object_component id="oc-ce">
         <name>.debug_line</name>
         <load_address>0x2d8</load_address>
         <run_address>0x2d8</run_address>
         <size>0x60</size>
         <input_file_ref idref="fl-2"/>
      </object_component>
      <object_component id="oc-d1">
         <name>.debug_line</name>
         <load_address>0x338</load_address>
         <run_address>0x338</run_address>
         <size>0x3b</size>
         <input_file_ref idref="fl-3"/>
      </object_component>
      <object_component id="oc-38">
         <name>.debug_line</name>
         <load_address>0x373</load_address>
         <run_address>0x373</run_address>
         <size>0x3b</size>
         <input_file_ref idref="fl-3"/>
      </object_component>
      <object_component id="oc-2f">
         <name>.debug_line</name>
         <load_address>0x3ae</load_address>
         <run_address>0x3ae</run_address>
         <size>0x9b</size>
         <input_file_ref idref="fl-3"/>
      </object_component>
      <object_component id="oc-d5">
         <name>.debug_line</name>
         <load_address>0x449</load_address>
         <run_address>0x449</run_address>
         <size>0x20</size>
         <input_file_ref idref="fl-3"/>
      </object_component>
      <object_component id="oc-199">
         <name>.debug_line</name>
         <load_address>0x469</load_address>
         <run_address>0x469</run_address>
         <size>0x31</size>
         <input_file_ref idref="fl-9"/>
      </object_component>
      <object_component id="oc-be">
         <name>.debug_line</name>
         <load_address>0x49a</load_address>
         <run_address>0x49a</run_address>
         <size>0x40</size>
         <input_file_ref idref="fl-9"/>
      </object_component>
      <object_component id="oc-17b">
         <name>.debug_line</name>
         <load_address>0x4da</load_address>
         <run_address>0x4da</run_address>
         <size>0x63</size>
         <input_file_ref idref="fl-9"/>
      </object_component>
      <object_component id="oc-17e">
         <name>.debug_line</name>
         <load_address>0x53d</load_address>
         <run_address>0x53d</run_address>
         <size>0x47</size>
         <input_file_ref idref="fl-a"/>
      </object_component>
      <object_component id="oc-18f">
         <name>.debug_line</name>
         <load_address>0x584</load_address>
         <run_address>0x584</run_address>
         <size>0x5b</size>
         <input_file_ref idref="fl-a"/>
      </object_component>
      <object_component id="oc-11b">
         <name>.debug_line</name>
         <load_address>0x5df</load_address>
         <run_address>0x5df</run_address>
         <size>0x72</size>
         <input_file_ref idref="fl-a"/>
      </object_component>
      <object_component id="oc-b2">
         <name>.debug_line</name>
         <load_address>0x651</load_address>
         <run_address>0x651</run_address>
         <size>0x3d</size>
         <input_file_ref idref="fl-a"/>
      </object_component>
      <object_component id="oc-ac">
         <name>.debug_line</name>
         <load_address>0x68e</load_address>
         <run_address>0x68e</run_address>
         <size>0x3e</size>
         <input_file_ref idref="fl-a"/>
      </object_component>
      <object_component id="oc-b8">
         <name>.debug_line</name>
         <load_address>0x6cc</load_address>
         <run_address>0x6cc</run_address>
         <size>0x99</size>
         <input_file_ref idref="fl-a"/>
      </object_component>
      <object_component id="oc-177">
         <name>.debug_line</name>
         <load_address>0x765</load_address>
         <run_address>0x765</run_address>
         <size>0x31</size>
         <input_file_ref idref="fl-b"/>
      </object_component>
      <object_component id="oc-175">
         <name>.debug_line</name>
         <load_address>0x796</load_address>
         <run_address>0x796</run_address>
         <size>0x2a</size>
         <input_file_ref idref="fl-b"/>
      </object_component>
      <object_component id="oc-a7">
         <name>.debug_line</name>
         <load_address>0x7c0</load_address>
         <run_address>0x7c0</run_address>
         <size>0x50</size>
         <input_file_ref idref="fl-b"/>
      </object_component>
      <object_component id="oc-9b">
         <name>.debug_line</name>
         <load_address>0x810</load_address>
         <run_address>0x810</run_address>
         <size>0x4e</size>
         <input_file_ref idref="fl-b"/>
      </object_component>
      <object_component id="oc-a1">
         <name>.debug_line</name>
         <load_address>0x85e</load_address>
         <run_address>0x85e</run_address>
         <size>0x41</size>
         <input_file_ref idref="fl-b"/>
      </object_component>
      <object_component id="oc-1e5">
         <name>.debug_line</name>
         <load_address>0x89f</load_address>
         <run_address>0x89f</run_address>
         <size>0x20</size>
         <input_file_ref idref="fl-d"/>
      </object_component>
      <object_component id="oc-183">
         <name>.debug_line</name>
         <load_address>0x8bf</load_address>
         <run_address>0x8bf</run_address>
         <size>0x3e</size>
         <input_file_ref idref="fl-d"/>
      </object_component>
      <object_component id="oc-195">
         <name>.debug_line</name>
         <load_address>0x8fd</load_address>
         <run_address>0x8fd</run_address>
         <size>0x3e</size>
         <input_file_ref idref="fl-d"/>
      </object_component>
      <object_component id="oc-189">
         <name>.debug_line</name>
         <load_address>0x93b</load_address>
         <run_address>0x93b</run_address>
         <size>0x3e</size>
         <input_file_ref idref="fl-d"/>
      </object_component>
      <object_component id="oc-26">
         <name>.debug_line</name>
         <load_address>0x979</load_address>
         <run_address>0x979</run_address>
         <size>0x52</size>
         <input_file_ref idref="fl-130"/>
      </object_component>
      <object_component id="oc-de">
         <name>.debug_line</name>
         <load_address>0x9cb</load_address>
         <run_address>0x9cb</run_address>
         <size>0x72</size>
         <input_file_ref idref="fl-131"/>
      </object_component>
      <object_component id="oc-17">
         <name>.debug_line</name>
         <load_address>0xa3d</load_address>
         <run_address>0xa3d</run_address>
         <size>0x55</size>
         <input_file_ref idref="fl-131"/>
      </object_component>
      <object_component id="oc-43">
         <name>.debug_line</name>
         <load_address>0xa92</load_address>
         <run_address>0xa92</run_address>
         <size>0x3a</size>
         <input_file_ref idref="fl-131"/>
      </object_component>
      <object_component id="oc-db">
         <name>.debug_line</name>
         <load_address>0xacc</load_address>
         <run_address>0xacc</run_address>
         <size>0x72</size>
         <input_file_ref idref="fl-131"/>
      </object_component>
      <object_component id="oc-e1">
         <name>.debug_line</name>
         <load_address>0xb3e</load_address>
         <run_address>0xb3e</run_address>
         <size>0x72</size>
         <input_file_ref idref="fl-132"/>
      </object_component>
      <object_component id="oc-4a">
         <name>.debug_line</name>
         <load_address>0xbb0</load_address>
         <run_address>0xbb0</run_address>
         <size>0x98</size>
         <input_file_ref idref="fl-132"/>
      </object_component>
      <object_component id="oc-1d">
         <name>.debug_line</name>
         <load_address>0xc48</load_address>
         <run_address>0xc48</run_address>
         <size>0x4b</size>
         <input_file_ref idref="fl-132"/>
      </object_component>
      <object_component id="oc-51">
         <name>.debug_line</name>
         <load_address>0xc93</load_address>
         <run_address>0xc93</run_address>
         <size>0x39</size>
         <input_file_ref idref="fl-132"/>
      </object_component>
      <object_component id="oc-e5">
         <name>.debug_line</name>
         <load_address>0xccc</load_address>
         <run_address>0xccc</run_address>
         <size>0x72</size>
         <input_file_ref idref="fl-132"/>
      </object_component>
      <object_component id="oc-e9">
         <name>.debug_line</name>
         <load_address>0xd3e</load_address>
         <run_address>0xd3e</run_address>
         <size>0x72</size>
         <input_file_ref idref="fl-133"/>
      </object_component>
      <object_component id="oc-23">
         <name>.debug_line</name>
         <load_address>0xdb0</load_address>
         <run_address>0xdb0</run_address>
         <size>0x4f</size>
         <input_file_ref idref="fl-133"/>
      </object_component>
      <object_component id="oc-5c">
         <name>.debug_line</name>
         <load_address>0xdff</load_address>
         <run_address>0xdff</run_address>
         <size>0x34</size>
         <input_file_ref idref="fl-133"/>
      </object_component>
      <object_component id="oc-14c">
         <name>.debug_line</name>
         <load_address>0xe33</load_address>
         <run_address>0xe33</run_address>
         <size>0x71</size>
         <input_file_ref idref="fl-134"/>
      </object_component>
      <object_component id="oc-14a">
         <name>.debug_line</name>
         <load_address>0xea4</load_address>
         <run_address>0xea4</run_address>
         <size>0x2a</size>
         <input_file_ref idref="fl-134"/>
      </object_component>
      <object_component id="oc-73">
         <name>.debug_line</name>
         <load_address>0xece</load_address>
         <run_address>0xece</run_address>
         <size>0x7a</size>
         <input_file_ref idref="fl-134"/>
      </object_component>
      <object_component id="oc-8d">
         <name>.debug_line</name>
         <load_address>0xf48</load_address>
         <run_address>0xf48</run_address>
         <size>0xa8</size>
         <input_file_ref idref="fl-135"/>
      </object_component>
      <object_component id="oc-85">
         <name>.debug_line</name>
         <load_address>0xff0</load_address>
         <run_address>0xff0</run_address>
         <size>0x8e</size>
         <input_file_ref idref="fl-136"/>
      </object_component>
      <object_component id="oc-95">
         <name>.debug_line</name>
         <load_address>0x107e</load_address>
         <run_address>0x107e</run_address>
         <size>0x58</size>
         <input_file_ref idref="fl-137"/>
      </object_component>
      <object_component id="oc-80">
         <name>.debug_line</name>
         <load_address>0x10d6</load_address>
         <run_address>0x10d6</run_address>
         <size>0x56</size>
         <input_file_ref idref="fl-138"/>
      </object_component>
      <object_component id="oc-3e">
         <name>.debug_line</name>
         <load_address>0x112c</load_address>
         <run_address>0x112c</run_address>
         <size>0x88</size>
         <input_file_ref idref="fl-139"/>
      </object_component>
      <object_component id="oc-57">
         <name>.debug_line</name>
         <load_address>0x11b4</load_address>
         <run_address>0x11b4</run_address>
         <size>0x79</size>
         <input_file_ref idref="fl-13a"/>
      </object_component>
      <object_component id="oc-63">
         <name>.debug_line</name>
         <load_address>0x122d</load_address>
         <run_address>0x122d</run_address>
         <size>0x40</size>
         <input_file_ref idref="fl-13b"/>
      </object_component>
      <object_component id="oc-8a">
         <name>.debug_line</name>
         <load_address>0x126d</load_address>
         <run_address>0x126d</run_address>
         <size>0x3b</size>
         <input_file_ref idref="fl-13c"/>
      </object_component>
      <object_component id="oc-ff">
         <name>.debug_line</name>
         <load_address>0x12a8</load_address>
         <run_address>0x12a8</run_address>
         <size>0x33</size>
         <input_file_ref idref="fl-13d"/>
      </object_component>
      <object_component id="oc-1e3">
         <name>.debug_line</name>
         <load_address>0x12db</load_address>
         <run_address>0x12db</run_address>
         <size>0xcc</size>
         <input_file_ref idref="fl-13e"/>
      </object_component>
      <object_component id="oc-1c8">
         <name>.debug_line</name>
         <load_address>0x13a7</load_address>
         <run_address>0x13a7</run_address>
         <size>0x2c</size>
         <input_file_ref idref="fl-13e"/>
      </object_component>
      <object_component id="oc-106">
         <name>.debug_line</name>
         <load_address>0x13d3</load_address>
         <run_address>0x13d3</run_address>
         <size>0x10b</size>
         <input_file_ref idref="fl-13e"/>
      </object_component>
      <object_component id="oc-1c5">
         <name>.debug_line</name>
         <load_address>0x14de</load_address>
         <run_address>0x14de</run_address>
         <size>0x71</size>
         <input_file_ref idref="fl-13e"/>
      </object_component>
      <object_component id="oc-1c1">
         <name>.debug_line</name>
         <load_address>0x154f</load_address>
         <run_address>0x154f</run_address>
         <size>0x2d</size>
         <input_file_ref idref="fl-13f"/>
      </object_component>
      <object_component id="oc-1a3">
         <name>.debug_line</name>
         <load_address>0x157c</load_address>
         <run_address>0x157c</run_address>
         <size>0x20</size>
         <input_file_ref idref="fl-140"/>
      </object_component>
      <object_component id="oc-146">
         <name>.debug_line</name>
         <load_address>0x159c</load_address>
         <run_address>0x159c</run_address>
         <size>0x2b</size>
         <input_file_ref idref="fl-140"/>
      </object_component>
      <object_component id="oc-144">
         <name>.debug_line</name>
         <load_address>0x15c7</load_address>
         <run_address>0x15c7</run_address>
         <size>0x68</size>
         <input_file_ref idref="fl-140"/>
      </object_component>
      <object_component id="oc-139">
         <name>.debug_line</name>
         <load_address>0x162f</load_address>
         <run_address>0x162f</run_address>
         <size>0x2b</size>
         <input_file_ref idref="fl-141"/>
      </object_component>
      <object_component id="oc-6f">
         <name>.debug_line</name>
         <load_address>0x165a</load_address>
         <run_address>0x165a</run_address>
         <size>0x50</size>
         <input_file_ref idref="fl-141"/>
      </object_component>
      <object_component id="oc-13d">
         <name>.debug_line</name>
         <load_address>0x16aa</load_address>
         <run_address>0x16aa</run_address>
         <size>0x2b</size>
         <input_file_ref idref="fl-141"/>
      </object_component>
      <object_component id="oc-12d">
         <name>.debug_line</name>
         <load_address>0x16d5</load_address>
         <run_address>0x16d5</run_address>
         <size>0x81</size>
         <input_file_ref idref="fl-142"/>
      </object_component>
      <object_component id="oc-69">
         <name>.debug_line</name>
         <load_address>0x1756</load_address>
         <run_address>0x1756</run_address>
         <size>0x79</size>
         <input_file_ref idref="fl-142"/>
      </object_component>
      <object_component id="oc-131">
         <name>.debug_line</name>
         <load_address>0x17cf</load_address>
         <run_address>0x17cf</run_address>
         <size>0x2e</size>
         <input_file_ref idref="fl-142"/>
      </object_component>
      <object_component id="oc-136">
         <name>.debug_line</name>
         <load_address>0x17fd</load_address>
         <run_address>0x17fd</run_address>
         <size>0x73</size>
         <input_file_ref idref="fl-142"/>
      </object_component>
      <object_component id="oc-19b">
         <name>.debug_line</name>
         <load_address>0x1870</load_address>
         <run_address>0x1870</run_address>
         <size>0x80</size>
         <input_file_ref idref="fl-143"/>
      </object_component>
      <object_component id="oc-ef">
         <name>.debug_line</name>
         <load_address>0x18f0</load_address>
         <run_address>0x18f0</run_address>
         <size>0x68</size>
         <input_file_ref idref="fl-143"/>
      </object_component>
      <object_component id="oc-19f">
         <name>.debug_line</name>
         <load_address>0x1958</load_address>
         <run_address>0x1958</run_address>
         <size>0x2e</size>
         <input_file_ref idref="fl-143"/>
      </object_component>
      <object_component id="oc-159">
         <name>.debug_line</name>
         <load_address>0x1986</load_address>
         <run_address>0x1986</run_address>
         <size>0xd2</size>
         <input_file_ref idref="fl-144"/>
      </object_component>
      <object_component id="oc-151">
         <name>.debug_line</name>
         <load_address>0x1a58</load_address>
         <run_address>0x1a58</run_address>
         <size>0x77</size>
         <input_file_ref idref="fl-145"/>
      </object_component>
      <object_component id="oc-161">
         <name>.debug_line</name>
         <load_address>0x1acf</load_address>
         <run_address>0x1acf</run_address>
         <size>0x5a</size>
         <input_file_ref idref="fl-146"/>
      </object_component>
      <object_component id="oc-1d5">
         <name>.debug_line</name>
         <load_address>0x1b29</load_address>
         <run_address>0x1b29</run_address>
         <size>0xc2</size>
         <input_file_ref idref="fl-147"/>
      </object_component>
      <object_component id="oc-156">
         <name>.debug_line</name>
         <load_address>0x1beb</load_address>
         <run_address>0x1beb</run_address>
         <size>0x13b</size>
         <input_file_ref idref="fl-147"/>
      </object_component>
      <object_component id="oc-163">
         <name>.debug_line</name>
         <load_address>0x1d26</load_address>
         <run_address>0x1d26</run_address>
         <size>0x50</size>
         <input_file_ref idref="fl-148"/>
      </object_component>
      <object_component id="oc-1e7">
         <name>.debug_line</name>
         <load_address>0x1d76</load_address>
         <run_address>0x1d76</run_address>
         <size>0x20</size>
         <input_file_ref idref="fl-149"/>
      </object_component>
      <object_component id="oc-1a9">
         <name>.debug_line</name>
         <load_address>0x1d96</load_address>
         <run_address>0x1d96</run_address>
         <size>0xa2</size>
         <input_file_ref idref="fl-149"/>
      </object_component>
      <object_component id="oc-1e9">
         <name>.debug_line</name>
         <load_address>0x1e38</load_address>
         <run_address>0x1e38</run_address>
         <size>0x7c</size>
         <input_file_ref idref="fl-14a"/>
      </object_component>
      <object_component id="oc-1ac">
         <name>.debug_line</name>
         <load_address>0x1eb4</load_address>
         <run_address>0x1eb4</run_address>
         <size>0xc6</size>
         <input_file_ref idref="fl-14a"/>
      </object_component>
      <object_component id="oc-168">
         <name>.debug_line</name>
         <load_address>0x1f7a</load_address>
         <run_address>0x1f7a</run_address>
         <size>0x4e</size>
         <input_file_ref idref="fl-14b"/>
      </object_component>
      <object_component id="oc-1e1">
         <name>.debug_line</name>
         <load_address>0x1fc8</load_address>
         <run_address>0x1fc8</run_address>
         <size>0x2b</size>
         <input_file_ref idref="fl-14c"/>
      </object_component>
      <object_component id="oc-208">
         <name>.debug_line</name>
         <load_address>0x1ff3</load_address>
         <run_address>0x1ff3</run_address>
         <size>0x72</size>
         <input_file_ref idref="fl-14d"/>
      </object_component>
      <object_component id="oc-1f3">
         <name>.debug_line</name>
         <load_address>0x2065</load_address>
         <run_address>0x2065</run_address>
         <size>0x33</size>
         <input_file_ref idref="fl-14d"/>
      </object_component>
      <object_component id="oc-1ba">
         <name>.debug_line</name>
         <load_address>0x2098</load_address>
         <run_address>0x2098</run_address>
         <size>0x54</size>
         <input_file_ref idref="fl-14d"/>
      </object_component>
      <object_component id="oc-1f7">
         <name>.debug_line</name>
         <load_address>0x20ec</load_address>
         <run_address>0x20ec</run_address>
         <size>0x70</size>
         <input_file_ref idref="fl-14d"/>
      </object_component>
      <object_component id="oc-201">
         <name>.debug_line</name>
         <load_address>0x215c</load_address>
         <run_address>0x215c</run_address>
         <size>0x72</size>
         <input_file_ref idref="fl-14e"/>
      </object_component>
      <object_component id="oc-1d7">
         <name>.debug_line</name>
         <load_address>0x21ce</load_address>
         <run_address>0x21ce</run_address>
         <size>0x53</size>
         <input_file_ref idref="fl-14e"/>
      </object_component>
      <object_component id="oc-205">
         <name>.debug_line</name>
         <load_address>0x2221</load_address>
         <run_address>0x2221</run_address>
         <size>0x72</size>
         <input_file_ref idref="fl-14e"/>
      </object_component>
      <object_component id="oc-20c">
         <name>.debug_line</name>
         <load_address>0x2293</load_address>
         <run_address>0x2293</run_address>
         <size>0x71</size>
         <input_file_ref idref="fl-14f"/>
      </object_component>
      <object_component id="oc-20a">
         <name>.debug_line</name>
         <load_address>0x2304</load_address>
         <run_address>0x2304</run_address>
         <size>0x2c</size>
         <input_file_ref idref="fl-14f"/>
      </object_component>
      <object_component id="oc-1ee">
         <name>.debug_line</name>
         <load_address>0x2330</load_address>
         <run_address>0x2330</run_address>
         <size>0x49</size>
         <input_file_ref idref="fl-14f"/>
      </object_component>
      <object_component id="oc-36">
         <name>.debug_frame</name>
         <load_address>0x0</load_address>
         <run_address>0x0</run_address>
         <size>0xc4</size>
         <input_file_ref idref="fl-2"/>
      </object_component>
      <object_component id="oc-30">
         <name>.debug_frame</name>
         <load_address>0xc4</load_address>
         <run_address>0xc4</run_address>
         <size>0xb2</size>
         <input_file_ref idref="fl-3"/>
      </object_component>
      <object_component id="oc-bf">
         <name>.debug_frame</name>
         <load_address>0x176</load_address>
         <run_address>0x176</run_address>
         <size>0x7f</size>
         <input_file_ref idref="fl-9"/>
      </object_component>
      <object_component id="oc-190">
         <name>.debug_frame</name>
         <load_address>0x1f5</load_address>
         <run_address>0x1f5</run_address>
         <size>0x83</size>
         <input_file_ref idref="fl-a"/>
      </object_component>
      <object_component id="oc-11c">
         <name>.debug_frame</name>
         <load_address>0x278</load_address>
         <run_address>0x278</run_address>
         <size>0x8e</size>
         <input_file_ref idref="fl-a"/>
      </object_component>
      <object_component id="oc-b3">
         <name>.debug_frame</name>
         <load_address>0x306</load_address>
         <run_address>0x306</run_address>
         <size>0x7f</size>
         <input_file_ref idref="fl-a"/>
      </object_component>
      <object_component id="oc-ad">
         <name>.debug_frame</name>
         <load_address>0x385</load_address>
         <run_address>0x385</run_address>
         <size>0x7f</size>
         <input_file_ref idref="fl-a"/>
      </object_component>
      <object_component id="oc-b9">
         <name>.debug_frame</name>
         <load_address>0x404</load_address>
         <run_address>0x404</run_address>
         <size>0x8a</size>
         <input_file_ref idref="fl-a"/>
      </object_component>
      <object_component id="oc-a3">
         <name>.debug_frame</name>
         <load_address>0x48e</load_address>
         <run_address>0x48e</run_address>
         <size>0x7f</size>
         <input_file_ref idref="fl-b"/>
      </object_component>
      <object_component id="oc-97">
         <name>.debug_frame</name>
         <load_address>0x50d</load_address>
         <run_address>0x50d</run_address>
         <size>0x86</size>
         <input_file_ref idref="fl-b"/>
      </object_component>
      <object_component id="oc-9d">
         <name>.debug_frame</name>
         <load_address>0x593</load_address>
         <run_address>0x593</run_address>
         <size>0x7f</size>
         <input_file_ref idref="fl-b"/>
      </object_component>
      <object_component id="oc-184">
         <name>.debug_frame</name>
         <load_address>0x612</load_address>
         <run_address>0x612</run_address>
         <size>0x7f</size>
         <input_file_ref idref="fl-d"/>
      </object_component>
      <object_component id="oc-196">
         <name>.debug_frame</name>
         <load_address>0x691</load_address>
         <run_address>0x691</run_address>
         <size>0x7f</size>
         <input_file_ref idref="fl-d"/>
      </object_component>
      <object_component id="oc-18a">
         <name>.debug_frame</name>
         <load_address>0x710</load_address>
         <run_address>0x710</run_address>
         <size>0x7f</size>
         <input_file_ref idref="fl-d"/>
      </object_component>
      <object_component id="oc-18">
         <name>.debug_frame</name>
         <load_address>0x78f</load_address>
         <run_address>0x78f</run_address>
         <size>0x7f</size>
         <input_file_ref idref="fl-131"/>
      </object_component>
      <object_component id="oc-4b">
         <name>.debug_frame</name>
         <load_address>0x80e</load_address>
         <run_address>0x80e</run_address>
         <size>0x8e</size>
         <input_file_ref idref="fl-132"/>
      </object_component>
      <object_component id="oc-1e">
         <name>.debug_frame</name>
         <load_address>0x89c</load_address>
         <run_address>0x89c</run_address>
         <size>0x7f</size>
         <input_file_ref idref="fl-132"/>
      </object_component>
      <object_component id="oc-24">
         <name>.debug_frame</name>
         <load_address>0x91b</load_address>
         <run_address>0x91b</run_address>
         <size>0x7f</size>
         <input_file_ref idref="fl-133"/>
      </object_component>
      <object_component id="oc-72">
         <name>.debug_frame</name>
         <load_address>0x99a</load_address>
         <run_address>0x99a</run_address>
         <size>0xb3</size>
         <input_file_ref idref="fl-134"/>
      </object_component>
      <object_component id="oc-64">
         <name>.debug_frame</name>
         <load_address>0xa4d</load_address>
         <run_address>0xa4d</run_address>
         <size>0x7f</size>
         <input_file_ref idref="fl-13b"/>
      </object_component>
[...]
            <object_component_ref idref="oc-203"/>
         </contents>
      </logical_group>
      <load_segment id="lg-23d" display="no" color="cyan">
         <name>SEGMENT_0</name>
         <load_address>0x0</load_address>
         <run_address>0x0</run_address>
         <size>0x1908</size>
         <flags>0x5</flags>
         <contents>
            <logical_group_ref idref="lg-4"/>
            <logical_group_ref idref="lg-5"/>
            <logical_group_ref idref="lg-6"/>
            <logical_group_ref idref="lg-7"/>
         </contents>
      </load_segment>
      <load_segment id="lg-23e" display="no" color="cyan">
         <name>SEGMENT_1</name>
         <run_address>0x20000000</run_address>
         <size>0x274</size>
         <flags>0x6</flags>
         <contents>
            <logical_group_ref idref="lg-b"/>
            <logical_group_ref idref="lg-c"/>
         </contents>
      </load_segment>
      <load_segment id="lg-23f" display="no" color="cyan">
         <name>SEGMENT_2</name>
         <run_address>0x2000fe00</run_address>
         <size>0x200</size>
         <flags>0x6</flags>
         <contents>
            <logical_group_ref idref="lg-e"/>
         </contents>
      </load_segment>
   </logical_group_list>
   <placement_map>
      <memory_area display="yes" color="green">
         <name>MAIN</name>
         <page_id>0x0</page_id>
         <origin>0x0</origin>
         <length>0x40000</length>
         <used_space>0x1908</used_space>
         <unused_space>0x3e6f8</unused_space>
         <attributes>RX</attributes>
         <usage_details>
            <allocated_space>
               <start_address>0x0</start_address>
               <size>0x144</size>
               <logical_group_ref idref="lg-4"/>
            </allocated_space>
            <allocated_space>
               <start_address>0x144</start_address>
               <size>0x169c</size>
               <logical_group_ref idref="lg-5"/>
            </allocated_space>
            <allocated_space>
               <start_address>0x17e0</start_address>
               <size>0xb0</size>
               <logical_group_ref idref="lg-6"/>
            </allocated_space>
            <allocated_space>
               <start_address>0x1890</start_address>
               <size>0x78</size>
               <logical_group_ref idref="lg-7"/>
            </allocated_space>
            <available_space>
               <start_address>0x1908</start_address>
               <size>0x3e6f8</size>
            </available_space>
         </usage_details>
      </memory_area>
      <memory_area display="yes" color="green">
         <name>INFO</name>
         <page_id>0x0</page_id>
         <origin>0x200000</origin>
         <length>0x4000</length>
         <used_space>0x0</used_space>
         <unused_space>0x4000</unused_space>
         <attributes>RX</attributes>
         <usage_details>
         </usage_details>
      </memory_area>
      <memory_area display="yes" color="green">
         <name>SRAM_CODE</name>
         <page_id>0x0</page_id>
         <origin>0x1000000</origin>
         <length>0x10000</length>
         <used_space>0x0</used_space>
         <unused_space>0x10000</unused_space>
         <attributes>RWX</attributes>
         <usage_details>
         </usage_details>
      </memory_area>
      <memory_area display="yes" color="green">
         <name>SRAM_DATA</name>
         <page_id>0x0</page_id>
         <origin>0x20000000</origin>
         <length>0x10000</length>
         <used_space>0x474</used_space>
         <unused_space>0xfb8c</unused_space>
         <attributes>RW</attributes>
         <usage_details>
            <allocated_space>
               <start_address>0x20000000</start_address>
               <size>0x1a4</size>
               <logical_group_ref idref="lg-20f"/>
            </allocated_space>
            <allocated_space>
               <start_address>0x200001a4</start_address>
               <size>0xd0</size>
               <logical_group_ref idref="lg-20d"/>
            </allocated_space>
            <available_space>
               <start_address>0x20000274</start_address>
               <size>0xfb8c</size>
            </available_space>
            <allocated_space>
               <start_address>0x2000fe00</start_address>
               <size>0x200</size>
               <logical_group_ref idref="lg-e"/>
            </allocated_space>
         </usage_details>
      </memory_area>
   </placement_map>
   <cptbl_list>
      <cptbl>
         <name>__TI_cinit_table</name>
         <cprec>
            <name>.data</name>
            <load_address>0x1890</load_address>
            <load_size>0x51</load_size>
            <run_address>0x20000000</run_address>
            <run_size>0x1a4</run_size>
            <compression>rle</compression>
         </cprec>
         <cprec>
            <name>.bss</name>
            <load_address>0x18f0</load_address>
            <load_size>0x8</load_size>
            <run_address>0x200001a4</run_address>
            <run_size>0xd0</run_size>
            <compression>zero_init</compression>
         </cprec>
      </cptbl>
   </cptbl_list>
   <handler_table>
      <handler_table_name>__TI_handler_table</handler_table_name>
      <handler>
         <index>0x0</index>
         <name>__TI_decompress_rle24</name>
      </handler>
      <handler>
         <index>0x1</index>
         <name>__TI_decompress_none</name>
      </handler>
      <handler>
         <index>0x2</index>
         <name>__TI_zero_init</name>
      </handler>
   </handler_table>
   <symbol_table>
      <symbol id="sm-1">
         <name>WDTCTL_SYM</name>
         <value>0x4000480c</value>
      </symbol>
      <symbol id="sm-2">
         <name>__TI_CINIT_Base</name>
         <value>0x18f8</value>
      </symbol>
      <symbol id="sm-3">
         <name>__TI_CINIT_Limit</name>
         <value>0x1908</value>
      </symbol>
      <symbol id="sm-4">
         <name>__TI_Handler_Table_Base</name>
         <value>0x18e4</value>
      </symbol>
      <symbol id="sm-5">
         <name>__TI_Handler_Table_Limit</name>
         <value>0x18f0</value>
      </symbol>
      <symbol id="sm-6">
         <name>binit</name>
         <value>0xffffffff</value>
      </symbol>
      <symbol id="sm-7">
         <name>__binit__</name>
         <value>0xffffffff</value>
      </symbol>
      <symbol id="sm-8">
         <name>__STACK_SIZE</name>
         <value>0x200</value>
      </symbol>
      <symbol id="sm-9">
         <name>__STACK_END</name>
         <value>0x20010000</value>
      </symbol>
      <symbol id="sm-a">
         <name>__c_args__</name>
         <value>0xffffffff</value>
      </symbol>
      <symbol id="sm-89">
         <name>sin_value</name>
         <value>0x200001a4</value>
         <object_component_ref idref="oc-c0"/>
      </symbol>
      <symbol id="sm-8a">
         <name>main</name>
         <value>0x145</value>
         <object_component_ref idref="oc-31"/>
      </symbol>
      <symbol id="sm-8b">
         <name>systick_isr</name>
         <value>0x2e9</value>
         <object_component_ref idref="oc-31"/>
      </symbol>
      <symbol id="sm-8c">
         <name>adc_isr</name>
         <value>0x4f9</value>
         <object_component_ref idref="oc-31"/>
      </symbol>
      <symbol id="sm-ae">
         <name>interruptVectors</name>
         <value>0x0</value>
         <object_component_ref idref="oc-10"/>
      </symbol>
      <symbol id="sm-c2">
         <name>ADC14_setResolution</name>
         <value>0x1741</value>
         <object_component_ref idref="oc-ba"/>
      </symbol>
      <symbol id="sm-121">
         <name>CS_startHFXT</name>
         <value>0x17d1</value>
         <object_component_ref idref="oc-ae"/>
      </symbol>
      <symbol id="sm-122">
         <name>CS_setExternalClockSourceFrequency</name>
         <value>0x1755</value>
         <object_component_ref idref="oc-a8"/>
      </symbol>
      <symbol id="sm-123">
         <name>CS_startHFXTWithTimeout</name>
         <value>0x10cd</value>
         <object_component_ref idref="oc-117"/>
      </symbol>
      <symbol id="sm-124">
         <name>CS_initClockSignal</name>
         <value>0xe91</value>
         <object_component_ref idref="oc-b4"/>
      </symbol>
      <symbol id="sm-158">
         <name>GPIO_setAsOutputPin</name>
         <value>0x16e9</value>
         <object_component_ref idref="oc-9c"/>
      </symbol>
      <symbol id="sm-159">
         <name>GPIO_setAsPeripheralModuleFunctionOutputPin</name>
         <value>0x1441</value>
         <object_component_ref idref="oc-a2"/>
      </symbol>
      <symbol id="sm-15a">
         <name>GPIO_setAsPeripheralModuleFunctionInputPin</name>
         <value>0x13f5</value>
         <object_component_ref idref="oc-96"/>
      </symbol>
      <symbol id="sm-17e">
         <name>SysCtl_getNMISourceStatus</name>
         <value>0x17ad</value>
         <object_component_ref idref="oc-17f"/>
      </symbol>
      <symbol id="sm-17f">
         <name>SysCtl_enableNMISource</name>
         <value>0x178d</value>
         <object_component_ref idref="oc-191"/>
      </symbol>
      <symbol id="sm-180">
         <name>SysCtl_disableNMISource</name>
         <value>0x177d</value>
         <object_component_ref idref="oc-185"/>
      </symbol>
      <symbol id="sm-193">
         <name>_c_int00</name>
         <value>0x13a5</value>
         <object_component_ref idref="oc-25"/>
      </symbol>
      <symbol id="sm-194">
         <name>__stack</name>
         <value>0x2000fe00</value>
         <object_component_ref idref="oc-2a"/>
      </symbol>
      <symbol id="sm-1ab">
         <name>__TI_decompress_none</name>
         <value>0x179d</value>
         <object_component_ref idref="oc-13"/>
      </symbol>
      <symbol id="sm-1d3">
         <name>__TI_decompress_rle24</name>
         <value>0x17d7</value>
         <object_component_ref idref="oc-19"/>
      </symbol>
      <symbol id="sm-1e5">
         <name>__TI_zero_init</name>
         <value>0x17b9</value>
         <object_component_ref idref="oc-1f"/>
      </symbol>
      <symbol id="sm-204">
         <name>C$$EXIT</name>
         <value>0x156d</value>
         <object_component_ref idref="oc-71"/>
      </symbol>
      <symbol id="sm-205">
         <name>abort</name>
         <value>0x1571</value>
         <object_component_ref idref="oc-71"/>
      </symbol>
      <symbol id="sm-206">
         <name>exit</name>
         <value>0x1579</value>
         <object_component_ref idref="oc-71"/>
      </symbol>
      <symbol id="sm-207">
         <name>__TI_dtors_ptr</name>
         <value>0x20000190</value>
         <object_component_ref idref="oc-f8"/>
      </symbol>
      <symbol id="sm-208">
         <name>__TI_cleanup_ptr</name>
         <value>0x2000018c</value>
         <object_component_ref idref="oc-f8"/>
      </symbol>
      <symbol id="sm-228">
         <name>__aeabi_ddiv</name>
         <value>0xb4d</value>
         <object_component_ref idref="oc-8c"/>
      </symbol>
      <symbol id="sm-23f">
         <name>__aeabi_dmul</name>
         <value>0xd95</value>
         <object_component_ref idref="oc-81"/>
      </symbol>
      <symbol id="sm-24b">
         <name>__aeabi_d2f</name>
         <value>0x14d9</value>
         <object_component_ref idref="oc-91"/>
      </symbol>
      <symbol id="sm-259">
         <name>__aeabi_f2d</name>
         <value>0x15f1</value>
         <object_component_ref idref="oc-7c"/>
      </symbol>
      <symbol id="sm-274">
         <name>memcpy</name>
         <value>0x102f</value>
         <object_component_ref idref="oc-3a"/>
      </symbol>
      <symbol id="sm-275">
         <name>__aeabi_memcpy</name>
         <value>0x102f</value>
         <object_component_ref idref="oc-3a"/>
      </symbol>
      <symbol id="sm-276">
         <name>__aeabi_memcpy8</name>
         <value>0x102f</value>
         <object_component_ref idref="oc-3a"/>
      </symbol>
      <symbol id="sm-277">
         <name>__aeabi_memcpy4</name>
         <value>0x102f</value>
         <object_component_ref idref="oc-3a"/>
      </symbol>
      <symbol id="sm-286">
         <name>__aeabi_memset</name>
         <value>0x11e5</value>
         <object_component_ref idref="oc-53"/>
      </symbol>
      <symbol id="sm-287">
         <name>memset</name>
         <value>0x11eb</value>
         <object_component_ref idref="oc-53"/>
      </symbol>
      <symbol id="sm-288">
         <name>__aeabi_memset8</name>
         <value>0x11e5</value>
         <object_component_ref idref="oc-53"/>
      </symbol>
      <symbol id="sm-289">
         <name>__aeabi_memset4</name>
         <value>0x11e5</value>
         <object_component_ref idref="oc-53"/>
      </symbol>
      <symbol id="sm-28a">
         <name>__aeabi_memclr8</name>
         <value>0x11e3</value>
         <object_component_ref idref="oc-53"/>
      </symbol>
      <symbol id="sm-28b">
         <name>__aeabi_memclr4</name>
         <value>0x11e3</value>
         <object_component_ref idref="oc-53"/>
      </symbol>
      <symbol id="sm-28c">
         <name>__aeabi_memclr</name>
         <value>0x11e3</value>
         <object_component_ref idref="oc-53"/>
      </symbol>
      <symbol id="sm-296">
         <name>_system_pre_init</name>
         <value>0x17dd</value>
         <object_component_ref idref="oc-5f"/>
      </symbol>
      <symbol id="sm-2a0">
         <name>sin</name>
         <value>0x170d</value>
         <object_component_ref idref="oc-86"/>
      </symbol>
      <symbol id="sm-2a8">
         <name>main_func_sp</name>
         <value>0x200001a0</value>
         <object_component_ref idref="oc-77"/>
      </symbol>
      <symbol id="sm-2e7">
         <name>_Sin</name>
         <value>0x58d</value>
         <object_component_ref idref="oc-102"/>
      </symbol>
      <symbol id="sm-2f7">
         <name>_Rteps</name>
         <value>0x20000110</value>
         <object_component_ref idref="oc-16d"/>
      </symbol>
      <symbol id="sm-2f8">
         <name>_Zero</name>
         <value>0x20000128</value>
         <object_component_ref idref="oc-16d"/>
      </symbol>
      <symbol id="sm-2f9">
         <name>_Hugeval</name>
         <value>0x200000d0</value>
         <object_component_ref idref="oc-16d"/>
      </symbol>
      <symbol id="sm-2fa">
         <name>_Snan</name>
         <value>0x20000100</value>
         <object_component_ref idref="oc-16d"/>
      </symbol>
      <symbol id="sm-2fb">
         <name>_Nan</name>
         <value>0x200000f0</value>
         <object_component_ref idref="oc-16d"/>
      </symbol>
      <symbol id="sm-2fc">
         <name>_Inf</name>
         <value>0x200000e0</value>
         <object_component_ref idref="oc-16d"/>
      </symbol>
      <symbol id="sm-2fd">
         <name>_Xbig</name>
         <value>0x20000120</value>
         <object_component_ref idref="oc-16d"/>
      </symbol>
      <symbol id="sm-2fe">
         <name>_Eps</name>
         <value>0x200000c0</value>
         <object_component_ref idref="oc-16d"/>
      </symbol>
      <symbol id="sm-2ff">
         <name>_Denorm</name>
         <value>0x200000b0</value>
         <object_component_ref idref="oc-16d"/>
      </symbol>
      <symbol id="sm-318">
         <name>_nop</name>
         <value>0x1777</value>
         <object_component_ref idref="oc-13f"/>
      </symbol>
      <symbol id="sm-319">
         <name>_lock</name>
         <value>0x20000184</value>
         <object_component_ref idref="oc-f5"/>
      </symbol>
      <symbol id="sm-31a">
         <name>_unlock</name>
         <value>0x20000188</value>
         <object_component_ref idref="oc-f5"/>
      </symbol>
      <symbol id="sm-31b">
         <name>_register_lock</name>
         <value>0x176f</value>
         <object_component_ref idref="oc-13f"/>
      </symbol>
      <symbol id="sm-31c">
         <name>_register_unlock</name>
         <value>0x1769</value>
         <object_component_ref idref="oc-13f"/>
      </symbol>
      <symbol id="sm-331">
         <name>_args_main</name>
         <value>0x1729</value>
         <object_component_ref idref="oc-6b"/>
      </symbol>
      <symbol id="sm-357">
         <name>__TI_auto_init</name>
         <value>0x12cd</value>
         <object_component_ref idref="oc-65"/>
      </symbol>
      <symbol id="sm-371">
         <name>copy_in</name>
         <value>0x148d</value>
         <object_component_ref idref="oc-eb"/>
      </symbol>
      <symbol id="sm-395">
         <name>__aeabi_dsub</name>
         <value>0x821</value>
         <object_component_ref idref="oc-158"/>
      </symbol>
      <symbol id="sm-396">
         <name>__aeabi_dadd</name>
         <value>0x82b</value>
         <object_component_ref idref="oc-158"/>
      </symbol>
      <symbol id="sm-3ad">
         <name>__aeabi_cdcmpeq</name>
         <value>0x115d</value>
         <object_component_ref idref="oc-14d"/>
      </symbol>
      <symbol id="sm-3ae">
         <name>__aeabi_cdcmple</name>
         <value>0x115d</value>
         <object_component_ref idref="oc-14d"/>
      </symbol>
      <symbol id="sm-3bc">
         <name>__aeabi_d2iz</name>
         <value>0x1523</value>
         <object_component_ref idref="oc-15d"/>
      </symbol>
      <symbol id="sm-3e0">
         <name>fmod</name>
         <value>0x9d9</value>
         <object_component_ref idref="oc-152"/>
      </symbol>
      <symbol id="sm-3ec">
         <name>__aeabi_i2d</name>
         <value>0x168d</value>
         <object_component_ref idref="oc-162"/>
      </symbol>
      <symbol id="sm-401">
         <name>_Dnorm</name>
         <value>0xf71</value>
         <object_component_ref idref="oc-1a5"/>
      </symbol>
      <symbol id="sm-41d">
         <name>_Dscale</name>
         <value>0xc85</value>
         <object_component_ref idref="oc-1ab"/>
      </symbol>
      <symbol id="sm-42c">
         <name>_Feraise</name>
         <value>0x165d</value>
         <object_component_ref idref="oc-167"/>
      </symbol>
      <symbol id="sm-434">
         <name>_Errno</name>
         <value>0x2000019c</value>
         <object_component_ref idref="oc-1bc"/>
      </symbol>
      <symbol id="sm-452">
         <name>feraiseexcept</name>
         <value>0x1629</value>
         <object_component_ref idref="oc-1b6"/>
      </symbol>
      <symbol id="sm-453">
         <name>_Tls_setup__Fenv</name>
         <value>0x20000198</value>
         <object_component_ref idref="oc-1dc"/>
      </symbol>
      <symbol id="sm-454">
         <name>_Fenv</name>
         <value>0x20000194</value>
         <object_component_ref idref="oc-1dc"/>
      </symbol>
      <symbol id="sm-468">
         <name>raise</name>
         <value>0x16bb</value>
         <object_component_ref idref="oc-1d6"/>
      </symbol>
      <symbol id="sm-482">
         <name>signal</name>
         <value>0x15b1</value>
         <object_component_ref idref="oc-1ea"/>
      </symbol>
      <symbol id="sm-483">
         <name>__TI_static_base__</name>
         <value>0x0</value>
      </symbol>
      <symbol id="sm-486">
         <name>SHT$$INIT_ARRAY$$Limit</name>
         <value>0x0</value>
      </symbol>
      <symbol id="sm-487">
         <name>SHT$$INIT_ARRAY$$Base</name>
         <value>0x0</value>
      </symbol>
   </symbol_table>
   <title>Link successful</title>
</link_info>
