<?xml version="1.0"?>
<link_info>
   <banner>TI ARM Linker PC v5.2.4</banner>
   <copyright>Copyright (c) 1996-2015 Texas Instruments Incorporated</copyright>
   <link_time>0x566e918f</link_time>
   <link_errors>0x0</link_errors>
   <output_file>Template.out</output_file>
   <entry_point>
      <name>_c_int00</name>
      <address>0x67d</address>
   </entry_point>
   <input_file_list>
      <input_file id="fl-2">
         <path>.\</path>
         <kind>object</kind>
         <file>main.obj</file>
         <name>main.obj</name>
      </input_file>
      <input_file id="fl-3">
         <path>.\</path>
         <kind>object</kind>
         <file>msp432_startup_ccs.obj</file>
         <name>msp432_startup_ccs.obj</name>
      </input_file>
      <input_file id="fl-9">
         <path>..\</path>
         <kind>archive</kind>
         <file>msp432p4xx_driverlib.lib</file>
         <name>cs.o</name>
      </input_file>
      <input_file id="fl-a">
         <path>..\</path>
         <kind>archive</kind>
         <file>msp432p4xx_driverlib.lib</file>
         <name>gpio.o</name>
      </input_file>
      <input_file id="fl-b">
         <path>..\</path>
         <kind>archive</kind>
         <file>msp432p4xx_driverlib.lib</file>
         <name>interrupt.o</name>
      </input_file>
      <input_file id="fl-c">
         <path>..\</path>
         <kind>archive</kind>
         <file>msp432p4xx_driverlib.lib</file>
         <name>sysctl.o</name>
      </input_file>
      <input_file id="fl-d">
         <path>..\</path>
         <kind>archive</kind>
         <file>msp432p4xx_driverlib.lib</file>
         <name>cpu.o</name>
      </input_file>
      <input_file id="fl-12f">
         <path>C:\ti\ccsv6\tools\compiler\ti-cgt-arm_5.2.4\lib\</path>
         <kind>archive</kind>
         <file>rtsv7M4_T_le_v4SPD16_eabi.lib</file>
         <name>boot.obj</name>
      </input_file>
      <input_file id="fl-130">
         <path>C:\ti\ccsv6\tools\compiler\ti-cgt-arm_5.2.4\lib\</path>
         <kind>archive</kind>
         <file>rtsv7M4_T_le_v4SPD16_eabi.lib</file>
         <name>copy_decompress_none.obj</name>
      </input_file>
      <input_file id="fl-131">
         <path>C:\ti\ccsv6\tools\compiler\ti-cgt-arm_5.2.4\lib\</path>
         <kind>archive</kind>
         <file>rtsv7M4_T_le_v4SPD16_eabi.lib</file>
         <name>copy_decompress_rle.obj</name>
      </input_file>
      <input_file id="fl-132">
         <path>C:\ti\ccsv6\tools\compiler\ti-cgt-arm_5.2.4\lib\</path>
         <kind>archive</kind>
         <file>rtsv7M4_T_le_v4SPD16_eabi.lib</file>
         <name>copy_zero_init.obj</name>
      </input_file>
      <input_file id="fl-133">
         <path>C:\ti\ccsv6\tools\compiler\ti-cgt-arm_5.2.4\lib\</path>
         <kind>archive</kind>
         <file>rtsv7M4_T_le_v4SPD16_eabi.lib</file>
         <name>exit.obj</name>
      </input_file>
      <input_file id="fl-134">
         <path>C:\ti\ccsv6\tools\compiler\ti-cgt-arm_5.2.4\lib\</path>
         <kind>archive</kind>
         <file>rtsv7M4_T_le_v4SPD16_eabi.lib</file>
         <name>memcpy_t2.obj</name>
      </input_file>
      <input_file id="fl-135">
         <path>C:\ti\ccsv6\tools\compiler\ti-cgt-arm_5.2.4\lib\</path>
         <kind>archive</kind>
         <file>rtsv7M4_T_le_v4SPD16_eabi.lib</file>
         <name>memset_t2.obj</name>
      </input_file>
      <input_file id="fl-136">
         <path>C:\ti\ccsv6\tools\compiler\ti-cgt-arm_5.2.4\lib\</path>
         <kind>archive</kind>
         <file>rtsv7M4_T_le_v4SPD16_eabi.lib</file>
         <name>pre_init.obj</name>
      </input_file>
      <input_file id="fl-137">
         <path>C:\ti\ccsv6\tools\compiler\ti-cgt-arm_5.2.4\lib\</path>
         <kind>archive</kind>
         <file>rtsv7M4_T_le_v4SPD16_eabi.lib</file>
         <name>stkdepth_vars.obj</name>
      </input_file>
      <input_file id="fl-138">
         <path>C:\ti\ccsv6\tools\compiler\ti-cgt-arm_5.2.4\lib\</path>
         <kind>archive</kind>
         <file>rtsv7M4_T_le_v4SPD16_eabi.lib</file>
         <name>_lock.obj</name>
      </input_file>
      <input_file id="fl-139">
         <path>C:\ti\ccsv6\tools\compiler\ti-cgt-arm_5.2.4\lib\</path>
         <kind>archive</kind>
         <file>rtsv7M4_T_le_v4SPD16_eabi.lib</file>
         <name>args_main.obj</name>
      </input_file>
      <input_file id="fl-13a">
         <path>C:\ti\ccsv6\tools\compiler\ti-cgt-arm_5.2.4\lib\</path>
         <kind>archive</kind>
         <file>rtsv7M4_T_le_v4SPD16_eabi.lib</file>
         <name>autoinit.obj</name>
      </input_file>
      <input_file id="fl-13b">
         <path>C:\ti\ccsv6\tools\compiler\ti-cgt-arm_5.2.4\lib\</path>
         <kind>archive</kind>
         <file>rtsv7M4_T_le_v4SPD16_eabi.lib</file>
         <name>cpy_tbl.obj</name>
      </input_file>
   </input_file_list>
   <object_component_list>
      <object_component id="oc-10">
         <name>.intvecs</name>
         <load_address>0x0</load_address>
         <run_address>0x0</run_address>
         <size>0x144</size>
         <input_file_ref idref="fl-3"/>
      </object_component>
      <object_component id="oc-31">
         <name>.text</name>
         <load_address>0x144</load_address>
         <run_address>0x144</run_address>
         <size>0x168</size>
         <input_file_ref idref="fl-2"/>
      </object_component>
      <object_component id="oc-94">
         <name>.text:CS_initClockSignal</name>
         <load_address>0x2ac</load_address>
         <run_address>0x2ac</run_address>
         <size>0xe0</size>
         <input_file_ref idref="fl-9"/>
      </object_component>
      <object_component id="oc-3a">
         <name>.text</name>
         <load_address>0x38c</load_address>
         <run_address>0x38c</run_address>
         <size>0x9c</size>
         <input_file_ref idref="fl-134"/>
      </object_component>
      <object_component id="oc-e1">
         <name>.text:CS_startHFXTWithTimeout</name>
         <load_address>0x428</load_address>
         <run_address>0x428</run_address>
         <size>0x90</size>
         <input_file_ref idref="fl-9"/>
      </object_component>
      <object_component id="oc-53">
         <name>.text</name>
         <load_address>0x4b8</load_address>
         <run_address>0x4b8</run_address>
         <size>0x7a</size>
         <input_file_ref idref="fl-135"/>
      </object_component>
      <object_component id="oc-123">
         <name>.text:_CSGetHFXTFrequency</name>
         <load_address>0x534</load_address>
         <run_address>0x534</run_address>
         <size>0x70</size>
         <input_file_ref idref="fl-9"/>
      </object_component>
      <object_component id="oc-65">
         <name>.text</name>
         <load_address>0x5a4</load_address>
         <run_address>0x5a4</run_address>
         <size>0x6c</size>
         <input_file_ref idref="fl-13a"/>
      </object_component>
      <object_component id="oc-46">
         <name>.text</name>
         <load_address>0x610</load_address>
         <run_address>0x610</run_address>
         <size>0x6a</size>
         <input_file_ref idref="fl-131"/>
      </object_component>
      <object_component id="oc-25">
         <name>.text</name>
         <load_address>0x67c</load_address>
         <run_address>0x67c</run_address>
         <size>0x50</size>
         <input_file_ref idref="fl-12f"/>
      </object_component>
      <object_component id="oc-7c">
         <name>.text:GPIO_setAsPeripheralModuleFunctionInputPin</name>
         <load_address>0x6cc</load_address>
         <run_address>0x6cc</run_address>
         <size>0x4c</size>
         <input_file_ref idref="fl-a"/>
      </object_component>
      <object_component id="oc-82">
         <name>.text:GPIO_setAsPeripheralModuleFunctionOutputPin</name>
         <load_address>0x718</load_address>
         <run_address>0x718</run_address>
         <size>0x4c</size>
         <input_file_ref idref="fl-a"/>
      </object_component>
      <object_component id="oc-c1">
         <name>.text</name>
         <load_address>0x764</load_address>
         <run_address>0x764</run_address>
         <size>0x4c</size>
         <input_file_ref idref="fl-13b"/>
      </object_component>
      <object_component id="oc-71">
         <name>.text</name>
         <load_address>0x7b0</load_address>
         <run_address>0x7b0</run_address>
         <size>0x44</size>
         <input_file_ref idref="fl-133"/>
      </object_component>
      <object_component id="oc-6b">
         <name>.text</name>
         <load_address>0x7f4</load_address>
         <run_address>0x7f4</run_address>
         <size>0x18</size>
         <input_file_ref idref="fl-139"/>
      </object_component>
      <object_component id="oc-88">
         <name>.text:CS_setExternalClockSourceFrequency</name>
         <load_address>0x80c</load_address>
         <run_address>0x80c</run_address>
         <size>0x14</size>
         <input_file_ref idref="fl-9"/>
      </object_component>
      <object_component id="oc-fe">
         <name>.text</name>
         <load_address>0x820</load_address>
         <run_address>0x820</run_address>
         <size>0x14</size>
         <input_file_ref idref="fl-138"/>
      </object_component>
      <object_component id="oc-11d">
         <name>.text:SysCtl_disableNMISource</name>
         <load_address>0x834</load_address>
         <run_address>0x834</run_address>
         <size>0x10</size>
         <input_file_ref idref="fl-c"/>
      </object_component>
      <object_component id="oc-129">
         <name>.text:SysCtl_enableNMISource</name>
         <load_address>0x844</load_address>
         <run_address>0x844</run_address>
         <size>0x10</size>
         <input_file_ref idref="fl-c"/>
      </object_component>
      <object_component id="oc-13">
         <name>.text:decompress:none</name>
         <load_address>0x854</load_address>
         <run_address>0x854</run_address>
         <size>0xe</size>
         <input_file_ref idref="fl-130"/>
      </object_component>
      <object_component id="oc-117">
         <name>.text:SysCtl_getNMISourceStatus</name>
         <load_address>0x864</load_address>
         <run_address>0x864</run_address>
         <size>0xc</size>
         <input_file_ref idref="fl-c"/>
      </object_component>
      <object_component id="oc-1f">
         <name>.text:decompress:ZI</name>
         <load_address>0x870</load_address>
         <run_address>0x870</run_address>
         <size>0xc</size>
         <input_file_ref idref="fl-132"/>
      </object_component>
      <object_component id="oc-2b">
         <name>.text</name>
         <load_address>0x87c</load_address>
         <run_address>0x87c</run_address>
         <size>0xc</size>
         <input_file_ref idref="fl-3"/>
      </object_component>
      <object_component id="oc-8e">
         <name>.text:CS_startHFXT</name>
         <load_address>0x888</load_address>
         <run_address>0x888</run_address>
         <size>0x6</size>
         <input_file_ref idref="fl-9"/>
      </object_component>
      <object_component id="oc-19">
         <name>.text:decompress:rle24</name>
         <load_address>0x88e</load_address>
         <run_address>0x88e</run_address>
         <size>0x6</size>
         <input_file_ref idref="fl-131"/>
      </object_component>
      <object_component id="oc-5f">
         <name>.text</name>
         <load_address>0x894</load_address>
         <run_address>0x894</run_address>
         <size>0x4</size>
         <input_file_ref idref="fl-136"/>
      </object_component>
      <object_component id="oc-d6">
         <name>.const:GPIO_PORT_TO_BASE</name>
         <load_address>0x898</load_address>
         <run_address>0x898</run_address>
         <size>0x30</size>
         <input_file_ref idref="fl-a"/>
      </object_component>
      <object_component id="oc-164">
         <name>.cinit..data.load</name>
         <load_address>0x8c8</load_address>
         <run_address>0x8c8</run_address>
         <size>0xf</size>
      </object_component>
      <object_component id="oc-162">
         <name>__TI_handler_table</name>
         <load_address>0x8d8</load_address>
         <run_address>0x8d8</run_address>
         <size>0xc</size>
      </object_component>
      <object_component id="oc-165">
         <name>.cinit..bss.load</name>
         <load_address>0x8e8</load_address>
         <run_address>0x8e8</run_address>
         <size>0x8</size>
      </object_component>
      <object_component id="oc-163">
         <name>__TI_cinit_table</name>
         <load_address>0x8f0</load_address>
         <run_address>0x8f0</run_address>
         <size>0x10</size>
      </object_component>
      <object_component id="oc-2a">
         <name>.stack</name>
         <uninitialized>true</uninitialized>
         <run_address>0x2000fe00</run_address>
         <size>0x0</size>
         <input_file_ref idref="fl-12f"/>
      </object_component>
      <object_component id="oc-166">
         <name>.stack</name>
         <uninitialized>true</uninitialized>
         <run_address>0x2000fe00</run_address>
         <size>0x0</size>
      </object_component>
      <object_component id="oc-df">
         <name>.common:hfxtFreq</name>
         <uninitialized>true</uninitialized>
         <run_address>0x20000018</run_address>
         <size>0x4</size>
      </object_component>
      <object_component id="oc-dc">
         <name>.common:lfxtFreq</name>
         <uninitialized>true</uninitialized>
         <run_address>0x2000001c</run_address>
         <size>0x4</size>
      </object_component>
      <object_component id="oc-9a">
         <name>.data</name>
         <load_address>0x20000010</load_address>
         <run_address>0x20000010</run_address>
         <size>0x4</size>
         <input_file_ref idref="fl-2"/>
      </object_component>
      <object_component id="oc-ce">
         <name>.data</name>
         <load_address>0x20000008</load_address>
         <run_address>0x20000008</run_address>
         <size>0x8</size>
         <input_file_ref idref="fl-133"/>
      </object_component>
      <object_component id="oc-77">
         <name>.data</name>
         <load_address>0x20000014</load_address>
         <run_address>0x20000014</run_address>
         <size>0x4</size>
         <input_file_ref idref="fl-137"/>
      </object_component>
      <object_component id="oc-cb">
         <name>.data</name>
         <load_address>0x20000000</load_address>
         <run_address>0x20000000</run_address>
         <size>0x8</size>
         <input_file_ref idref="fl-138"/>
      </object_component>
      <object_component id="oc-32">
         <name>.debug_info</name>
         <load_address>0x0</load_address>
         <run_address>0x0</run_address>
         <size>0x29a</size>
         <input_file_ref idref="fl-2"/>
      </object_component>
      <object_component id="oc-9c">
         <name>.debug_info</name>
         <load_address>0x29a</load_address>
         <run_address>0x29a</run_address>
         <size>0x8b</size>
         <input_file_ref idref="fl-2"/>
      </object_component>
      <object_component id="oc-a1">
         <name>.debug_info</name>
         <load_address>0x325</load_address>
         <run_address>0x325</run_address>
         <size>0x18b</size>
         <input_file_ref idref="fl-2"/>
      </object_component>
      <object_component id="oc-39">
         <name>.debug_info</name>
         <load_address>0x4b0</load_address>
         <run_address>0x4b0</run_address>
         <size>0x129</size>
         <input_file_ref idref="fl-3"/>
      </object_component>
      <object_component id="oc-11">
         <name>.debug_info</name>
         <load_address>0x5d9</load_address>
         <run_address>0x5d9</run_address>
         <size>0xe2</size>
         <input_file_ref idref="fl-3"/>
      </object_component>
      <object_component id="oc-2c">
         <name>.debug_info</name>
         <load_address>0x6bb</load_address>
         <run_address>0x6bb</run_address>
         <size>0x210</size>
         <input_file_ref idref="fl-3"/>
      </object_component>
      <object_component id="oc-a8">
         <name>.debug_info</name>
         <load_address>0x8cb</load_address>
         <run_address>0x8cb</run_address>
         <size>0x84</size>
         <input_file_ref idref="fl-3"/>
      </object_component>
      <object_component id="oc-dd">
         <name>.debug_info</name>
         <load_address>0x94f</load_address>
         <run_address>0x94f</run_address>
         <size>0x52b</size>
         <input_file_ref idref="fl-9"/>
      </object_component>
      <object_component id="oc-124">
         <name>.debug_info</name>
         <load_address>0xe7a</load_address>
         <run_address>0xe7a</run_address>
         <size>0xfc</size>
         <input_file_ref idref="fl-9"/>
      </object_component>
      <object_component id="oc-e2">
         <name>.debug_info</name>
         <load_address>0xf76</load_address>
         <run_address>0xf76</run_address>
         <size>0x238</size>
         <input_file_ref idref="fl-9"/>
      </object_component>
      <object_component id="oc-8f">
         <name>.debug_info</name>
         <load_address>0x11ae</load_address>
         <run_address>0x11ae</run_address>
         <size>0x13b</size>
         <input_file_ref idref="fl-9"/>
      </object_component>
      <object_component id="oc-89">
         <name>.debug_info</name>
         <load_address>0x12e9</load_address>
         <run_address>0x12e9</run_address>
         <size>0x1dd</size>
         <input_file_ref idref="fl-9"/>
      </object_component>
      <object_component id="oc-95">
         <name>.debug_info</name>
         <load_address>0x14c6</load_address>
         <run_address>0x14c6</run_address>
         <size>0x1e8</size>
         <input_file_ref idref="fl-9"/>
      </object_component>
      <object_component id="oc-110">
         <name>.debug_info</name>
         <load_address>0x16ae</load_address>
         <run_address>0x16ae</run_address>
         <size>0x103c</size>
         <input_file_ref idref="fl-9"/>
      </object_component>
      <object_component id="oc-da">
         <name>.debug_info</name>
         <load_address>0x26ea</load_address>
         <run_address>0x26ea</run_address>
         <size>0x440</size>
         <input_file_ref idref="fl-a"/>
      </object_component>
      <object_component id="oc-d7">
         <name>.debug_info</name>
         <load_address>0x2b2a</load_address>
         <run_address>0x2b2a</run_address>
         <size>0xd0</size>
         <input_file_ref idref="fl-a"/>
      </object_component>
      <object_component id="oc-83">
         <name>.debug_info</name>
         <load_address>0x2bfa</load_address>
         <run_address>0x2bfa</run_address>
         <size>0x1ee</size>
         <input_file_ref idref="fl-a"/>
      </object_component>
      <object_component id="oc-7d">
         <name>.debug_info</name>
         <load_address>0x2de8</load_address>
         <run_address>0x2de8</run_address>
         <size>0x1ec</size>
         <input_file_ref idref="fl-a"/>
      </object_component>
      <object_component id="oc-13c">
         <name>.debug_info</name>
         <load_address>0x2fd4</load_address>
         <run_address>0x2fd4</run_address>
         <size>0x2f4</size>
         <input_file_ref idref="fl-c"/>
      </object_component>
      <object_component id="oc-119">
         <name>.debug_info</name>
         <load_address>0x32c8</load_address>
         <run_address>0x32c8</run_address>
         <size>0x10f</size>
         <input_file_ref idref="fl-c"/>
      </object_component>
      <object_component id="oc-12c">
         <name>.debug_info</name>
         <load_address>0x33d7</load_address>
         <run_address>0x33d7</run_address>
         <size>0x12b</size>
         <input_file_ref idref="fl-c"/>
      </object_component>
      <object_component id="oc-120">
         <name>.debug_info</name>
         <load_address>0x3502</load_address>
         <run_address>0x3502</run_address>
         <size>0x12d</size>
         <input_file_ref idref="fl-c"/>
      </object_component>
      <object_component id="oc-28">
         <name>.debug_info</name>
         <load_address>0x362f</load_address>
         <run_address>0x362f</run_address>
         <size>0x136</size>
         <input_file_ref idref="fl-12f"/>
      </object_component>
      <object_component id="oc-45">
         <name>.debug_info</name>
         <load_address>0x3765</load_address>
         <run_address>0x3765</run_address>
         <size>0x123</size>
         <input_file_ref idref="fl-130"/>
      </object_component>
      <object_component id="oc-17">
         <name>.debug_info</name>
         <load_address>0x3888</load_address>
         <run_address>0x3888</run_address>
         <size>0x1c2</size>
         <input_file_ref idref="fl-130"/>
      </object_component>
      <object_component id="oc-40">
         <name>.debug_info</name>
         <load_address>0x3a4a</load_address>
         <run_address>0x3a4a</run_address>
         <size>0x46</size>
         <input_file_ref idref="fl-130"/>
      </object_component>
      <object_component id="oc-ae">
         <name>.debug_info</name>
         <load_address>0x3a90</load_address>
         <run_address>0x3a90</run_address>
         <size>0x2c</size>
         <input_file_ref idref="fl-130"/>
      </object_component>
      <object_component id="oc-4d">
         <name>.debug_info</name>
         <load_address>0x3abc</load_address>
         <run_address>0x3abc</run_address>
         <size>0x117</size>
         <input_file_ref idref="fl-131"/>
      </object_component>
      <object_component id="oc-47">
         <name>.debug_info</name>
         <load_address>0x3bd3</load_address>
         <run_address>0x3bd3</run_address>
         <size>0x22a</size>
         <input_file_ref idref="fl-131"/>
      </object_component>
      <object_component id="oc-1a">
         <name>.debug_info</name>
         <load_address>0x3dfd</load_address>
         <run_address>0x3dfd</run_address>
         <size>0x194</size>
         <input_file_ref idref="fl-131"/>
      </object_component>
      <object_component id="oc-4e">
         <name>.debug_info</name>
         <load_address>0x3f91</load_address>
         <run_address>0x3f91</run_address>
         <size>0x39</size>
         <input_file_ref idref="fl-131"/>
      </object_component>
      <object_component id="oc-b8">
         <name>.debug_info</name>
         <load_address>0x3fca</load_address>
         <run_address>0x3fca</run_address>
         <size>0x2c</size>
         <input_file_ref idref="fl-131"/>
      </object_component>
      <object_component id="oc-5e">
         <name>.debug_info</name>
         <load_address>0x3ff6</load_address>
         <run_address>0x3ff6</run_address>
         <size>0x112</size>
         <input_file_ref idref="fl-132"/>
      </object_component>
      <object_component id="oc-23">
         <name>.debug_info</name>
         <load_address>0x4108</load_address>
         <run_address>0x4108</run_address>
         <size>0x18d</size>
         <input_file_ref idref="fl-132"/>
      </object_component>
      <object_component id="oc-59">
         <name>.debug_info</name>
         <load_address>0x4295</load_address>
         <run_address>0x4295</run_address>
         <size>0x46</size>
         <input_file_ref idref="fl-132"/>
      </object_component>
      <object_component id="oc-d2">
         <name>.debug_info</name>
         <load_address>0x42db</load_address>
         <run_address>0x42db</run_address>
         <size>0x174</size>
         <input_file_ref idref="fl-133"/>
      </object_component>
      <object_component id="oc-cf">
         <name>.debug_info</name>
         <load_address>0x444f</load_address>
         <run_address>0x444f</run_address>
         <size>0x119</size>
         <input_file_ref idref="fl-133"/>
      </object_component>
      <object_component id="oc-72">
         <name>.debug_info</name>
         <load_address>0x4568</load_address>
         <run_address>0x4568</run_address>
         <size>0x1f0</size>
         <input_file_ref idref="fl-133"/>
      </object_component>
      <object_component id="oc-3c">
         <name>.debug_info</name>
         <load_address>0x4758</load_address>
         <run_address>0x4758</run_address>
         <size>0xf8</size>
         <input_file_ref idref="fl-134"/>
      </object_component>
      <object_component id="oc-54">
         <name>.debug_info</name>
         <load_address>0x4850</load_address>
         <run_address>0x4850</run_address>
         <size>0x126</size>
         <input_file_ref idref="fl-135"/>
      </object_component>
      <object_component id="oc-60">
         <name>.debug_info</name>
         <load_address>0x4976</load_address>
         <run_address>0x4976</run_address>
         <size>0x12b</size>
         <input_file_ref idref="fl-136"/>
      </object_component>
      <object_component id="oc-78">
         <name>.debug_info</name>
         <load_address>0x4aa1</load_address>
         <run_address>0x4aa1</run_address>
         <size>0xec</size>
         <input_file_ref idref="fl-137"/>
      </object_component>
      <object_component id="oc-106">
         <name>.debug_info</name>
         <load_address>0x4b8d</load_address>
         <run_address>0x4b8d</run_address>
         <size>0x107</size>
         <input_file_ref idref="fl-138"/>
      </object_component>
      <object_component id="oc-cc">
         <name>.debug_info</name>
         <load_address>0x4c94</load_address>
         <run_address>0x4c94</run_address>
         <size>0xf6</size>
         <input_file_ref idref="fl-138"/>
      </object_component>
      <object_component id="oc-ff">
         <name>.debug_info</name>
         <load_address>0x4d8a</load_address>
         <run_address>0x4d8a</run_address>
         <size>0x202</size>
         <input_file_ref idref="fl-138"/>
      </object_component>
      <object_component id="oc-ca">
         <name>.debug_info</name>
         <load_address>0x4f8c</load_address>
         <run_address>0x4f8c</run_address>
         <size>0x149</size>
         <input_file_ref idref="fl-139"/>
      </object_component>
      <object_component id="oc-6d">
         <name>.debug_info</name>
         <load_address>0x50d5</load_address>
         <run_address>0x50d5</run_address>
         <size>0x14a</size>
         <input_file_ref idref="fl-139"/>
      </object_component>
      <object_component id="oc-f9">
         <name>.debug_info</name>
         <load_address>0x521f</load_address>
         <run_address>0x521f</run_address>
         <size>0x5e</size>
         <input_file_ref idref="fl-139"/>
      </object_component>
      <object_component id="oc-c8">
         <name>.debug_info</name>
         <load_address>0x527d</load_address>
         <run_address>0x527d</run_address>
         <size>0x2a0</size>
         <input_file_ref idref="fl-13a"/>
      </object_component>
      <object_component id="oc-66">
         <name>.debug_info</name>
         <load_address>0x551d</load_address>
         <run_address>0x551d</run_address>
         <size>0x15a</size>
         <input_file_ref idref="fl-13a"/>
      </object_component>
      <object_component id="oc-ed">
         <name>.debug_info</name>
         <load_address>0x5677</load_address>
         <run_address>0x5677</run_address>
         <size>0x39</size>
         <input_file_ref idref="fl-13a"/>
      </object_component>
      <object_component id="oc-f2">
         <name>.debug_info</name>
         <load_address>0x56b0</load_address>
         <run_address>0x56b0</run_address>
         <size>0xcd</size>
         <input_file_ref idref="fl-13a"/>
      </object_component>
      <object_component id="oc-ea">
         <name>.debug_info</name>
         <load_address>0x577d</load_address>
         <run_address>0x577d</run_address>
         <size>0x1c3</size>
         <input_file_ref idref="fl-13b"/>
      </object_component>
      <object_component id="oc-c2">
         <name>.debug_info</name>
         <load_address>0x5940</load_address>
         <run_address>0x5940</run_address>
         <size>0x166</size>
         <input_file_ref idref="fl-13b"/>
      </object_component>
      <object_component id="oc-132">
         <name>.debug_info</name>
         <load_address>0x5aa6</load_address>
         <run_address>0x5aa6</run_address>
         <size>0x2c</size>
         <input_file_ref idref="fl-13b"/>
      </object_component>
      <object_component id="oc-167">
         <name>.debug_info</name>
         <load_address>0x5ad2</load_address>
         <run_address>0x5ad2</run_address>
         <size>0x9a</size>
      </object_component>
      <object_component id="oc-35">
         <name>.debug_line</name>
         <load_address>0x0</load_address>
         <run_address>0x0</run_address>
         <size>0xa4</size>
         <input_file_ref idref="fl-2"/>
      </object_component>
      <object_component id="oc-9f">
         <name>.debug_line</name>
         <load_address>0xa4</load_address>
         <run_address>0xa4</run_address>
         <size>0x20</size>
         <input_file_ref idref="fl-2"/>
      </object_component>
      <object_component id="oc-a4">
         <name>.debug_line</name>
         <load_address>0xc4</load_address>
         <run_address>0xc4</run_address>
         <size>0x60</size>
         <input_file_ref idref="fl-2"/>
      </object_component>
      <object_component id="oc-a7">
         <name>.debug_line</name>
         <load_address>0x124</load_address>
         <run_address>0x124</run_address>
         <size>0x3b</size>
         <input_file_ref idref="fl-3"/>
      </object_component>
      <object_component id="oc-38">
         <name>.debug_line</name>
         <load_address>0x15f</load_address>
         <run_address>0x15f</run_address>
         <size>0x3b</size>
         <input_file_ref idref="fl-3"/>
      </object_component>
      <object_component id="oc-2f">
         <name>.debug_line</name>
         <load_address>0x19a</load_address>
         <run_address>0x19a</run_address>
         <size>0x9b</size>
         <input_file_ref idref="fl-3"/>
      </object_component>
      <object_component id="oc-ab">
         <name>.debug_line</name>
         <load_address>0x235</load_address>
         <run_address>0x235</run_address>
         <size>0x20</size>
         <input_file_ref idref="fl-3"/>
      </object_component>
      <object_component id="oc-116">
         <name>.debug_line</name>
         <load_address>0x255</load_address>
         <run_address>0x255</run_address>
         <size>0x47</size>
         <input_file_ref idref="fl-9"/>
      </object_component>
      <object_component id="oc-127">
         <name>.debug_line</name>
         <load_address>0x29c</load_address>
         <run_address>0x29c</run_address>
         <size>0x5b</size>
         <input_file_ref idref="fl-9"/>
      </object_component>
      <object_component id="oc-e5">
         <name>.debug_line</name>
         <load_address>0x2f7</load_address>
         <run_address>0x2f7</run_address>
         <size>0x72</size>
         <input_file_ref idref="fl-9"/>
      </object_component>
      <object_component id="oc-92">
         <name>.debug_line</name>
         <load_address>0x369</load_address>
         <run_address>0x369</run_address>
         <size>0x3d</size>
         <input_file_ref idref="fl-9"/>
      </object_component>
      <object_component id="oc-8c">
         <name>.debug_line</name>
         <load_address>0x3a6</load_address>
         <run_address>0x3a6</run_address>
         <size>0x3e</size>
         <input_file_ref idref="fl-9"/>
      </object_component>
      <object_component id="oc-98">
         <name>.debug_line</name>
         <load_address>0x3e4</load_address>
         <run_address>0x3e4</run_address>
         <size>0x99</size>
         <input_file_ref idref="fl-9"/>
      </object_component>
      <object_component id="oc-113">
         <name>.debug_line</name>
         <load_address>0x47d</load_address>
         <run_address>0x47d</run_address>
         <size>0x63</size>
         <input_file_ref idref="fl-9"/>
      </object_component>
      <object_component id="oc-10f">
         <name>.debug_line</name>
         <load_address>0x4e0</load_address>
         <run_address>0x4e0</run_address>
         <size>0x31</size>
         <input_file_ref idref="fl-a"/>
      </object_component>
      <object_component id="oc-10d">
         <name>.debug_line</name>
         <load_address>0x511</load_address>
         <run_address>0x511</run_address>
         <size>0x2a</size>
         <input_file_ref idref="fl-a"/>
      </object_component>
      <object_component id="oc-86">
         <name>.debug_line</name>
         <load_address>0x53b</load_address>
         <run_address>0x53b</run_address>
         <size>0x50</size>
         <input_file_ref idref="fl-a"/>
      </object_component>
      <object_component id="oc-80">
         <name>.debug_line</name>
         <load_address>0x58b</load_address>
         <run_address>0x58b</run_address>
         <size>0x4e</size>
         <input_file_ref idref="fl-a"/>
      </object_component>
      <object_component id="oc-140">
         <name>.debug_line</name>
         <load_address>0x5d9</load_address>
         <run_address>0x5d9</run_address>
         <size>0x20</size>
         <input_file_ref idref="fl-c"/>
      </object_component>
      <object_component id="oc-11c">
         <name>.debug_line</name>
         <load_address>0x5f9</load_address>
         <run_address>0x5f9</run_address>
         <size>0x3e</size>
         <input_file_ref idref="fl-c"/>
      </object_component>
      <object_component id="oc-12b">
         <name>.debug_line</name>
         <load_address>0x637</load_address>
         <run_address>0x637</run_address>
         <size>0x3e</size>
         <input_file_ref idref="fl-c"/>
      </object_component>
      <object_component id="oc-11f">
         <name>.debug_line</name>
         <load_address>0x675</load_address>
         <run_address>0x675</run_address>
         <size>0x3e</size>
         <input_file_ref idref="fl-c"/>
      </object_component>
      <object_component id="oc-27">
         <name>.debug_line</name>
         <load_address>0x6b3</load_address>
         <run_address>0x6b3</run_address>
         <size>0x52</size>
         <input_file_ref idref="fl-12f"/>
      </object_component>
      <object_component id="oc-b4">
         <name>.debug_line</name>
         <load_address>0x705</load_address>
         <run_address>0x705</run_address>
         <size>0x72</size>
         <input_file_ref idref="fl-130"/>
      </object_component>
      <object_component id="oc-15">
         <name>.debug_line</name>
         <load_address>0x777</load_address>
         <run_address>0x777</run_address>
         <size>0x55</size>
         <input_file_ref idref="fl-130"/>
      </object_component>
      <object_component id="oc-43">
         <name>.debug_line</name>
         <load_address>0x7cc</load_address>
         <run_address>0x7cc</run_address>
         <size>0x3a</size>
         <input_file_ref idref="fl-130"/>
      </object_component>
      <object_component id="oc-b1">
         <name>.debug_line</name>
         <load_address>0x806</load_address>
         <run_address>0x806</run_address>
         <size>0x72</size>
         <input_file_ref idref="fl-130"/>
      </object_component>
      <object_component id="oc-b7">
         <name>.debug_line</name>
         <load_address>0x878</load_address>
         <run_address>0x878</run_address>
         <size>0x72</size>
         <input_file_ref idref="fl-131"/>
      </object_component>
      <object_component id="oc-4a">
         <name>.debug_line</name>
         <load_address>0x8ea</load_address>
         <run_address>0x8ea</run_address>
         <size>0x98</size>
         <input_file_ref idref="fl-131"/>
      </object_component>
      <object_component id="oc-1d">
         <name>.debug_line</name>
         <load_address>0x982</load_address>
         <run_address>0x982</run_address>
         <size>0x4b</size>
         <input_file_ref idref="fl-131"/>
      </object_component>
      <object_component id="oc-51">
         <name>.debug_line</name>
         <load_address>0x9cd</load_address>
         <run_address>0x9cd</run_address>
         <size>0x39</size>
         <input_file_ref idref="fl-131"/>
      </object_component>
      <object_component id="oc-bb">
         <name>.debug_line</name>
         <load_address>0xa06</load_address>
         <run_address>0xa06</run_address>
         <size>0x72</size>
         <input_file_ref idref="fl-131"/>
      </object_component>
      <object_component id="oc-bf">
         <name>.debug_line</name>
         <load_address>0xa78</load_address>
         <run_address>0xa78</run_address>
         <size>0x72</size>
         <input_file_ref idref="fl-132"/>
      </object_component>
      <object_component id="oc-21">
         <name>.debug_line</name>
         <load_address>0xaea</load_address>
         <run_address>0xaea</run_address>
         <size>0x4f</size>
         <input_file_ref idref="fl-132"/>
      </object_component>
      <object_component id="oc-5c">
         <name>.debug_line</name>
         <load_address>0xb39</load_address>
         <run_address>0xb39</run_address>
         <size>0x34</size>
         <input_file_ref idref="fl-132"/>
      </object_component>
      <object_component id="oc-10b">
         <name>.debug_line</name>
         <load_address>0xb6d</load_address>
         <run_address>0xb6d</run_address>
         <size>0x71</size>
         <input_file_ref idref="fl-133"/>
      </object_component>
      <object_component id="oc-109">
         <name>.debug_line</name>
         <load_address>0xbde</load_address>
         <run_address>0xbde</run_address>
         <size>0x2a</size>
         <input_file_ref idref="fl-133"/>
      </object_component>
      <object_component id="oc-75">
         <name>.debug_line</name>
         <load_address>0xc08</load_address>
         <run_address>0xc08</run_address>
         <size>0x7a</size>
         <input_file_ref idref="fl-133"/>
      </object_component>
      <object_component id="oc-3b">
         <name>.debug_line</name>
         <load_address>0xc82</load_address>
         <run_address>0xc82</run_address>
         <size>0x88</size>
         <input_file_ref idref="fl-134"/>
      </object_component>
      <object_component id="oc-57">
         <name>.debug_line</name>
         <load_address>0xd0a</load_address>
         <run_address>0xd0a</run_address>
         <size>0x79</size>
         <input_file_ref idref="fl-135"/>
      </object_component>
      <object_component id="oc-63">
         <name>.debug_line</name>
         <load_address>0xd83</load_address>
         <run_address>0xd83</run_address>
         <size>0x40</size>
         <input_file_ref idref="fl-136"/>
      </object_component>
      <object_component id="oc-d5">
         <name>.debug_line</name>
         <load_address>0xdc3</load_address>
         <run_address>0xdc3</run_address>
         <size>0x33</size>
         <input_file_ref idref="fl-137"/>
      </object_component>
      <object_component id="oc-139">
         <name>.debug_line</name>
         <load_address>0xdf6</load_address>
         <run_address>0xdf6</run_address>
         <size>0x20</size>
         <input_file_ref idref="fl-138"/>
      </object_component>
      <object_component id="oc-105">
         <name>.debug_line</name>
         <load_address>0xe16</load_address>
         <run_address>0xe16</run_address>
         <size>0x2b</size>
         <input_file_ref idref="fl-138"/>
      </object_component>
      <object_component id="oc-102">
         <name>.debug_line</name>
         <load_address>0xe41</load_address>
         <run_address>0xe41</run_address>
         <size>0x68</size>
         <input_file_ref idref="fl-138"/>
      </object_component>
      <object_component id="oc-f8">
         <name>.debug_line</name>
         <load_address>0xea9</load_address>
         <run_address>0xea9</run_address>
         <size>0x2b</size>
         <input_file_ref idref="fl-139"/>
      </object_component>
      <object_component id="oc-6f">
         <name>.debug_line</name>
         <load_address>0xed4</load_address>
         <run_address>0xed4</run_address>
         <size>0x50</size>
         <input_file_ref idref="fl-139"/>
      </object_component>
      <object_component id="oc-fc">
         <name>.debug_line</name>
         <load_address>0xf24</load_address>
         <run_address>0xf24</run_address>
         <size>0x2b</size>
         <input_file_ref idref="fl-139"/>
      </object_component>
      <object_component id="oc-ec">
         <name>.debug_line</name>
         <load_address>0xf4f</load_address>
         <run_address>0xf4f</run_address>
         <size>0x81</size>
         <input_file_ref idref="fl-13a"/>
      </object_component>
      <object_component id="oc-69">
         <name>.debug_line</name>
         <load_address>0xfd0</load_address>
         <run_address>0xfd0</run_address>
         <size>0x79</size>
         <input_file_ref idref="fl-13a"/>
      </object_component>
      <object_component id="oc-f0">
         <name>.debug_line</name>
         <load_address>0x1049</load_address>
         <run_address>0x1049</run_address>
         <size>0x2e</size>
         <input_file_ref idref="fl-13a"/>
      </object_component>
      <object_component id="oc-f5">
         <name>.debug_line</name>
         <load_address>0x1077</load_address>
         <run_address>0x1077</run_address>
         <size>0x73</size>
         <input_file_ref idref="fl-13a"/>
      </object_component>
      <object_component id="oc-131">
         <name>.debug_line</name>
         <load_address>0x10ea</load_address>
         <run_address>0x10ea</run_address>
         <size>0x80</size>
         <input_file_ref idref="fl-13b"/>
      </object_component>
      <object_component id="oc-c5">
         <name>.debug_line</name>
         <load_address>0x116a</load_address>
         <run_address>0x116a</run_address>
         <size>0x68</size>
         <input_file_ref idref="fl-13b"/>
      </object_component>
      <object_component id="oc-135">
         <name>.debug_line</name>
         <load_address>0x11d2</load_address>
         <run_address>0x11d2</run_address>
         <size>0x2e</size>
         <input_file_ref idref="fl-13b"/>
      </object_component>
      <object_component id="oc-36">
         <name>.debug_frame</name>
         <load_address>0x0</load_address>
         <run_address>0x0</run_address>
         <size>0xb4</size>
         <input_file_ref idref="fl-2"/>
      </object_component>
      <object_component id="oc-30">
         <name>.debug_frame</name>
         <load_address>0xb4</load_address>
         <run_address>0xb4</run_address>
         <size>0xb2</size>
         <input_file_ref idref="fl-3"/>
      </object_component>
      <object_component id="oc-128">
         <name>.debug_frame</name>
         <load_address>0x166</load_address>
         <run_address>0x166</run_address>
         <size>0x83</size>
         <input_file_ref idref="fl-9"/>
      </object_component>
      <object_component id="oc-e6">
         <name>.debug_frame</name>
         <load_address>0x1e9</load_address>
         <run_address>0x1e9</run_address>
         <size>0x8e</size>
         <input_file_ref idref="fl-9"/>
      </object_component>
      <object_component id="oc-93">
         <name>.debug_frame</name>
         <load_address>0x277</load_address>
         <run_address>0x277</run_address>
         <size>0x7f</size>
         <input_file_ref idref="fl-9"/>
      </object_component>
      <object_component id="oc-8d">
         <name>.debug_frame</name>
         <load_address>0x2f6</load_address>
         <run_address>0x2f6</run_address>
         <size>0x7f</size>
         <input_file_ref idref="fl-9"/>
      </object_component>
      <object_component id="oc-99">
         <name>.debug_frame</name>
         <load_address>0x375</load_address>
         <run_address>0x375</run_address>
         <size>0x8a</size>
         <input_file_ref idref="fl-9"/>
      </object_component>
      <object_component id="oc-87">
         <name>.debug_frame</name>
         <load_address>0x3ff</load_address>
         <run_address>0x3ff</run_address>
         <size>0x7f</size>
         <input_file_ref idref="fl-a"/>
      </object_component>
      <object_component id="oc-81">
         <name>.debug_frame</name>
         <load_address>0x47e</load_address>
         <run_address>0x47e</run_address>
         <size>0x86</size>
         <input_file_ref idref="fl-a"/>
      </object_component>
      <object_component id="oc-118">
         <name>.debug_frame</name>
         <load_address>0x504</load_address>
         <run_address>0x504</run_address>
         <size>0x7f</size>
         <input_file_ref idref="fl-c"/>
      </object_component>
      <object_component id="oc-12a">
         <name>.debug_frame</name>
         <load_address>0x583</load_address>
         <run_address>0x583</run_address>
         <size>0x7f</size>
         <input_file_ref idref="fl-c"/>
      </object_component>
      <object_component id="oc-11e">
         <name>.debug_frame</name>
         <load_address>0x602</load_address>
         <run_address>0x602</run_address>
         <size>0x7f</size>
         <input_file_ref idref="fl-c"/>
      </object_component>
      <object_component id="oc-14">
         <name>.debug_frame</name>
         <load_address>0x681</load_address>
         <run_address>0x681</run_address>
         <size>0x7f</size>
         <input_file_ref idref="fl-130"/>
      </object_component>
      <object_component id="oc-4b">
         <name>.debug_frame</name>
         <load_address>0x700</load_address>
         <run_address>0x700</run_address>
         <size>0x8e</size>
         <input_file_ref idref="fl-131"/>
      </object_component>
      <object_component id="oc-1e">
         <name>.debug_frame</name>
         <load_address>0x78e</load_address>
         <run_address>0x78e</run_address>
         <size>0x7f</size>
         <input_file_ref idref="fl-131"/>
      </object_component>
      <object_component id="oc-22">
         <name>.debug_frame</name>
         <load_address>0x80d</load_address>
         <run_address>0x80d</run_address>
         <size>0x7f</size>
         <input_file_ref idref="fl-132"/>
      </object_component>
      <object_component id="oc-76">
         <name>.debug_frame</name>
         <load_address>0x88c</load_address>
         <run_address>0x88c</run_address>
         <size>0xb3</size>
         <input_file_ref idref="fl-133"/>
      </object_component>
      <object_component id="oc-64">
         <name>.debug_frame</name>
         <load_address>0x93f</load_address>
         <run_address>0x93f</run_address>
         <size>0x7f</size>
         <input_file_ref idref="fl-136"/>
      </object_component>
      <object_component id="oc-103">
         <name>.debug_frame</name>
         <load_address>0x9be</load_address>
         <run_address>0x9be</run_address>
         <size>0xa1</size>
         <input_file_ref idref="fl-138"/>
      </object_component>
      <object_component id="oc-70">
         <name>.debug_frame</name>
         <load_address>0xa5f</load_address>
         <run_address>0xa5f</run_address>
         <size>0x7f</size>
         <input_file_ref idref="fl-139"/>
      </object_component>
      <object_component id="oc-6a">
         <name>.debug_frame</name>
         <load_address>0xade</load_address>
         <run_address>0xade</run_address>
         <size>0x8a</size>
         <input_file_ref idref="fl-13a"/>
      </object_component>
      <object_component id="oc-c6">
         <name>.debug_frame</name>
         <load_address>0xb68</load_address>
         <run_address>0xb68</run_address>
         <size>0x8e</size>
         <input_file_ref idref="fl-13b"/>
      </object_component>
      <object_component id="oc-9b">
         <name>.debug_abbrev</name>
         <load_address>0x0</load_address>
         <run_address>0x0</run_address>
         <size>0xaa</size>
         <input_file_ref idref="fl-2"/>
      </object_component>
      <object_component id="oc-9e">
         <name>.debug_abbrev</name>
         <load_address>0xaa</load_address>
         <run_address>0xaa</run_address>
         <size>0x1f</size>
         <input_file_ref idref="fl-2"/>
      </object_component>
      <object_component id="oc-a3">
         <name>.debug_abbrev</name>
         <load_address>0xc9</load_address>
         <run_address>0xc9</run_address>
         <size>0x35</size>
         <input_file_ref idref="fl-2"/>
      </object_component>
      <object_component id="oc-a6">
         <name>.debug_abbrev</name>
         <load_address>0xfe</load_address>
         <run_address>0xfe</run_address>
         <size>0x71</size>
         <input_file_ref idref="fl-3"/>
      </object_component>
      <object_component id="oc-37">
         <name>.debug_abbrev</name>
         <load_address>0x16f</load_address>
         <run_address>0x16f</run_address>
         <size>0x29</size>
         <input_file_ref idref="fl-3"/>
      </object_component>
      <object_component id="oc-7b">
         <name>.debug_abbrev</name>
         <load_address>0x198</load_address>
         <run_address>0x198</run_address>
         <size>0x77</size>
         <input_file_ref idref="fl-3"/>
      </object_component>
      <object_component id="oc-aa">
         <name>.debug_abbrev</name>
         <load_address>0x20f</load_address>
         <run_address>0x20f</run_address>
         <size>0x1f</size>
         <input_file_ref idref="fl-3"/>
      </object_component>
      <object_component id="oc-115">
         <name>.debug_abbrev</name>
         <load_address>0x22e</load_address>
         <run_address>0x22e</run_address>
         <size>0xe1</size>
         <input_file_ref idref="fl-9"/>
      </object_component>
      <object_component id="oc-13d">
         <name>.debug_abbrev</name>
         <load_address>0x30f</load_address>
         <run_address>0x30f</run_address>
         <size>0x50</size>
         <input_file_ref idref="fl-9"/>
      </object_component>
      <object_component id="oc-12f">
         <name>.debug_abbrev</name>
         <load_address>0x35f</load_address>
         <run_address>0x35f</run_address>
         <size>0x7a</size>
         <input_file_ref idref="fl-9"/>
      </object_component>
      <object_component id="oc-e7">
         <name>.debug_abbrev</name>
         <load_address>0x3d9</load_address>
         <run_address>0x3d9</run_address>
         <size>0x71</size>
         <input_file_ref idref="fl-9"/>
      </object_component>
      <object_component id="oc-e0">
         <name>.debug_abbrev</name>
         <load_address>0x44a</load_address>
         <run_address>0x44a</run_address>
         <size>0x6c</size>
         <input_file_ref idref="fl-9"/>
      </object_component>
      <object_component id="oc-e8">
         <name>.debug_abbrev</name>
         <load_address>0x4b6</load_address>
         <run_address>0x4b6</run_address>
         <size>0x6c</size>
         <input_file_ref idref="fl-9"/>
      </object_component>
      <object_component id="oc-112">
         <name>.debug_abbrev</name>
         <load_address>0x522</load_address>
         <run_address>0x522</run_address>
         <size>0xb5</size>
         <input_file_ref idref="fl-9"/>
      </object_component>
      <object_component id="oc-10e">
         <name>.debug_abbrev</name>
         <load_address>0x5d7</load_address>
         <run_address>0x5d7</run_address>
         <size>0xb7</size>
         <input_file_ref idref="fl-a"/>
      </object_component>
      <object_component id="oc-10c">
         <name>.debug_abbrev</name>
         <load_address>0x68e</load_address>
         <run_address>0x68e</run_address>
         <size>0x27</size>
         <input_file_ref idref="fl-a"/>
      </object_component>
      <object_component id="oc-db">
         <name>.debug_abbrev</name>
         <load_address>0x6b5</load_address>
         <run_address>0x6b5</run_address>
         <size>0x6c</size>
         <input_file_ref idref="fl-a"/>
      </object_component>
      <object_component id="oc-d9">
         <name>.debug_abbrev</name>
         <load_address>0x721</load_address>
         <run_address>0x721</run_address>
         <size>0x6c</size>
         <input_file_ref idref="fl-a"/>
      </object_component>
      <object_component id="oc-13f">
         <name>.debug_abbrev</name>
         <load_address>0x78d</load_address>
         <run_address>0x78d</run_address>
         <size>0x66</size>
         <input_file_ref idref="fl-c"/>
      </object_component>
      <object_component id="oc-13a">
         <name>.debug_abbrev</name>
         <load_address>0x7f3</load_address>
         <run_address>0x7f3</run_address>
         <size>0x52</size>
         <input_file_ref idref="fl-c"/>
      </object_component>
      <object_component id="oc-13e">
         <name>.debug_abbrev</name>
         <load_address>0x845</load_address>
         <run_address>0x845</run_address>
         <size>0x6c</size>
         <input_file_ref idref="fl-c"/>
      </object_component>
      <object_component id="oc-13b">
         <name>.debug_abbrev</name>
         <load_address>0x8b1</load_address>
         <run_address>0x8b1</run_address>
         <size>0x6c</size>
         <input_file_ref idref="fl-c"/>
      </object_component>
      <object_component id="oc-7a">
         <name>.debug_abbrev</name>
         <load_address>0x91d</load_address>
         <run_address>0x91d</run_address>
         <size>0x3e</size>
         <input_file_ref idref="fl-12f"/>
      </object_component>
      <object_component id="oc-b3">
         <name>.debug_abbrev</name>
         <load_address>0x95b</load_address>
         <run_address>0x95b</run_address>
         <size>0x52</size>
         <input_file_ref idref="fl-130"/>
      </object_component>
      <object_component id="oc-3f">
         <name>.debug_abbrev</name>
         <load_address>0x9ad</load_address>
         <run_address>0x9ad</run_address>
         <size>0x74</size>
         <input_file_ref idref="fl-130"/>
      </object_component>
      <object_component id="oc-42">
         <name>.debug_abbrev</name>
         <load_address>0xa21</load_address>
         <run_address>0xa21</run_address>
         <size>0x24</size>
         <input_file_ref idref="fl-130"/>
      </object_component>
      <object_component id="oc-b0">
         <name>.debug_abbrev</name>
         <load_address>0xa45</load_address>
         <run_address>0xa45</run_address>
         <size>0x24</size>
         <input_file_ref idref="fl-130"/>
      </object_component>
      <object_component id="oc-b6">
         <name>.debug_abbrev</name>
         <load_address>0xa69</load_address>
         <run_address>0xa69</run_address>
         <size>0x52</size>
         <input_file_ref idref="fl-131"/>
      </object_component>
      <object_component id="oc-b5">
         <name>.debug_abbrev</name>
         <load_address>0xabb</load_address>
         <run_address>0xabb</run_address>
         <size>0x7b</size>
         <input_file_ref idref="fl-131"/>
      </object_component>
      <object_component id="oc-4c">
         <name>.debug_abbrev</name>
         <load_address>0xb36</load_address>
         <run_address>0xb36</run_address>
         <size>0x66</size>
         <input_file_ref idref="fl-131"/>
      </object_component>
      <object_component id="oc-50">
         <name>.debug_abbrev</name>
         <load_address>0xb9c</load_address>
         <run_address>0xb9c</run_address>
         <size>0x24</size>
         <input_file_ref idref="fl-131"/>
      </object_component>
      <object_component id="oc-ba">
         <name>.debug_abbrev</name>
         <load_address>0xbc0</load_address>
         <run_address>0xbc0</run_address>
         <size>0x24</size>
         <input_file_ref idref="fl-131"/>
      </object_component>
      <object_component id="oc-be">
         <name>.debug_abbrev</name>
         <load_address>0xbe4</load_address>
         <run_address>0xbe4</run_address>
         <size>0x52</size>
         <input_file_ref idref="fl-132"/>
      </object_component>
      <object_component id="oc-58">
         <name>.debug_abbrev</name>
         <load_address>0xc36</load_address>
         <run_address>0xc36</run_address>
         <size>0x74</size>
         <input_file_ref idref="fl-132"/>
      </object_component>
      <object_component id="oc-5b">
         <name>.debug_abbrev</name>
         <load_address>0xcaa</load_address>
         <run_address>0xcaa</run_address>
         <size>0x24</size>
         <input_file_ref idref="fl-132"/>
      </object_component>
      <object_component id="oc-10a">
         <name>.debug_abbrev</name>
         <load_address>0xcce</load_address>
         <run_address>0xcce</run_address>
         <size>0x6b</size>
         <input_file_ref idref="fl-133"/>
      </object_component>
      <object_component id="oc-108">
         <name>.debug_abbrev</name>
         <load_address>0xd39</load_address>
         <run_address>0xd39</run_address>
         <size>0x29</size>
         <input_file_ref idref="fl-133"/>
      </object_component>
      <object_component id="oc-d1">
         <name>.debug_abbrev</name>
         <load_address>0xd62</load_address>
         <run_address>0xd62</run_address>
         <size>0xba</size>
         <input_file_ref idref="fl-133"/>
      </object_component>
      <object_component id="oc-ad">
         <name>.debug_abbrev</name>
         <load_address>0xe1c</load_address>
         <run_address>0xe1c</run_address>
         <size>0x3e</size>
         <input_file_ref idref="fl-134"/>
      </object_component>
      <object_component id="oc-bd">
         <name>.debug_abbrev</name>
         <load_address>0xe5a</load_address>
         <run_address>0xe5a</run_address>
         <size>0x4f</size>
         <input_file_ref idref="fl-135"/>
      </object_component>
      <object_component id="oc-c0">
         <name>.debug_abbrev</name>
         <load_address>0xea9</load_address>
         <run_address>0xea9</run_address>
         <size>0x55</size>
         <input_file_ref idref="fl-136"/>
      </object_component>
      <object_component id="oc-d4">
         <name>.debug_abbrev</name>
         <load_address>0xefe</load_address>
         <run_address>0xefe</run_address>
         <size>0x27</size>
         <input_file_ref idref="fl-137"/>
      </object_component>
      <object_component id="oc-138">
         <name>.debug_abbrev</name>
         <load_address>0xf25</load_address>
         <run_address>0xf25</run_address>
         <size>0x45</size>
         <input_file_ref idref="fl-138"/>
      </object_component>
      <object_component id="oc-104">
         <name>.debug_abbrev</name>
         <load_address>0xf6a</load_address>
         <run_address>0xf6a</run_address>
         <size>0x29</size>
         <input_file_ref idref="fl-138"/>
      </object_component>
      <object_component id="oc-137">
         <name>.debug_abbrev</name>
         <load_address>0xf93</load_address>
         <run_address>0xf93</run_address>
         <size>0x6f</size>
         <input_file_ref idref="fl-138"/>
      </object_component>
      <object_component id="oc-f7">
         <name>.debug_abbrev</name>
         <load_address>0x1002</load_address>
         <run_address>0x1002</run_address>
         <size>0x8e</size>
         <input_file_ref idref="fl-139"/>
      </object_component>
      <object_component id="oc-c9">
         <name>.debug_abbrev</name>
         <load_address>0x1090</load_address>
         <run_address>0x1090</run_address>
         <size>0x68</size>
         <input_file_ref idref="fl-139"/>
      </object_component>
      <object_component id="oc-fb">
         <name>.debug_abbrev</name>
         <load_address>0x10f8</load_address>
         <run_address>0x10f8</run_address>
         <size>0x49</size>
         <input_file_ref idref="fl-139"/>
      </object_component>
      <object_component id="oc-eb">
         <name>.debug_abbrev</name>
         <load_address>0x1141</load_address>
         <run_address>0x1141</run_address>
         <size>0x9a</size>
         <input_file_ref idref="fl-13a"/>
      </object_component>
      <object_component id="oc-c7">
         <name>.debug_abbrev</name>
         <load_address>0x11db</load_address>
         <run_address>0x11db</run_address>
         <size>0x7e</size>
         <input_file_ref idref="fl-13a"/>
      </object_component>
      <object_component id="oc-ef">
         <name>.debug_abbrev</name>
         <load_address>0x1259</load_address>
         <run_address>0x1259</run_address>
         <size>0x24</size>
         <input_file_ref idref="fl-13a"/>
      </object_component>
      <object_component id="oc-f4">
         <name>.debug_abbrev</name>
         <load_address>0x127d</load_address>
         <run_address>0x127d</run_address>
         <size>0x4b</size>
         <input_file_ref idref="fl-13a"/>
      </object_component>
      <object_component id="oc-130">
         <name>.debug_abbrev</name>
         <load_address>0x12c8</load_address>
         <run_address>0x12c8</run_address>
         <size>0x9c</size>
         <input_file_ref idref="fl-13b"/>
      </object_component>
      <object_component id="oc-e9">
         <name>.debug_abbrev</name>
         <load_address>0x1364</load_address>
         <run_address>0x1364</run_address>
         <size>0x8c</size>
         <input_file_ref idref="fl-13b"/>
      </object_component>
      <object_component id="oc-134">
         <name>.debug_abbrev</name>
         <load_address>0x13f0</load_address>
         <run_address>0x13f0</run_address>
         <size>0x24</size>
         <input_file_ref idref="fl-13b"/>
      </object_component>
      <object_component id="oc-168">
         <name>.debug_abbrev</name>
         <load_address>0x1414</load_address>
         <run_address>0x1414</run_address>
         <size>0xf</size>
      </object_component>
      <object_component id="oc-a0">
         <name>.debug_str</name>
         <load_address>0x0</load_address>
         <run_address>0x0</run_address>
         <size>0xf5</size>
         <input_file_ref idref="fl-2"/>
      </object_component>
      <object_component id="oc-a5">
         <name>.debug_str</name>
         <load_address>0xf5</load_address>
         <run_address>0xf5</run_address>
         <size>0x208</size>
         <input_file_ref idref="fl-2"/>
      </object_component>
      <object_component id="oc-ac">
         <name>.debug_str</name>
         <load_address>0x2fd</load_address>
         <run_address>0x2fd</run_address>
         <size>0xf5</size>
         <input_file_ref idref="fl-3"/>
      </object_component>
      <object_component id="oc-114">
         <name>.debug_str</name>
         <load_address>0x3f2</load_address>
         <run_address>0x3f2</run_address>
         <size>0x470</size>
         <input_file_ref idref="fl-9"/>
      </object_component>
      <object_component id="oc-44">
         <name>.debug_str</name>
         <load_address>0x862</load_address>
         <run_address>0x862</run_address>
         <size>0xe3</size>
         <input_file_ref idref="fl-130"/>
      </object_component>
      <object_component id="oc-b2">
         <name>.debug_str</name>
         <load_address>0x945</load_address>
         <run_address>0x945</run_address>
         <size>0xf8</size>
         <input_file_ref idref="fl-130"/>
      </object_component>
      <object_component id="oc-52">
         <name>.debug_str</name>
         <load_address>0xa3d</load_address>
         <run_address>0xa3d</run_address>
         <size>0xd5</size>
         <input_file_ref idref="fl-131"/>
      </object_component>
      <object_component id="oc-bc">
         <name>.debug_str</name>
         <load_address>0xb12</load_address>
         <run_address>0xb12</run_address>
         <size>0xf8</size>
         <input_file_ref idref="fl-131"/>
      </object_component>
      <object_component id="oc-5d">
         <name>.debug_str</name>
         <load_address>0xc0a</load_address>
         <run_address>0xc0a</run_address>
         <size>0xdd</size>
         <input_file_ref idref="fl-132"/>
      </object_component>
      <object_component id="oc-fd">
         <name>.debug_str</name>
         <load_address>0xce7</load_address>
         <run_address>0xce7</run_address>
         <size>0xb9</size>
         <input_file_ref idref="fl-139"/>
      </object_component>
      <object_component id="oc-f1">
         <name>.debug_str</name>
         <load_address>0xda0</load_address>
         <run_address>0xda0</run_address>
         <size>0xc5</size>
         <input_file_ref idref="fl-13a"/>
      </object_component>
      <object_component id="oc-f6">
         <name>.debug_str</name>
         <load_address>0xe65</load_address>
         <run_address>0xe65</run_address>
         <size>0x14f</size>
         <input_file_ref idref="fl-13a"/>
      </object_component>
      <object_component id="oc-136">
         <name>.debug_str</name>
         <load_address>0xfb4</load_address>
         <run_address>0xfb4</run_address>
         <size>0xba</size>
         <input_file_ref idref="fl-13b"/>
      </object_component>
      <object_component id="oc-33">
         <name>.debug_aranges</name>
         <load_address>0x0</load_address>
         <run_address>0x0</run_address>
         <size>0x30</size>
         <input_file_ref idref="fl-2"/>
      </object_component>
      <object_component id="oc-2d">
         <name>.debug_aranges</name>
         <load_address>0x30</load_address>
         <run_address>0x30</run_address>
         <size>0x38</size>
         <input_file_ref idref="fl-3"/>
      </object_component>
      <object_component id="oc-125">
         <name>.debug_aranges</name>
         <load_address>0x68</load_address>
         <run_address>0x68</run_address>
         <size>0x20</size>
         <input_file_ref idref="fl-9"/>
      </object_component>
      <object_component id="oc-e3">
         <name>.debug_aranges</name>
         <load_address>0x88</load_address>
         <run_address>0x88</run_address>
         <size>0x20</size>
         <input_file_ref idref="fl-9"/>
      </object_component>
      <object_component id="oc-90">
         <name>.debug_aranges</name>
         <load_address>0xa8</load_address>
         <run_address>0xa8</run_address>
         <size>0x20</size>
         <input_file_ref idref="fl-9"/>
      </object_component>
      <object_component id="oc-8a">
         <name>.debug_aranges</name>
         <load_address>0xc8</load_address>
         <run_address>0xc8</run_address>
         <size>0x20</size>
         <input_file_ref idref="fl-9"/>
      </object_component>
      <object_component id="oc-96">
         <name>.debug_aranges</name>
         <load_address>0xe8</load_address>
         <run_address>0xe8</run_address>
         <size>0x20</size>
         <input_file_ref idref="fl-9"/>
      </object_component>
      <object_component id="oc-84">
         <name>.debug_aranges</name>
         <load_address>0x108</load_address>
         <run_address>0x108</run_address>
         <size>0x20</size>
         <input_file_ref idref="fl-a"/>
      </object_component>
      <object_component id="oc-7e">
         <name>.debug_aranges</name>
         <load_address>0x128</load_address>
         <run_address>0x128</run_address>
         <size>0x20</size>
         <input_file_ref idref="fl-a"/>
      </object_component>
      <object_component id="oc-11a">
         <name>.debug_aranges</name>
         <load_address>0x148</load_address>
         <run_address>0x148</run_address>
         <size>0x20</size>
         <input_file_ref idref="fl-c"/>
      </object_component>
      <object_component id="oc-12d">
         <name>.debug_aranges</name>
         <load_address>0x168</load_address>
         <run_address>0x168</run_address>
         <size>0x20</size>
         <input_file_ref idref="fl-c"/>
      </object_component>
      <object_component id="oc-121">
         <name>.debug_aranges</name>
         <load_address>0x188</load_address>
         <run_address>0x188</run_address>
         <size>0x20</size>
         <input_file_ref idref="fl-c"/>
      </object_component>
      <object_component id="oc-26">
         <name>.debug_aranges</name>
         <load_address>0x1a8</load_address>
         <run_address>0x1a8</run_address>
         <size>0x20</size>
         <input_file_ref idref="fl-12f"/>
      </object_component>
      <object_component id="oc-16">
         <name>.debug_aranges</name>
         <load_address>0x1c8</load_address>
         <run_address>0x1c8</run_address>
         <size>0x20</size>
         <input_file_ref idref="fl-130"/>
      </object_component>
      <object_component id="oc-48">
         <name>.debug_aranges</name>
         <load_address>0x1e8</load_address>
         <run_address>0x1e8</run_address>
         <size>0x20</size>
         <input_file_ref idref="fl-131"/>
      </object_component>
      <object_component id="oc-1b">
         <name>.debug_aranges</name>
         <load_address>0x208</load_address>
         <run_address>0x208</run_address>
         <size>0x20</size>
         <input_file_ref idref="fl-131"/>
      </object_component>
      <object_component id="oc-20">
         <name>.debug_aranges</name>
         <load_address>0x228</load_address>
         <run_address>0x228</run_address>
         <size>0x20</size>
         <input_file_ref idref="fl-132"/>
      </object_component>
      <object_component id="oc-73">
         <name>.debug_aranges</name>
         <load_address>0x248</load_address>
         <run_address>0x248</run_address>
         <size>0x30</size>
         <input_file_ref idref="fl-133"/>
      </object_component>
      <object_component id="oc-3d">
         <name>.debug_aranges</name>
         <load_address>0x278</load_address>
         <run_address>0x278</run_address>
         <size>0x20</size>
         <input_file_ref idref="fl-134"/>
      </object_component>
      <object_component id="oc-55">
         <name>.debug_aranges</name>
         <load_address>0x298</load_address>
         <run_address>0x298</run_address>
         <size>0x28</size>
         <input_file_ref idref="fl-135"/>
      </object_component>
      <object_component id="oc-61">
         <name>.debug_aranges</name>
         <load_address>0x2c0</load_address>
         <run_address>0x2c0</run_address>
         <size>0x20</size>
         <input_file_ref idref="fl-136"/>
      </object_component>
      <object_component id="oc-100">
         <name>.debug_aranges</name>
         <load_address>0x2e0</load_address>
         <run_address>0x2e0</run_address>
         <size>0x30</size>
         <input_file_ref idref="fl-138"/>
      </object_component>
      <object_component id="oc-6c">
         <name>.debug_aranges</name>
         <load_address>0x310</load_address>
         <run_address>0x310</run_address>
         <size>0x20</size>
         <input_file_ref idref="fl-139"/>
      </object_component>
      <object_component id="oc-67">
         <name>.debug_aranges</name>
         <load_address>0x330</load_address>
         <run_address>0x330</run_address>
         <size>0x20</size>
         <input_file_ref idref="fl-13a"/>
      </object_component>
      <object_component id="oc-c3">
         <name>.debug_aranges</name>
         <load_address>0x350</load_address>
         <run_address>0x350</run_address>
         <size>0x20</size>
         <input_file_ref idref="fl-13b"/>
      </object_component>
      <object_component id="oc-34">
         <name>.debug_pubnames</name>
         <load_address>0x0</load_address>
         <run_address>0x0</run_address>
         <size>0x37</size>
         <input_file_ref idref="fl-2"/>
      </object_component>
      <object_component id="oc-12">
         <name>.debug_pubnames</name>
         <load_address>0x37</load_address>
         <run_address>0x37</run_address>
         <size>0x27</size>
         <input_file_ref idref="fl-3"/>
      </object_component>
      <object_component id="oc-2e">
         <name>.debug_pubnames</name>
         <load_address>0x5e</load_address>
         <run_address>0x5e</run_address>
         <size>0x46</size>
         <input_file_ref idref="fl-3"/>
      </object_component>
      <object_component id="oc-de">
         <name>.debug_pubnames</name>
         <load_address>0xa4</load_address>
         <run_address>0xa4</run_address>
         <size>0x2c</size>
         <input_file_ref idref="fl-9"/>
      </object_component>
      <object_component id="oc-126">
         <name>.debug_pubnames</name>
         <load_address>0xd0</load_address>
         <run_address>0xd0</run_address>
         <size>0x2a</size>
         <input_file_ref idref="fl-9"/>
      </object_component>
      <object_component id="oc-e4">
         <name>.debug_pubnames</name>
         <load_address>0xfa</load_address>
         <run_address>0xfa</run_address>
         <size>0x2e</size>
         <input_file_ref idref="fl-9"/>
      </object_component>
      <object_component id="oc-91">
         <name>.debug_pubnames</name>
         <load_address>0x128</load_address>
         <run_address>0x128</run_address>
         <size>0x23</size>
         <input_file_ref idref="fl-9"/>
      </object_component>
      <object_component id="oc-8b">
         <name>.debug_pubnames</name>
         <load_address>0x14b</load_address>
         <run_address>0x14b</run_address>
         <size>0x39</size>
         <input_file_ref idref="fl-9"/>
      </object_component>
      <object_component id="oc-97">
         <name>.debug_pubnames</name>
         <load_address>0x184</load_address>
         <run_address>0x184</run_address>
         <size>0x29</size>
         <input_file_ref idref="fl-9"/>
      </object_component>
      <object_component id="oc-d8">
         <name>.debug_pubnames</name>
         <load_address>0x1ad</load_address>
         <run_address>0x1ad</run_address>
         <size>0x28</size>
         <input_file_ref idref="fl-a"/>
      </object_component>
      <object_component id="oc-85">
         <name>.debug_pubnames</name>
         <load_address>0x1d5</load_address>
         <run_address>0x1d5</run_address>
         <size>0x42</size>
         <input_file_ref idref="fl-a"/>
      </object_component>
      <object_component id="oc-7f">
         <name>.debug_pubnames</name>
         <load_address>0x217</load_address>
         <run_address>0x217</run_address>
         <size>0x41</size>
         <input_file_ref idref="fl-a"/>
      </object_component>
      <object_component id="oc-11b">
         <name>.debug_pubnames</name>
         <load_address>0x258</load_address>
         <run_address>0x258</run_address>
         <size>0x30</size>
         <input_file_ref idref="fl-c"/>
      </object_component>
      <object_component id="oc-12e">
         <name>.debug_pubnames</name>
         <load_address>0x288</load_address>
         <run_address>0x288</run_address>
         <size>0x2d</size>
         <input_file_ref idref="fl-c"/>
      </object_component>
      <object_component id="oc-122">
         <name>.debug_pubnames</name>
         <load_address>0x2b5</load_address>
         <run_address>0x2b5</run_address>
         <size>0x2e</size>
         <input_file_ref idref="fl-c"/>
      </object_component>
      <object_component id="oc-29">
         <name>.debug_pubnames</name>
         <load_address>0x2e3</load_address>
         <run_address>0x2e3</run_address>
         <size>0x1f</size>
         <input_file_ref idref="fl-12f"/>
      </object_component>
      <object_component id="oc-18">
         <name>.debug_pubnames</name>
         <load_address>0x302</load_address>
         <run_address>0x302</run_address>
         <size>0x2b</size>
         <input_file_ref idref="fl-130"/>
      </object_component>
      <object_component id="oc-49">
         <name>.debug_pubnames</name>
         <load_address>0x32d</load_address>
         <run_address>0x32d</run_address>
         <size>0x2f</size>
         <input_file_ref idref="fl-131"/>
      </object_component>
      <object_component id="oc-1c">
         <name>.debug_pubnames</name>
         <load_address>0x35c</load_address>
         <run_address>0x35c</run_address>
         <size>0x2c</size>
         <input_file_ref idref="fl-131"/>
      </object_component>
      <object_component id="oc-24">
         <name>.debug_pubnames</name>
         <load_address>0x388</load_address>
         <run_address>0x388</run_address>
         <size>0x25</size>
         <input_file_ref idref="fl-132"/>
      </object_component>
      <object_component id="oc-d0">
         <name>.debug_pubnames</name>
         <load_address>0x3ad</load_address>
         <run_address>0x3ad</run_address>
         <size>0x3a</size>
         <input_file_ref idref="fl-133"/>
      </object_component>
      <object_component id="oc-74">
         <name>.debug_pubnames</name>
         <load_address>0x3e7</load_address>
         <run_address>0x3e7</run_address>
         <size>0x35</size>
         <input_file_ref idref="fl-133"/>
      </object_component>
      <object_component id="oc-3e">
         <name>.debug_pubnames</name>
         <load_address>0x41c</load_address>
         <run_address>0x41c</run_address>
         <size>0x1d</size>
         <input_file_ref idref="fl-134"/>
      </object_component>
      <object_component id="oc-56">
         <name>.debug_pubnames</name>
         <load_address>0x439</load_address>
         <run_address>0x439</run_address>
         <size>0x37</size>
         <input_file_ref idref="fl-135"/>
      </object_component>
      <object_component id="oc-62">
         <name>.debug_pubnames</name>
         <load_address>0x470</load_address>
[...]
            <object_component_ref idref="oc-e9"/>
            <object_component_ref idref="oc-134"/>
            <object_component_ref idref="oc-168"/>
         </contents>
      </logical_group>
      <logical_group id="lg-15a" display="never" color="cyan">
         <name>.debug_str</name>
         <load_address>0x0</load_address>
         <run_address>0x0</run_address>
         <size>0x106e</size>
         <contents>
            <object_component_ref idref="oc-a0"/>
            <object_component_ref idref="oc-a5"/>
            <object_component_ref idref="oc-ac"/>
            <object_component_ref idref="oc-114"/>
            <object_component_ref idref="oc-44"/>
            <object_component_ref idref="oc-b2"/>
            <object_component_ref idref="oc-52"/>
            <object_component_ref idref="oc-bc"/>
            <object_component_ref idref="oc-5d"/>
            <object_component_ref idref="oc-fd"/>
            <object_component_ref idref="oc-f1"/>
            <object_component_ref idref="oc-f6"/>
            <object_component_ref idref="oc-136"/>
         </contents>
      </logical_group>
      <logical_group id="lg-15c" display="never" color="cyan">
         <name>.debug_aranges</name>
         <load_address>0x0</load_address>
         <run_address>0x0</run_address>
         <size>0x370</size>
         <contents>
            <object_component_ref idref="oc-33"/>
            <object_component_ref idref="oc-2d"/>
            <object_component_ref idref="oc-125"/>
            <object_component_ref idref="oc-e3"/>
            <object_component_ref idref="oc-90"/>
            <object_component_ref idref="oc-8a"/>
            <object_component_ref idref="oc-96"/>
            <object_component_ref idref="oc-84"/>
            <object_component_ref idref="oc-7e"/>
            <object_component_ref idref="oc-11a"/>
            <object_component_ref idref="oc-12d"/>
            <object_component_ref idref="oc-121"/>
            <object_component_ref idref="oc-26"/>
            <object_component_ref idref="oc-16"/>
            <object_component_ref idref="oc-48"/>
            <object_component_ref idref="oc-1b"/>
            <object_component_ref idref="oc-20"/>
            <object_component_ref idref="oc-73"/>
            <object_component_ref idref="oc-3d"/>
            <object_component_ref idref="oc-55"/>
            <object_component_ref idref="oc-61"/>
            <object_component_ref idref="oc-100"/>
            <object_component_ref idref="oc-6c"/>
            <object_component_ref idref="oc-67"/>
            <object_component_ref idref="oc-c3"/>
         </contents>
      </logical_group>
      <logical_group id="lg-15e" display="never" color="cyan">
         <name>.debug_pubnames</name>
         <load_address>0x0</load_address>
         <run_address>0x0</run_address>
         <size>0x589</size>
         <contents>
            <object_component_ref idref="oc-34"/>
            <object_component_ref idref="oc-12"/>
            <object_component_ref idref="oc-2e"/>
            <object_component_ref idref="oc-de"/>
            <object_component_ref idref="oc-126"/>
            <object_component_ref idref="oc-e4"/>
            <object_component_ref idref="oc-91"/>
            <object_component_ref idref="oc-8b"/>
            <object_component_ref idref="oc-97"/>
            <object_component_ref idref="oc-d8"/>
            <object_component_ref idref="oc-85"/>
            <object_component_ref idref="oc-7f"/>
            <object_component_ref idref="oc-11b"/>
            <object_component_ref idref="oc-12e"/>
            <object_component_ref idref="oc-122"/>
            <object_component_ref idref="oc-29"/>
            <object_component_ref idref="oc-18"/>
            <object_component_ref idref="oc-49"/>
            <object_component_ref idref="oc-1c"/>
            <object_component_ref idref="oc-24"/>
            <object_component_ref idref="oc-d0"/>
            <object_component_ref idref="oc-74"/>
            <object_component_ref idref="oc-3e"/>
            <object_component_ref idref="oc-56"/>
            <object_component_ref idref="oc-62"/>
            <object_component_ref idref="oc-79"/>
            <object_component_ref idref="oc-cd"/>
            <object_component_ref idref="oc-101"/>
            <object_component_ref idref="oc-6e"/>
            <object_component_ref idref="oc-68"/>
            <object_component_ref idref="oc-c4"/>
         </contents>
      </logical_group>
      <logical_group id="lg-160" display="never" color="cyan">
         <name>.debug_pubtypes</name>
         <load_address>0x0</load_address>
         <run_address>0x0</run_address>
         <size>0x68e</size>
         <contents>
            <object_component_ref idref="oc-9d"/>
            <object_component_ref idref="oc-a2"/>
            <object_component_ref idref="oc-a9"/>
            <object_component_ref idref="oc-111"/>
            <object_component_ref idref="oc-41"/>
            <object_component_ref idref="oc-af"/>
            <object_component_ref idref="oc-4f"/>
            <object_component_ref idref="oc-b9"/>
            <object_component_ref idref="oc-5a"/>
            <object_component_ref idref="oc-d3"/>
            <object_component_ref idref="oc-107"/>
            <object_component_ref idref="oc-fa"/>
            <object_component_ref idref="oc-ee"/>
            <object_component_ref idref="oc-f3"/>
            <object_component_ref idref="oc-133"/>
         </contents>
      </logical_group>
      <load_segment id="lg-16e" display="no" color="cyan">
         <name>SEGMENT_0</name>
         <load_address>0x0</load_address>
         <run_address>0x0</run_address>
         <size>0x900</size>
         <flags>0x5</flags>
         <contents>
            <logical_group_ref idref="lg-4"/>
            <logical_group_ref idref="lg-5"/>
            <logical_group_ref idref="lg-6"/>
            <logical_group_ref idref="lg-7"/>
         </contents>
      </load_segment>
      <load_segment id="lg-16f" display="no" color="cyan">
         <name>SEGMENT_1</name>
         <run_address>0x20000000</run_address>
         <size>0x20</size>
         <flags>0x6</flags>
         <contents>
            <logical_group_ref idref="lg-b"/>
            <logical_group_ref idref="lg-c"/>
         </contents>
      </load_segment>
      <load_segment id="lg-170" display="no" color="cyan">
         <name>SEGMENT_2</name>
         <run_address>0x2000fe00</run_address>
         <size>0x200</size>
         <flags>0x6</flags>
         <contents>
            <logical_group_ref idref="lg-e"/>
         </contents>
      </load_segment>
   </logical_group_list>
   <placement_map>
      <memory_area display="yes" color="green">
         <name>MAIN</name>
         <page_id>0x0</page_id>
         <origin>0x0</origin>
         <length>0x40000</length>
         <used_space>0x900</used_space>
         <unused_space>0x3f700</unused_space>
         <attributes>RX</attributes>
         <usage_details>
            <allocated_space>
               <start_address>0x0</start_address>
               <size>0x144</size>
               <logical_group_ref idref="lg-4"/>
            </allocated_space>
            <allocated_space>
               <start_address>0x144</start_address>
               <size>0x754</size>
               <logical_group_ref idref="lg-5"/>
            </allocated_space>
            <allocated_space>
               <start_address>0x898</start_address>
               <size>0x30</size>
               <logical_group_ref idref="lg-6"/>
            </allocated_space>
            <allocated_space>
               <start_address>0x8c8</start_address>
               <size>0x38</size>
               <logical_group_ref idref="lg-7"/>
            </allocated_space>
            <available_space>
               <start_address>0x900</start_address>
               <size>0x3f700</size>
            </available_space>
         </usage_details>
      </memory_area>
      <memory_area display="yes" color="green">
         <name>INFO</name>
         <page_id>0x0</page_id>
         <origin>0x200000</origin>
         <length>0x4000</length>
         <used_space>0x0</used_space>
         <unused_space>0x4000</unused_space>
         <attributes>RX</attributes>
         <usage_details>
         </usage_details>
      </memory_area>
      <memory_area display="yes" color="green">
         <name>SRAM_CODE</name>
         <page_id>0x0</page_id>
         <origin>0x1000000</origin>
         <length>0x10000</length>
         <used_space>0x0</used_space>
         <unused_space>0x10000</unused_space>
         <attributes>RWX</attributes>
         <usage_details>
         </usage_details>
      </memory_area>
      <memory_area display="yes" color="green">
         <name>SRAM_DATA</name>
         <page_id>0x0</page_id>
         <origin>0x20000000</origin>
         <length>0x10000</length>
         <used_space>0x220</used_space>
         <unused_space>0xfde0</unused_space>
         <attributes>RW</attributes>
         <usage_details>
            <allocated_space>
               <start_address>0x20000000</start_address>
               <size>0x18</size>
               <logical_group_ref idref="lg-143"/>
            </allocated_space>
            <allocated_space>
               <start_address>0x20000018</start_address>
               <size>0x8</size>
               <logical_group_ref idref="lg-141"/>
            </allocated_space>
            <available_space>
               <start_address>0x20000020</start_address>
               <size>0xfde0</size>
            </available_space>
            <allocated_space>
               <start_address>0x2000fe00</start_address>
               <size>0x200</size>
               <logical_group_ref idref="lg-e"/>
            </allocated_space>
         </usage_details>
      </memory_area>
   </placement_map>
   <cptbl_list>
      <cptbl>
         <name>__TI_cinit_table</name>
         <cprec>
            <name>.data</name>
            <load_address>0x8c8</load_address>
            <load_size>0xf</load_size>
            <run_address>0x20000000</run_address>
            <run_size>0x18</run_size>
            <compression>rle</compression>
         </cprec>
         <cprec>
            <name>.bss</name>
            <load_address>0x8e8</load_address>
            <load_size>0x8</load_size>
            <run_address>0x20000018</run_address>
            <run_size>0x8</run_size>
            <compression>zero_init</compression>
         </cprec>
      </cptbl>
   </cptbl_list>
   <handler_table>
      <handler_table_name>__TI_handler_table</handler_table_name>
      <handler>
         <index>0x0</index>
         <name>__TI_decompress_rle24</name>
      </handler>
      <handler>
         <index>0x1</index>
         <name>__TI_decompress_none</name>
      </handler>
      <handler>
         <index>0x2</index>
         <name>__TI_zero_init</name>
      </handler>
   </handler_table>
   <symbol_table>
      <symbol id="sm-1">
         <name>WDTCTL_SYM</name>
         <value>0x4000480c</value>
      </symbol>
      <symbol id="sm-2">
         <name>__TI_CINIT_Base</name>
         <value>0x8f0</value>
      </symbol>
      <symbol id="sm-3">
         <name>__TI_CINIT_Limit</name>
         <value>0x900</value>
      </symbol>
      <symbol id="sm-4">
         <name>__TI_Handler_Table_Base</name>
         <value>0x8d8</value>
      </symbol>
      <symbol id="sm-5">
         <name>__TI_Handler_Table_Limit</name>
         <value>0x8e4</value>
      </symbol>
      <symbol id="sm-6">
         <name>binit</name>
         <value>0xffffffff</value>
      </symbol>
      <symbol id="sm-7">
         <name>__binit__</name>
         <value>0xffffffff</value>
      </symbol>
      <symbol id="sm-8">
         <name>__STACK_SIZE</name>
         <value>0x200</value>
      </symbol>
      <symbol id="sm-9">
         <name>__STACK_END</name>
         <value>0x20010000</value>
      </symbol>
      <symbol id="sm-a">
         <name>__c_args__</name>
         <value>0xffffffff</value>
      </symbol>
      <symbol id="sm-4a">
         <name>main</name>
         <value>0x145</value>
         <object_component_ref idref="oc-31"/>
      </symbol>
      <symbol id="sm-4b">
         <name>systick_isr</name>
         <value>0x229</value>
         <object_component_ref idref="oc-31"/>
      </symbol>
      <symbol id="sm-4c">
         <name>adc_isr</name>
         <value>0x253</value>
         <object_component_ref idref="oc-31"/>
      </symbol>
      <symbol id="sm-6e">
         <name>interruptVectors</name>
         <value>0x0</value>
         <object_component_ref idref="oc-10"/>
      </symbol>
      <symbol id="sm-d2">
         <name>CS_startHFXT</name>
         <value>0x889</value>
         <object_component_ref idref="oc-8e"/>
      </symbol>
      <symbol id="sm-d3">
         <name>CS_setExternalClockSourceFrequency</name>
         <value>0x80d</value>
         <object_component_ref idref="oc-88"/>
      </symbol>
      <symbol id="sm-d4">
         <name>CS_startHFXTWithTimeout</name>
         <value>0x429</value>
         <object_component_ref idref="oc-e1"/>
      </symbol>
      <symbol id="sm-d5">
         <name>CS_initClockSignal</name>
         <value>0x2ad</value>
         <object_component_ref idref="oc-94"/>
      </symbol>
      <symbol id="sm-ff">
         <name>GPIO_setAsPeripheralModuleFunctionOutputPin</name>
         <value>0x719</value>
         <object_component_ref idref="oc-82"/>
      </symbol>
      <symbol id="sm-100">
         <name>GPIO_setAsPeripheralModuleFunctionInputPin</name>
         <value>0x6cd</value>
         <object_component_ref idref="oc-7c"/>
      </symbol>
      <symbol id="sm-124">
         <name>SysCtl_getNMISourceStatus</name>
         <value>0x865</value>
         <object_component_ref idref="oc-117"/>
      </symbol>
      <symbol id="sm-125">
         <name>SysCtl_enableNMISource</name>
         <value>0x845</value>
         <object_component_ref idref="oc-129"/>
      </symbol>
      <symbol id="sm-126">
         <name>SysCtl_disableNMISource</name>
         <value>0x835</value>
         <object_component_ref idref="oc-11d"/>
      </symbol>
      <symbol id="sm-139">
         <name>_c_int00</name>
         <value>0x67d</value>
         <object_component_ref idref="oc-25"/>
      </symbol>
      <symbol id="sm-13a">
         <name>__stack</name>
         <value>0x2000fe00</value>
         <object_component_ref idref="oc-2a"/>
      </symbol>
      <symbol id="sm-151">
         <name>__TI_decompress_none</name>
         <value>0x855</value>
         <object_component_ref idref="oc-13"/>
      </symbol>
      <symbol id="sm-179">
         <name>__TI_decompress_rle24</name>
         <value>0x88f</value>
         <object_component_ref idref="oc-19"/>
      </symbol>
      <symbol id="sm-18b">
         <name>__TI_zero_init</name>
         <value>0x871</value>
         <object_component_ref idref="oc-1f"/>
      </symbol>
      <symbol id="sm-1aa">
         <name>C$$EXIT</name>
         <value>0x7b1</value>
         <object_component_ref idref="oc-71"/>
      </symbol>
      <symbol id="sm-1ab">
         <name>abort</name>
         <value>0x7b5</value>
         <object_component_ref idref="oc-71"/>
      </symbol>
      <symbol id="sm-1ac">
         <name>exit</name>
         <value>0x7bd</value>
         <object_component_ref idref="oc-71"/>
      </symbol>
      <symbol id="sm-1ad">
         <name>__TI_dtors_ptr</name>
         <value>0x2000000c</value>
         <object_component_ref idref="oc-ce"/>
      </symbol>
      <symbol id="sm-1ae">
         <name>__TI_cleanup_ptr</name>
         <value>0x20000008</value>
         <object_component_ref idref="oc-ce"/>
      </symbol>
      <symbol id="sm-1c9">
         <name>memcpy</name>
         <value>0x38d</value>
         <object_component_ref idref="oc-3a"/>
      </symbol>
      <symbol id="sm-1ca">
         <name>__aeabi_memcpy</name>
         <value>0x38d</value>
         <object_component_ref idref="oc-3a"/>
      </symbol>
      <symbol id="sm-1cb">
         <name>__aeabi_memcpy8</name>
         <value>0x38d</value>
         <object_component_ref idref="oc-3a"/>
      </symbol>
      <symbol id="sm-1cc">
         <name>__aeabi_memcpy4</name>
         <value>0x38d</value>
         <object_component_ref idref="oc-3a"/>
      </symbol>
      <symbol id="sm-1db">
         <name>__aeabi_memset</name>
         <value>0x4bb</value>
         <object_component_ref idref="oc-53"/>
      </symbol>
      <symbol id="sm-1dc">
         <name>memset</name>
         <value>0x4c1</value>
         <object_component_ref idref="oc-53"/>
      </symbol>
      <symbol id="sm-1dd">
         <name>__aeabi_memset8</name>
         <value>0x4bb</value>
         <object_component_ref idref="oc-53"/>
      </symbol>
      <symbol id="sm-1de">
         <name>__aeabi_memset4</name>
         <value>0x4bb</value>
         <object_component_ref idref="oc-53"/>
      </symbol>
      <symbol id="sm-1df">
         <name>__aeabi_memclr8</name>
         <value>0x4b9</value>
         <object_component_ref idref="oc-53"/>
      </symbol>
      <symbol id="sm-1e0">
         <name>__aeabi_memclr4</name>
         <value>0x4b9</value>
         <object_component_ref idref="oc-53"/>
      </symbol>
      <symbol id="sm-1e1">
         <name>__aeabi_memclr</name>
         <value>0x4b9</value>
         <object_component_ref idref="oc-53"/>
      </symbol>
      <symbol id="sm-1eb">
         <name>_system_pre_init</name>
         <value>0x895</value>
         <object_component_ref idref="oc-5f"/>
      </symbol>
      <symbol id="sm-1f3">
         <name>main_func_sp</name>
         <value>0x20000014</value>
         <object_component_ref idref="oc-77"/>
      </symbol>
      <symbol id="sm-20c">
         <name>_nop</name>
         <value>0x82f</value>
         <object_component_ref idref="oc-fe"/>
      </symbol>
      <symbol id="sm-20d">
         <name>_lock</name>
         <value>0x20000000</value>
         <object_component_ref idref="oc-cb"/>
      </symbol>
      <symbol id="sm-20e">
         <name>_unlock</name>
         <value>0x20000004</value>
         <object_component_ref idref="oc-cb"/>
      </symbol>
      <symbol id="sm-20f">
         <name>_register_lock</name>
         <value>0x827</value>
         <object_component_ref idref="oc-fe"/>
      </symbol>
      <symbol id="sm-210">
         <name>_register_unlock</name>
         <value>0x821</value>
         <object_component_ref idref="oc-fe"/>
      </symbol>
      <symbol id="sm-225">
         <name>_args_main</name>
         <value>0x7f5</value>
         <object_component_ref idref="oc-6b"/>
      </symbol>
      <symbol id="sm-24b">
         <name>__TI_auto_init</name>
         <value>0x5a5</value>
         <object_component_ref idref="oc-65"/>
      </symbol>
      <symbol id="sm-265">
         <name>copy_in</name>
         <value>0x765</value>
         <object_component_ref idref="oc-c1"/>
      </symbol>
      <symbol id="sm-266">
         <name>__TI_static_base__</name>
         <value>0x0</value>
      </symbol>
      <symbol id="sm-269">
         <name>SHT$$INIT_ARRAY$$Limit</name>
         <value>0x0</value>
      </symbol>
      <symbol id="sm-26a">
         <name>SHT$$INIT_ARRAY$$Base</name>
         <value>0x0</value>
      </symbol>
   </symbol_table>
   <title>Link successful</title>
</link_info>
