<?xml version="1.0"?>
<link_info>
   <banner>TI ARM Linker PC v15.12.3.LTS</banner>
   <copyright>Copyright (c) 1996-2015 Texas Instruments Incorporated</copyright>
   <link_time>0x58517143</link_time>
   <link_errors>0x0</link_errors>
   <output_file>cs_hfxt_start.out</output_file>
   <entry_point>
      <name>_c_int00</name>
      <address>0x2391</address>
   </entry_point>
   <input_file_list>
      <input_file id="fl-2">
         <path>.\</path>
         <kind>object</kind>
         <file>cs_hfxt_start.obj</file>
         <name>cs_hfxt_start.obj</name>
      </input_file>
      <input_file id="fl-3">
         <path>.\</path>
         <kind>object</kind>
         <file>filters.obj</file>
         <name>filters.obj</name>
      </input_file>
      <input_file id="fl-4">
         <path>.\</path>
         <kind>object</kind>
         <file>startup_msp432p401r_ccs.obj</file>
         <name>startup_msp432p401r_ccs.obj</name>
      </input_file>
      <input_file id="fl-5">
         <path>.\</path>
         <kind>object</kind>
         <file>system_msp432p401r.obj</file>
         <name>system_msp432p401r.obj</name>
      </input_file>
      <input_file id="fl-b">
         <path>C:\ti\tirex-content\msp\MSPWare_3_30_01_00\driverlib\driverlib\MSP432P4xx\ccs\</path>
         <kind>archive</kind>
         <file>msp432p4xx_driverlib.lib</file>
         <name>adc14.o</name>
      </input_file>
      <input_file id="fl-c">
         <path>C:\ti\tirex-content\msp\MSPWare_3_30_01_00\driverlib\driverlib\MSP432P4xx\ccs\</path>
         <kind>archive</kind>
         <file>msp432p4xx_driverlib.lib</file>
         <name>cs.o</name>
      </input_file>
      <input_file id="fl-d">
         <path>C:\ti\tirex-content\msp\MSPWare_3_30_01_00\driverlib\driverlib\MSP432P4xx\ccs\</path>
         <kind>archive</kind>
         <file>msp432p4xx_driverlib.lib</file>
         <name>gpio.o</name>
      </input_file>
      <input_file id="fl-e">
         <path>C:\ti\tirex-content\msp\MSPWare_3_30_01_00\driverlib\driverlib\MSP432P4xx\ccs\</path>
         <kind>archive</kind>
         <file>msp432p4xx_driverlib.lib</file>
         <name>interrupt.o</name>
      </input_file>
      <input_file id="fl-f">
         <path>C:\ti\tirex-content\msp\MSPWare_3_30_01_00\driverlib\driverlib\MSP432P4xx\ccs\</path>
         <kind>archive</kind>
         <file>msp432p4xx_driverlib.lib</file>
         <name>sysctl.o</name>
      </input_file>
      <input_file id="fl-10">
         <path>C:\ti\tirex-content\msp\MSPWare_3_30_01_00\driverlib\driverlib\MSP432P4xx\ccs\</path>
         <kind>archive</kind>
         <file>msp432p4xx_driverlib.lib</file>
         <name>cpu.o</name>
      </input_file>
      <input_file id="fl-c6">
         <path>C:\ti\ccsv6\tools\compiler\arm_15.12.3.LTS\lib\</path>
         <kind>archive</kind>
         <file>rtsv7M4_T_le_v4SPD16_eabi.lib</file>
         <name>boot.obj</name>
      </input_file>
      <input_file id="fl-c7">
         <path>C:\ti\ccsv6\tools\compiler\arm_15.12.3.LTS\lib\</path>
         <kind>archive</kind>
         <file>rtsv7M4_T_le_v4SPD16_eabi.lib</file>
         <name>copy_decompress_none.obj</name>
      </input_file>
      <input_file id="fl-c8">
         <path>C:\ti\ccsv6\tools\compiler\arm_15.12.3.LTS\lib\</path>
         <kind>archive</kind>
         <file>rtsv7M4_T_le_v4SPD16_eabi.lib</file>
         <name>copy_decompress_rle.obj</name>
      </input_file>
      <input_file id="fl-c9">
         <path>C:\ti\ccsv6\tools\compiler\arm_15.12.3.LTS\lib\</path>
         <kind>archive</kind>
         <file>rtsv7M4_T_le_v4SPD16_eabi.lib</file>
         <name>copy_zero_init.obj</name>
      </input_file>
      <input_file id="fl-ca">
         <path>C:\ti\ccsv6\tools\compiler\arm_15.12.3.LTS\lib\</path>
         <kind>archive</kind>
         <file>rtsv7M4_T_le_v4SPD16_eabi.lib</file>
         <name>exit.obj</name>
      </input_file>
      <input_file id="fl-cb">
         <path>C:\ti\ccsv6\tools\compiler\arm_15.12.3.LTS\lib\</path>
         <kind>archive</kind>
         <file>rtsv7M4_T_le_v4SPD16_eabi.lib</file>
         <name>fd_add_t2.obj</name>
      </input_file>
      <input_file id="fl-cc">
         <path>C:\ti\ccsv6\tools\compiler\arm_15.12.3.LTS\lib\</path>
         <kind>archive</kind>
         <file>rtsv7M4_T_le_v4SPD16_eabi.lib</file>
         <name>fd_div_t2.obj</name>
      </input_file>
      <input_file id="fl-cd">
         <path>C:\ti\ccsv6\tools\compiler\arm_15.12.3.LTS\lib\</path>
         <kind>archive</kind>
         <file>rtsv7M4_T_le_v4SPD16_eabi.lib</file>
         <name>fd_mul_t2.obj</name>
      </input_file>
      <input_file id="fl-ce">
         <path>C:\ti\ccsv6\tools\compiler\arm_15.12.3.LTS\lib\</path>
         <kind>archive</kind>
         <file>rtsv7M4_T_le_v4SPD16_eabi.lib</file>
         <name>fd_tos_t2.obj</name>
      </input_file>
      <input_file id="fl-cf">
         <path>C:\ti\ccsv6\tools\compiler\arm_15.12.3.LTS\lib\</path>
         <kind>archive</kind>
         <file>rtsv7M4_T_le_v4SPD16_eabi.lib</file>
         <name>fs_tod_t2.obj</name>
      </input_file>
      <input_file id="fl-d0">
         <path>C:\ti\ccsv6\tools\compiler\arm_15.12.3.LTS\lib\</path>
         <kind>archive</kind>
         <file>rtsv7M4_T_le_v4SPD16_eabi.lib</file>
         <name>memcpy_t2.obj</name>
      </input_file>
      <input_file id="fl-d1">
         <path>C:\ti\ccsv6\tools\compiler\arm_15.12.3.LTS\lib\</path>
         <kind>archive</kind>
         <file>rtsv7M4_T_le_v4SPD16_eabi.lib</file>
         <name>memset_t2.obj</name>
      </input_file>
      <input_file id="fl-d2">
         <path>C:\ti\ccsv6\tools\compiler\arm_15.12.3.LTS\lib\</path>
         <kind>archive</kind>
         <file>rtsv7M4_T_le_v4SPD16_eabi.lib</file>
         <name>mpu_init.obj</name>
      </input_file>
      <input_file id="fl-d3">
         <path>C:\ti\ccsv6\tools\compiler\arm_15.12.3.LTS\lib\</path>
         <kind>archive</kind>
         <file>rtsv7M4_T_le_v4SPD16_eabi.lib</file>
         <name>pre_init.obj</name>
      </input_file>
      <input_file id="fl-d4">
         <path>C:\ti\ccsv6\tools\compiler\arm_15.12.3.LTS\lib\</path>
         <kind>archive</kind>
         <file>rtsv7M4_T_le_v4SPD16_eabi.lib</file>
         <name>s_sin.obj</name>
      </input_file>
      <input_file id="fl-d5">
         <path>C:\ti\ccsv6\tools\compiler\arm_15.12.3.LTS\lib\</path>
         <kind>archive</kind>
         <file>rtsv7M4_T_le_v4SPD16_eabi.lib</file>
         <name>stkdepth_vars.obj</name>
      </input_file>
      <input_file id="fl-d6">
         <path>C:\ti\ccsv6\tools\compiler\arm_15.12.3.LTS\lib\</path>
         <kind>archive</kind>
         <file>rtsv7M4_T_le_v4SPD16_eabi.lib</file>
         <name>_lock.obj</name>
      </input_file>
      <input_file id="fl-d7">
         <path>C:\ti\ccsv6\tools\compiler\arm_15.12.3.LTS\lib\</path>
         <kind>archive</kind>
         <file>rtsv7M4_T_le_v4SPD16_eabi.lib</file>
         <name>args_main.obj</name>
      </input_file>
      <input_file id="fl-d8">
         <path>C:\ti\ccsv6\tools\compiler\arm_15.12.3.LTS\lib\</path>
         <kind>archive</kind>
         <file>rtsv7M4_T_le_v4SPD16_eabi.lib</file>
         <name>autoinit.obj</name>
      </input_file>
      <input_file id="fl-d9">
         <path>C:\ti\ccsv6\tools\compiler\arm_15.12.3.LTS\lib\</path>
         <kind>archive</kind>
         <file>rtsv7M4_T_le_v4SPD16_eabi.lib</file>
         <name>cpy_tbl.obj</name>
      </input_file>
      <input_file id="fl-da">
         <path>C:\ti\ccsv6\tools\compiler\arm_15.12.3.LTS\lib\</path>
         <kind>archive</kind>
         <file>rtsv7M4_T_le_v4SPD16_eabi.lib</file>
         <name>fd_cmp_t2.obj</name>
      </input_file>
      <input_file id="fl-db">
         <path>C:\ti\ccsv6\tools\compiler\arm_15.12.3.LTS\lib\</path>
         <kind>archive</kind>
         <file>rtsv7M4_T_le_v4SPD16_eabi.lib</file>
         <name>fd_toi_t2.obj</name>
      </input_file>
      <input_file id="fl-dc">
         <path>C:\ti\ccsv6\tools\compiler\arm_15.12.3.LTS\lib\</path>
         <kind>archive</kind>
         <file>rtsv7M4_T_le_v4SPD16_eabi.lib</file>
         <name>i_tofd_t2.obj</name>
      </input_file>
      <input_file id="fl-dd">
         <path>C:\ti\ccsv6\tools\compiler\arm_15.12.3.LTS\lib\</path>
         <kind>archive</kind>
         <file>rtsv7M4_T_le_v4SPD16_eabi.lib</file>
         <name>k_cos.obj</name>
      </input_file>
      <input_file id="fl-de">
         <path>C:\ti\ccsv6\tools\compiler\arm_15.12.3.LTS\lib\</path>
         <kind>archive</kind>
         <file>rtsv7M4_T_le_v4SPD16_eabi.lib</file>
         <name>k_rem_pio2.obj</name>
      </input_file>
      <input_file id="fl-df">
         <path>C:\ti\ccsv6\tools\compiler\arm_15.12.3.LTS\lib\</path>
         <kind>archive</kind>
         <file>rtsv7M4_T_le_v4SPD16_eabi.lib</file>
         <name>k_sin.obj</name>
      </input_file>
      <input_file id="fl-e0">
         <path>C:\ti\ccsv6\tools\compiler\arm_15.12.3.LTS\lib\</path>
         <kind>archive</kind>
         <file>rtsv7M4_T_le_v4SPD16_eabi.lib</file>
         <name>s_floor.obj</name>
      </input_file>
      <input_file id="fl-e1">
         <path>C:\ti\ccsv6\tools\compiler\arm_15.12.3.LTS\lib\</path>
         <kind>archive</kind>
         <file>rtsv7M4_T_le_v4SPD16_eabi.lib</file>
         <name>s_scalbn.obj</name>
      </input_file>
      <input_file id="fl-e2">
         <path>C:\ti\ccsv6\tools\compiler\arm_15.12.3.LTS\lib\</path>
         <kind>archive</kind>
         <file>rtsv7M4_T_le_v4SPD16_eabi.lib</file>
         <name>startup.obj</name>
      </input_file>
      <input_file id="fl-e3">
         <path>C:\ti\ccsv6\tools\compiler\arm_15.12.3.LTS\lib\</path>
         <kind>archive</kind>
         <file>rtsv7M4_T_le_v4SPD16_eabi.lib</file>
         <name>errno.obj</name>
      </input_file>
      <input_file id="fl-e4">
         <path>C:\ti\ccsv6\tools\compiler\arm_15.12.3.LTS\lib\</path>
         <kind>archive</kind>
         <file>rtsv7M4_T_le_v4SPD16_eabi.lib</file>
         <name>s_copysign.obj</name>
      </input_file>
   </input_file_list>
   <object_component_list>
      <object_component id="oc-28">
         <name>.intvecs:retain</name>
         <load_address>0x0</load_address>
         <run_address>0x0</run_address>
         <size>0x140</size>
         <input_file_ref idref="fl-4"/>
      </object_component>
      <object_component id="oc-15e">
         <name>.text</name>
         <load_address>0x140</load_address>
         <run_address>0x140</run_address>
         <size>0x740</size>
         <input_file_ref idref="fl-de"/>
      </object_component>
      <object_component id="oc-c3">
         <name>.text</name>
         <load_address>0x880</load_address>
         <run_address>0x880</run_address>
         <size>0x5d0</size>
         <input_file_ref idref="fl-d4"/>
      </object_component>
      <object_component id="oc-b7">
         <name>.text</name>
         <load_address>0xe50</load_address>
         <run_address>0xe50</run_address>
         <size>0x348</size>
         <input_file_ref idref="fl-5"/>
      </object_component>
      <object_component id="oc-79">
         <name>.text</name>
         <load_address>0x1198</load_address>
         <run_address>0x1198</run_address>
         <size>0x320</size>
         <input_file_ref idref="fl-2"/>
      </object_component>
      <object_component id="oc-c9">
         <name>.text</name>
         <load_address>0x14b8</load_address>
         <run_address>0x14b8</run_address>
         <size>0x1b6</size>
         <input_file_ref idref="fl-cb"/>
      </object_component>
      <object_component id="oc-51">
         <name>.text</name>
         <load_address>0x166e</load_address>
         <run_address>0x166e</run_address>
         <size>0x2</size>
         <input_file_ref idref="fl-d2"/>
      </object_component>
      <object_component id="oc-14e">
         <name>.text</name>
         <load_address>0x1670</load_address>
         <run_address>0x1670</run_address>
         <size>0x174</size>
         <input_file_ref idref="fl-df"/>
      </object_component>
      <object_component id="oc-164">
         <name>.text</name>
         <load_address>0x17e4</load_address>
         <run_address>0x17e4</run_address>
         <size>0x16c</size>
         <input_file_ref idref="fl-dd"/>
      </object_component>
      <object_component id="oc-d3">
         <name>.text</name>
         <load_address>0x1950</load_address>
         <run_address>0x1950</run_address>
         <size>0x136</size>
         <input_file_ref idref="fl-cc"/>
      </object_component>
      <object_component id="oc-ce">
         <name>.text</name>
         <load_address>0x1a86</load_address>
         <run_address>0x1a86</run_address>
         <size>0xfc</size>
         <input_file_ref idref="fl-cd"/>
      </object_component>
      <object_component id="oc-a2">
         <name>.text</name>
         <load_address>0x1b82</load_address>
         <run_address>0x1b82</run_address>
         <size>0x2</size>
         <input_file_ref idref="fl-e2"/>
      </object_component>
      <object_component id="oc-1b5">
         <name>.text</name>
         <load_address>0x1b84</load_address>
         <run_address>0x1b84</run_address>
         <size>0xfc</size>
         <input_file_ref idref="fl-e1"/>
      </object_component>
      <object_component id="oc-1bb">
         <name>.text</name>
         <load_address>0x1c80</load_address>
         <run_address>0x1c80</run_address>
         <size>0xf8</size>
         <input_file_ref idref="fl-e0"/>
      </object_component>
      <object_component id="oc-fb">
         <name>.text:CS_initClockSignal</name>
         <load_address>0x1d78</load_address>
         <run_address>0x1d78</run_address>
         <size>0xe0</size>
         <input_file_ref idref="fl-c"/>
      </object_component>
      <object_component id="oc-107">
         <name>.text</name>
         <load_address>0x1e58</load_address>
         <run_address>0x1e58</run_address>
         <size>0xc0</size>
         <input_file_ref idref="fl-3"/>
      </object_component>
      <object_component id="oc-181">
         <name>.text:CS_startHFXTWithTimeout</name>
         <load_address>0x1f18</load_address>
         <run_address>0x1f18</run_address>
         <size>0x9c</size>
         <input_file_ref idref="fl-c"/>
      </object_component>
      <object_component id="oc-2c">
         <name>.text</name>
         <load_address>0x1fb4</load_address>
         <run_address>0x1fb4</run_address>
         <size>0x9c</size>
         <input_file_ref idref="fl-d0"/>
      </object_component>
      <object_component id="oc-159">
         <name>.text:__aeabi_cdcmple</name>
         <load_address>0x2050</load_address>
         <run_address>0x2050</run_address>
         <size>0x86</size>
         <input_file_ref idref="fl-da"/>
      </object_component>
      <object_component id="oc-1c1">
         <name>.text:__aeabi_cdrcmple</name>
         <load_address>0x20d6</load_address>
         <run_address>0x20d6</run_address>
         <size>0x86</size>
         <input_file_ref idref="fl-da"/>
      </object_component>
      <object_component id="oc-45">
         <name>.text</name>
         <load_address>0x215c</load_address>
         <run_address>0x215c</run_address>
         <size>0x7a</size>
         <input_file_ref idref="fl-d1"/>
      </object_component>
      <object_component id="oc-1f1">
         <name>.text:_CSGetHFXTFrequency</name>
         <load_address>0x21d8</load_address>
         <run_address>0x21d8</run_address>
         <size>0x70</size>
         <input_file_ref idref="fl-c"/>
      </object_component>
      <object_component id="oc-5d">
         <name>.text</name>
         <load_address>0x2248</load_address>
         <run_address>0x2248</run_address>
         <size>0x70</size>
         <input_file_ref idref="fl-d8"/>
      </object_component>
      <object_component id="oc-d8">
         <name>.text</name>
         <load_address>0x22b8</load_address>
         <run_address>0x22b8</run_address>
         <size>0x6e</size>
         <input_file_ref idref="fl-ce"/>
      </object_component>
      <object_component id="oc-38">
         <name>.text</name>
         <load_address>0x2326</load_address>
         <run_address>0x2326</run_address>
         <size>0x6a</size>
         <input_file_ref idref="fl-c8"/>
      </object_component>
      <object_component id="oc-22">
         <name>.text</name>
         <load_address>0x2390</load_address>
         <run_address>0x2390</run_address>
         <size>0x54</size>
         <input_file_ref idref="fl-c6"/>
      </object_component>
      <object_component id="oc-69">
         <name>.text</name>
         <load_address>0x23e4</load_address>
         <run_address>0x23e4</run_address>
         <size>0x54</size>
         <input_file_ref idref="fl-ca"/>
      </object_component>
      <object_component id="oc-e9">
         <name>.text:GPIO_setAsPeripheralModuleFunctionOutputPin</name>
         <load_address>0x2438</load_address>
         <run_address>0x2438</run_address>
         <size>0x4c</size>
         <input_file_ref idref="fl-d"/>
      </object_component>
      <object_component id="oc-9c">
         <name>.text</name>
         <load_address>0x2484</load_address>
         <run_address>0x2484</run_address>
         <size>0x4c</size>
         <input_file_ref idref="fl-d9"/>
      </object_component>
      <object_component id="oc-dd">
         <name>.text:GPIO_setAsPeripheralModuleFunctionInputPin</name>
         <load_address>0x24d0</load_address>
         <run_address>0x24d0</run_address>
         <size>0x48</size>
         <input_file_ref idref="fl-d"/>
      </object_component>
      <object_component id="oc-149">
         <name>.text</name>
         <load_address>0x2518</load_address>
         <run_address>0x2518</run_address>
         <size>0x48</size>
         <input_file_ref idref="fl-db"/>
      </object_component>
      <object_component id="oc-be">
         <name>.text</name>
         <load_address>0x2560</load_address>
         <run_address>0x2560</run_address>
         <size>0x38</size>
         <input_file_ref idref="fl-cf"/>
      </object_component>
      <object_component id="oc-154">
         <name>.text</name>
         <load_address>0x2598</load_address>
         <run_address>0x2598</run_address>
         <size>0x2e</size>
         <input_file_ref idref="fl-dc"/>
      </object_component>
      <object_component id="oc-e3">
         <name>.text:GPIO_setAsOutputPin</name>
         <load_address>0x25c8</load_address>
         <run_address>0x25c8</run_address>
         <size>0x24</size>
         <input_file_ref idref="fl-d"/>
      </object_component>
      <object_component id="oc-63">
         <name>.text</name>
         <load_address>0x25ec</load_address>
         <run_address>0x25ec</run_address>
         <size>0x18</size>
         <input_file_ref idref="fl-d7"/>
      </object_component>
      <object_component id="oc-101">
         <name>.text:ADC14_setResolution</name>
         <load_address>0x2604</load_address>
         <run_address>0x2604</run_address>
         <size>0x14</size>
         <input_file_ref idref="fl-b"/>
      </object_component>
      <object_component id="oc-ef">
         <name>.text:CS_setExternalClockSourceFrequency</name>
         <load_address>0x2618</load_address>
         <run_address>0x2618</run_address>
         <size>0x14</size>
         <input_file_ref idref="fl-c"/>
      </object_component>
      <object_component id="oc-138">
         <name>.text</name>
         <load_address>0x262c</load_address>
         <run_address>0x262c</run_address>
         <size>0x14</size>
         <input_file_ref idref="fl-d6"/>
      </object_component>
      <object_component id="oc-20a">
         <name>.text</name>
         <load_address>0x2640</load_address>
         <run_address>0x2640</run_address>
         <size>0x14</size>
         <input_file_ref idref="fl-e4"/>
      </object_component>
      <object_component id="oc-73">
         <name>.text</name>
         <load_address>0x2654</load_address>
         <run_address>0x2654</run_address>
         <size>0x12</size>
         <input_file_ref idref="fl-4"/>
      </object_component>
      <object_component id="oc-1eb">
         <name>.text:SysCtl_disableNMISource</name>
         <load_address>0x2668</load_address>
         <run_address>0x2668</run_address>
         <size>0x10</size>
         <input_file_ref idref="fl-f"/>
      </object_component>
      <object_component id="oc-1f7">
         <name>.text:SysCtl_enableNMISource</name>
         <load_address>0x2678</load_address>
         <run_address>0x2678</run_address>
         <size>0x10</size>
         <input_file_ref idref="fl-f"/>
      </object_component>
      <object_component id="oc-10">
         <name>.text:decompress:none</name>
         <load_address>0x2688</load_address>
         <run_address>0x2688</run_address>
         <size>0xe</size>
         <input_file_ref idref="fl-c7"/>
      </object_component>
      <object_component id="oc-1e5">
         <name>.text:SysCtl_getNMISourceStatus</name>
         <load_address>0x2698</load_address>
         <run_address>0x2698</run_address>
         <size>0xc</size>
         <input_file_ref idref="fl-f"/>
      </object_component>
      <object_component id="oc-f5">
         <name>.text:CS_startHFXT</name>
         <load_address>0x26a4</load_address>
         <run_address>0x26a4</run_address>
         <size>0x6</size>
         <input_file_ref idref="fl-c"/>
      </object_component>
      <object_component id="oc-16">
         <name>.text:decompress:rle24</name>
         <load_address>0x26aa</load_address>
         <run_address>0x26aa</run_address>
         <size>0x6</size>
         <input_file_ref idref="fl-c8"/>
      </object_component>
      <object_component id="oc-57">
         <name>.text</name>
         <load_address>0x26b0</load_address>
         <run_address>0x26b0</run_address>
         <size>0x4</size>
         <input_file_ref idref="fl-d3"/>
      </object_component>
      <object_component id="oc-1c6">
         <name>.const:$O1$$</name>
         <load_address>0x26b8</load_address>
         <run_address>0x26b8</run_address>
         <size>0x158</size>
         <input_file_ref idref="fl-de"/>
      </object_component>
      <object_component id="oc-24e">
         <name>.cinit..data.load</name>
         <load_address>0x2810</load_address>
         <run_address>0x2810</run_address>
         <size>0x5e</size>
      </object_component>
      <object_component id="oc-24f">
         <name>.cinit..bss.load</name>
         <load_address>0x2870</load_address>
         <run_address>0x2870</run_address>
         <size>0x9</size>
      </object_component>
      <object_component id="oc-24c">
         <name>__TI_handler_table</name>
         <load_address>0x287c</load_address>
         <run_address>0x287c</run_address>
         <size>0x8</size>
      </object_component>
      <object_component id="oc-24d">
         <name>__TI_cinit_table</name>
         <load_address>0x2884</load_address>
         <run_address>0x2884</run_address>
         <size>0x10</size>
      </object_component>
      <object_component id="oc-110">
         <name>.data</name>
         <load_address>0x20000138</load_address>
         <run_address>0x20000138</run_address>
         <size>0x8</size>
         <input_file_ref idref="fl-2"/>
      </object_component>
      <object_component id="oc-18e">
         <name>.data:bandstop_num</name>
         <load_address>0x20000124</load_address>
         <run_address>0x20000124</run_address>
         <size>0xc</size>
         <input_file_ref idref="fl-3"/>
      </object_component>
      <object_component id="oc-191">
         <name>.data:bandstop_den</name>
         <load_address>0x20000118</load_address>
         <run_address>0x20000118</run_address>
         <size>0xc</size>
         <input_file_ref idref="fl-3"/>
      </object_component>
      <object_component id="oc-18b">
         <name>.data:bandstop_buffer</name>
         <load_address>0x2000010c</load_address>
         <run_address>0x2000010c</run_address>
         <size>0xc</size>
         <input_file_ref idref="fl-3"/>
      </object_component>
      <object_component id="oc-144">
         <name>.data</name>
         <load_address>0x20000148</load_address>
         <run_address>0x20000148</run_address>
         <size>0x4</size>
         <input_file_ref idref="fl-5"/>
      </object_component>
      <object_component id="oc-175">
         <name>.data:GPIO_PORT_TO_BASE</name>
         <load_address>0x200000d0</load_address>
         <run_address>0x200000d0</run_address>
         <size>0x30</size>
         <input_file_ref idref="fl-d"/>
      </object_component>
      <object_component id="oc-ac">
         <name>.data:$O1$$</name>
         <load_address>0x20000100</load_address>
         <run_address>0x20000100</run_address>
         <size>0xc</size>
         <input_file_ref idref="fl-ca"/>
      </object_component>
      <object_component id="oc-6f">
         <name>.data</name>
         <load_address>0x20000144</load_address>
         <run_address>0x20000144</run_address>
         <size>0x4</size>
         <input_file_ref idref="fl-d5"/>
      </object_component>
      <object_component id="oc-af">
         <name>.data:$O1$$</name>
         <load_address>0x20000130</load_address>
         <run_address>0x20000130</run_address>
         <size>0x8</size>
         <input_file_ref idref="fl-d6"/>
      </object_component>
      <object_component id="oc-210">
         <name>.data</name>
         <load_address>0x20000140</load_address>
         <run_address>0x20000140</run_address>
         <size>0x4</size>
         <input_file_ref idref="fl-e3"/>
      </object_component>
      <object_component id="oc-10d">
         <name>.common:sin_value</name>
         <uninitialized>true</uninitialized>
         <run_address>0x20000000</run_address>
         <size>0xc8</size>
      </object_component>
      <object_component id="oc-17f">
         <name>.common:hfxtFreq</name>
         <uninitialized>true</uninitialized>
         <run_address>0x200000c8</run_address>
         <size>0x4</size>
      </object_component>
      <object_component id="oc-17c">
         <name>.common:lfxtFreq</name>
         <uninitialized>true</uninitialized>
         <run_address>0x200000cc</run_address>
         <size>0x4</size>
      </object_component>
      <object_component id="oc-2b">
         <name>.stack</name>
         <uninitialized>true</uninitialized>
         <run_address>0x2000fe00</run_address>
         <size>0x0</size>
         <input_file_ref idref="fl-c6"/>
      </object_component>
      <object_component id="oc-250">
         <name>.stack</name>
         <uninitialized>true</uninitialized>
         <run_address>0x2000fe00</run_address>
         <size>0x0</size>
      </object_component>
      <object_component id="oc-10e">
         <name>.debug_info</name>
         <load_address>0x0</load_address>
         <run_address>0x0</run_address>
         <size>0x687</size>
         <input_file_ref idref="fl-2"/>
      </object_component>
      <object_component id="oc-111">
         <name>.debug_info</name>
         <load_address>0x687</load_address>
         <run_address>0x687</run_address>
         <size>0xcc</size>
         <input_file_ref idref="fl-2"/>
      </object_component>
      <object_component id="oc-7a">
         <name>.debug_info</name>
         <load_address>0x753</load_address>
         <run_address>0x753</run_address>
         <size>0x4fb</size>
         <input_file_ref idref="fl-2"/>
      </object_component>
      <object_component id="oc-198">
         <name>.debug_info</name>
         <load_address>0xc4e</load_address>
         <run_address>0xc4e</run_address>
         <size>0x37a3</size>
         <input_file_ref idref="fl-2"/>
      </object_component>
      <object_component id="oc-19d">
         <name>.debug_info</name>
         <load_address>0x43f1</load_address>
         <run_address>0x43f1</run_address>
         <size>0x103e</size>
         <input_file_ref idref="fl-2"/>
      </object_component>
      <object_component id="oc-1e0">
         <name>.debug_info</name>
         <load_address>0x542f</load_address>
         <run_address>0x542f</run_address>
         <size>0x1b5</size>
         <input_file_ref idref="fl-2"/>
      </object_component>
      <object_component id="oc-114">
         <name>.debug_info</name>
         <load_address>0x55e4</load_address>
         <run_address>0x55e4</run_address>
         <size>0x8b</size>
         <input_file_ref idref="fl-2"/>
      </object_component>
      <object_component id="oc-119">
         <name>.debug_info</name>
         <load_address>0x566f</load_address>
         <run_address>0x566f</run_address>
         <size>0x18b</size>
         <input_file_ref idref="fl-2"/>
      </object_component>
      <object_component id="oc-195">
         <name>.debug_info</name>
         <load_address>0x57fa</load_address>
         <run_address>0x57fa</run_address>
         <size>0x116</size>
         <input_file_ref idref="fl-3"/>
      </object_component>
      <object_component id="oc-18f">
         <name>.debug_info</name>
         <load_address>0x5910</load_address>
         <run_address>0x5910</run_address>
         <size>0xdb</size>
         <input_file_ref idref="fl-3"/>
      </object_component>
      <object_component id="oc-192">
         <name>.debug_info</name>
         <load_address>0x59eb</load_address>
         <run_address>0x59eb</run_address>
         <size>0xdb</size>
         <input_file_ref idref="fl-3"/>
      </object_component>
      <object_component id="oc-18c">
         <name>.debug_info</name>
         <load_address>0x5ac6</load_address>
         <run_address>0x5ac6</run_address>
         <size>0xe2</size>
         <input_file_ref idref="fl-3"/>
      </object_component>
      <object_component id="oc-109">
         <name>.debug_info</name>
         <load_address>0x5ba8</load_address>
         <run_address>0x5ba8</run_address>
         <size>0x280</size>
         <input_file_ref idref="fl-3"/>
      </object_component>
      <object_component id="oc-8a">
         <name>.debug_info</name>
         <load_address>0x5e28</load_address>
         <run_address>0x5e28</run_address>
         <size>0x84</size>
         <input_file_ref idref="fl-3"/>
      </object_component>
      <object_component id="oc-81">
         <name>.debug_info</name>
         <load_address>0x5eac</load_address>
         <run_address>0x5eac</run_address>
         <size>0x13b</size>
         <input_file_ref idref="fl-4"/>
      </object_component>
      <object_component id="oc-29">
         <name>.debug_info</name>
         <load_address>0x5fe7</load_address>
         <run_address>0x5fe7</run_address>
         <size>0xf4</size>
         <input_file_ref idref="fl-4"/>
      </object_component>
      <object_component id="oc-74">
         <name>.debug_info</name>
         <load_address>0x60db</load_address>
         <run_address>0x60db</run_address>
         <size>0x25b</size>
         <input_file_ref idref="fl-4"/>
      </object_component>
      <object_component id="oc-145">
         <name>.debug_info</name>
         <load_address>0x6336</load_address>
         <run_address>0x6336</run_address>
         <size>0xed</size>
         <input_file_ref idref="fl-5"/>
      </object_component>
      <object_component id="oc-b9">
         <name>.debug_info</name>
         <load_address>0x6423</load_address>
         <run_address>0x6423</run_address>
         <size>0x260</size>
         <input_file_ref idref="fl-5"/>
      </object_component>
      <object_component id="oc-18a">
         <name>.debug_info</name>
         <load_address>0x6683</load_address>
         <run_address>0x6683</run_address>
         <size>0x4ad</size>
         <input_file_ref idref="fl-b"/>
      </object_component>
      <object_component id="oc-103">
         <name>.debug_info</name>
         <load_address>0x6b30</load_address>
         <run_address>0x6b30</run_address>
         <size>0x130</size>
         <input_file_ref idref="fl-b"/>
      </object_component>
      <object_component id="oc-1d9">
         <name>.debug_info</name>
         <load_address>0x6c60</load_address>
         <run_address>0x6c60</run_address>
         <size>0x103e</size>
         <input_file_ref idref="fl-b"/>
      </object_component>
      <object_component id="oc-17d">
         <name>.debug_info</name>
         <load_address>0x7c9e</load_address>
         <run_address>0x7c9e</run_address>
         <size>0x5e9</size>
         <input_file_ref idref="fl-c"/>
      </object_component>
      <object_component id="oc-1f4">
         <name>.debug_info</name>
         <load_address>0x8287</load_address>
         <run_address>0x8287</run_address>
         <size>0xf6</size>
         <input_file_ref idref="fl-c"/>
      </object_component>
      <object_component id="oc-184">
         <name>.debug_info</name>
         <load_address>0x837d</load_address>
         <run_address>0x837d</run_address>
         <size>0x236</size>
         <input_file_ref idref="fl-c"/>
      </object_component>
      <object_component id="oc-f8">
         <name>.debug_info</name>
         <load_address>0x85b3</load_address>
         <run_address>0x85b3</run_address>
         <size>0x11c</size>
         <input_file_ref idref="fl-c"/>
      </object_component>
      <object_component id="oc-f2">
         <name>.debug_info</name>
         <load_address>0x86cf</load_address>
         <run_address>0x86cf</run_address>
         <size>0x1d7</size>
         <input_file_ref idref="fl-c"/>
      </object_component>
      <object_component id="oc-fe">
         <name>.debug_info</name>
         <load_address>0x88a6</load_address>
         <run_address>0x88a6</run_address>
         <size>0x1b3</size>
         <input_file_ref idref="fl-c"/>
      </object_component>
      <object_component id="oc-179">
         <name>.debug_info</name>
         <load_address>0x8a59</load_address>
         <run_address>0x8a59</run_address>
         <size>0x49e</size>
         <input_file_ref idref="fl-d"/>
      </object_component>
      <object_component id="oc-176">
         <name>.debug_info</name>
         <load_address>0x8ef7</load_address>
         <run_address>0x8ef7</run_address>
         <size>0xca</size>
         <input_file_ref idref="fl-d"/>
      </object_component>
      <object_component id="oc-eb">
         <name>.debug_info</name>
         <load_address>0x8fc1</load_address>
         <run_address>0x8fc1</run_address>
         <size>0x1d7</size>
         <input_file_ref idref="fl-d"/>
      </object_component>
      <object_component id="oc-df">
         <name>.debug_info</name>
         <load_address>0x9198</load_address>
         <run_address>0x9198</run_address>
         <size>0x1d5</size>
         <input_file_ref idref="fl-d"/>
      </object_component>
      <object_component id="oc-e5">
         <name>.debug_info</name>
         <load_address>0x936d</load_address>
         <run_address>0x936d</run_address>
         <size>0x196</size>
         <input_file_ref idref="fl-d"/>
      </object_component>
      <object_component id="oc-220">
         <name>.debug_info</name>
         <load_address>0x9503</load_address>
         <run_address>0x9503</run_address>
         <size>0x373</size>
         <input_file_ref idref="fl-f"/>
      </object_component>
      <object_component id="oc-1e9">
         <name>.debug_info</name>
         <load_address>0x9876</load_address>
         <run_address>0x9876</run_address>
         <size>0x109</size>
         <input_file_ref idref="fl-f"/>
      </object_component>
      <object_component id="oc-1fb">
         <name>.debug_info</name>
         <load_address>0x997f</load_address>
         <run_address>0x997f</run_address>
         <size>0x125</size>
         <input_file_ref idref="fl-f"/>
      </object_component>
      <object_component id="oc-1ef">
         <name>.debug_info</name>
         <load_address>0x9aa4</load_address>
         <run_address>0x9aa4</run_address>
         <size>0x127</size>
         <input_file_ref idref="fl-f"/>
      </object_component>
      <object_component id="oc-23">
         <name>.debug_info</name>
         <load_address>0x9bcb</load_address>
         <run_address>0x9bcb</run_address>
         <size>0x161</size>
         <input_file_ref idref="fl-c6"/>
      </object_component>
      <object_component id="oc-37">
         <name>.debug_info</name>
         <load_address>0x9d2c</load_address>
         <run_address>0x9d2c</run_address>
         <size>0x141</size>
         <input_file_ref idref="fl-c7"/>
      </object_component>
      <object_component id="oc-13">
         <name>.debug_info</name>
         <load_address>0x9e6d</load_address>
         <run_address>0x9e6d</run_address>
         <size>0x1e0</size>
         <input_file_ref idref="fl-c7"/>
      </object_component>
      <object_component id="oc-32">
         <name>.debug_info</name>
         <load_address>0xa04d</load_address>
         <run_address>0xa04d</run_address>
         <size>0x46</size>
         <input_file_ref idref="fl-c7"/>
      </object_component>
      <object_component id="oc-83">
         <name>.debug_info</name>
         <load_address>0xa093</load_address>
         <run_address>0xa093</run_address>
         <size>0x2c</size>
         <input_file_ref idref="fl-c7"/>
      </object_component>
      <object_component id="oc-3f">
         <name>.debug_info</name>
         <load_address>0xa0bf</load_address>
         <run_address>0xa0bf</run_address>
         <size>0x135</size>
         <input_file_ref idref="fl-c8"/>
      </object_component>
      <object_component id="oc-3a">
         <name>.debug_info</name>
         <load_address>0xa1f4</load_address>
         <run_address>0xa1f4</run_address>
         <size>0x248</size>
         <input_file_ref idref="fl-c8"/>
      </object_component>
      <object_component id="oc-17">
         <name>.debug_info</name>
         <load_address>0xa43c</load_address>
         <run_address>0xa43c</run_address>
         <size>0x1b2</size>
         <input_file_ref idref="fl-c8"/>
      </object_component>
      <object_component id="oc-40">
         <name>.debug_info</name>
         <load_address>0xa5ee</load_address>
         <run_address>0xa5ee</run_address>
         <size>0x39</size>
         <input_file_ref idref="fl-c8"/>
      </object_component>
      <object_component id="oc-92">
         <name>.debug_info</name>
         <load_address>0xa627</load_address>
         <run_address>0xa627</run_address>
         <size>0x2c</size>
         <input_file_ref idref="fl-c8"/>
      </object_component>
      <object_component id="oc-b3">
         <name>.debug_info</name>
         <load_address>0xa653</load_address>
         <run_address>0xa653</run_address>
         <size>0x235</size>
         <input_file_ref idref="fl-ca"/>
      </object_component>
      <object_component id="oc-ad">
         <name>.debug_info</name>
         <load_address>0xa888</load_address>
         <run_address>0xa888</run_address>
         <size>0x186</size>
         <input_file_ref idref="fl-ca"/>
      </object_component>
      <object_component id="oc-6a">
         <name>.debug_info</name>
         <load_address>0xaa0e</load_address>
         <run_address>0xaa0e</run_address>
         <size>0x215</size>
         <input_file_ref idref="fl-ca"/>
      </object_component>
      <object_component id="oc-ca">
         <name>.debug_info</name>
         <load_address>0xac23</load_address>
         <run_address>0xac23</run_address>
         <size>0x145</size>
         <input_file_ref idref="fl-cb"/>
      </object_component>
      <object_component id="oc-d4">
         <name>.debug_info</name>
         <load_address>0xad68</load_address>
         <run_address>0xad68</run_address>
         <size>0x133</size>
         <input_file_ref idref="fl-cc"/>
      </object_component>
      <object_component id="oc-d0">
         <name>.debug_info</name>
         <load_address>0xae9b</load_address>
         <run_address>0xae9b</run_address>
         <size>0x133</size>
         <input_file_ref idref="fl-cd"/>
      </object_component>
      <object_component id="oc-d9">
         <name>.debug_info</name>
         <load_address>0xafce</load_address>
         <run_address>0xafce</run_address>
         <size>0x137</size>
         <input_file_ref idref="fl-ce"/>
      </object_component>
      <object_component id="oc-bf">
         <name>.debug_info</name>
         <load_address>0xb105</load_address>
         <run_address>0xb105</run_address>
         <size>0x125</size>
         <input_file_ref idref="fl-cf"/>
      </object_component>
      <object_component id="oc-2e">
         <name>.debug_info</name>
         <load_address>0xb22a</load_address>
         <run_address>0xb22a</run_address>
         <size>0x112</size>
         <input_file_ref idref="fl-d0"/>
      </object_component>
      <object_component id="oc-48">
         <name>.debug_info</name>
         <load_address>0xb33c</load_address>
         <run_address>0xb33c</run_address>
         <size>0x140</size>
         <input_file_ref idref="fl-d1"/>
      </object_component>
      <object_component id="oc-52">
         <name>.debug_info</name>
         <load_address>0xb47c</load_address>
         <run_address>0xb47c</run_address>
         <size>0x139</size>
         <input_file_ref idref="fl-d2"/>
      </object_component>
      <object_component id="oc-5a">
         <name>.debug_info</name>
         <load_address>0xb5b5</load_address>
         <run_address>0xb5b5</run_address>
         <size>0x149</size>
         <input_file_ref idref="fl-d3"/>
      </object_component>
      <object_component id="oc-170">
         <name>.debug_info</name>
         <load_address>0xb6fe</load_address>
         <run_address>0xb6fe</run_address>
         <size>0x267</size>
         <input_file_ref idref="fl-d4"/>
      </object_component>
      <object_component id="oc-c4">
         <name>.debug_info</name>
         <load_address>0xb965</load_address>
         <run_address>0xb965</run_address>
         <size>0x78b</size>
         <input_file_ref idref="fl-d4"/>
      </object_component>
      <object_component id="oc-16b">
         <name>.debug_info</name>
         <load_address>0xc0f0</load_address>
         <run_address>0xc0f0</run_address>
         <size>0x39</size>
         <input_file_ref idref="fl-d4"/>
      </object_component>
      <object_component id="oc-70">
         <name>.debug_info</name>
         <load_address>0xc129</load_address>
         <run_address>0xc129</run_address>
         <size>0x10a</size>
         <input_file_ref idref="fl-d5"/>
      </object_component>
      <object_component id="oc-140">
         <name>.debug_info</name>
         <load_address>0xc233</load_address>
         <run_address>0xc233</run_address>
         <size>0x125</size>
         <input_file_ref idref="fl-d6"/>
      </object_component>
      <object_component id="oc-b0">
         <name>.debug_info</name>
         <load_address>0xc358</load_address>
         <run_address>0xc358</run_address>
         <size>0x114</size>
         <input_file_ref idref="fl-d6"/>
      </object_component>
      <object_component id="oc-13a">
         <name>.debug_info</name>
         <load_address>0xc46c</load_address>
         <run_address>0xc46c</run_address>
         <size>0x220</size>
         <input_file_ref idref="fl-d6"/>
      </object_component>
      <object_component id="oc-ab">
         <name>.debug_info</name>
         <load_address>0xc68c</load_address>
         <run_address>0xc68c</run_address>
         <size>0x167</size>
         <input_file_ref idref="fl-d7"/>
      </object_component>
      <object_component id="oc-66">
         <name>.debug_info</name>
         <load_address>0xc7f3</load_address>
         <run_address>0xc7f3</run_address>
         <size>0x168</size>
         <input_file_ref idref="fl-d7"/>
      </object_component>
      <object_component id="oc-131">
         <name>.debug_info</name>
         <load_address>0xc95b</load_address>
         <run_address>0xc95b</run_address>
         <size>0x5e</size>
         <input_file_ref idref="fl-d7"/>
      </object_component>
      <object_component id="oc-a9">
         <name>.debug_info</name>
         <load_address>0xc9b9</load_address>
         <run_address>0xc9b9</run_address>
         <size>0x2ea</size>
         <input_file_ref idref="fl-d8"/>
      </object_component>
      <object_component id="oc-60">
         <name>.debug_info</name>
         <load_address>0xcca3</load_address>
         <run_address>0xcca3</run_address>
         <size>0x191</size>
         <input_file_ref idref="fl-d8"/>
      </object_component>
      <object_component id="oc-125">
         <name>.debug_info</name>
         <load_address>0xce34</load_address>
         <run_address>0xce34</run_address>
         <size>0x39</size>
         <input_file_ref idref="fl-d8"/>
      </object_component>
      <object_component id="oc-12a">
         <name>.debug_info</name>
         <load_address>0xce6d</load_address>
         <run_address>0xce6d</run_address>
         <size>0xcd</size>
         <input_file_ref idref="fl-d8"/>
      </object_component>
      <object_component id="oc-121">
         <name>.debug_info</name>
         <load_address>0xcf3a</load_address>
         <run_address>0xcf3a</run_address>
         <size>0x1e1</size>
         <input_file_ref idref="fl-d9"/>
      </object_component>
      <object_component id="oc-9d">
         <name>.debug_info</name>
         <load_address>0xd11b</load_address>
         <run_address>0xd11b</run_address>
         <size>0x184</size>
         <input_file_ref idref="fl-d9"/>
      </object_component>
      <object_component id="oc-1a6">
         <name>.debug_info</name>
         <load_address>0xd29f</load_address>
         <run_address>0xd29f</run_address>
         <size>0x2c</size>
         <input_file_ref idref="fl-d9"/>
      </object_component>
      <object_component id="oc-15c">
         <name>.debug_info</name>
         <load_address>0xd2cb</load_address>
         <run_address>0xd2cb</run_address>
         <size>0x121</size>
         <input_file_ref idref="fl-da"/>
      </object_component>
      <object_component id="oc-1c3">
         <name>.debug_info</name>
         <load_address>0xd3ec</load_address>
         <run_address>0xd3ec</run_address>
         <size>0x123</size>
         <input_file_ref idref="fl-da"/>
      </object_component>
      <object_component id="oc-14a">
         <name>.debug_info</name>
         <load_address>0xd50f</load_address>
         <run_address>0xd50f</run_address>
         <size>0x127</size>
         <input_file_ref idref="fl-db"/>
      </object_component>
      <object_component id="oc-156">
         <name>.debug_info</name>
         <load_address>0xd636</load_address>
         <run_address>0xd636</run_address>
         <size>0x125</size>
         <input_file_ref idref="fl-dc"/>
      </object_component>
      <object_component id="oc-1d2">
         <name>.debug_info</name>
         <load_address>0xd75b</load_address>
         <run_address>0xd75b</run_address>
         <size>0xdf</size>
         <input_file_ref idref="fl-dd"/>
      </object_component>
      <object_component id="oc-167">
         <name>.debug_info</name>
         <load_address>0xd83a</load_address>
         <run_address>0xd83a</run_address>
         <size>0x31d</size>
         <input_file_ref idref="fl-dd"/>
      </object_component>
      <object_component id="oc-1ca">
         <name>.debug_info</name>
         <load_address>0xdb57</load_address>
         <run_address>0xdb57</run_address>
         <size>0x201</size>
         <input_file_ref idref="fl-de"/>
      </object_component>
      <object_component id="oc-1c7">
         <name>.debug_info</name>
         <load_address>0xdd58</load_address>
         <run_address>0xdd58</run_address>
         <size>0x130</size>
         <input_file_ref idref="fl-de"/>
      </object_component>
      <object_component id="oc-160">
         <name>.debug_info</name>
         <load_address>0xde88</load_address>
         <run_address>0xde88</run_address>
         <size>0x727</size>
         <input_file_ref idref="fl-de"/>
      </object_component>
      <object_component id="oc-1cc">
         <name>.debug_info</name>
         <load_address>0xe5af</load_address>
         <run_address>0xe5af</run_address>
         <size>0x2c</size>
         <input_file_ref idref="fl-de"/>
      </object_component>
      <object_component id="oc-1b2">
         <name>.debug_info</name>
         <load_address>0xe5db</load_address>
         <run_address>0xe5db</run_address>
         <size>0xe4</size>
         <input_file_ref idref="fl-df"/>
      </object_component>
      <object_component id="oc-152">
         <name>.debug_info</name>
         <load_address>0xe6bf</load_address>
         <run_address>0xe6bf</run_address>
         <size>0x376</size>
         <input_file_ref idref="fl-df"/>
      </object_component>
      <object_component id="oc-216">
         <name>.debug_info</name>
         <load_address>0xea35</load_address>
         <run_address>0xea35</run_address>
         <size>0x135</size>
         <input_file_ref idref="fl-e0"/>
      </object_component>
      <object_component id="oc-1bd">
         <name>.debug_info</name>
         <load_address>0xeb6a</load_address>
         <run_address>0xeb6a</run_address>
         <size>0x220</size>
         <input_file_ref idref="fl-e0"/>
      </object_component>
      <object_component id="oc-214">
         <name>.debug_info</name>
         <load_address>0xed8a</load_address>
         <run_address>0xed8a</run_address>
         <size>0x17d</size>
         <input_file_ref idref="fl-e1"/>
      </object_component>
      <object_component id="oc-1b6">
         <name>.debug_info</name>
         <load_address>0xef07</load_address>
         <run_address>0xef07</run_address>
         <size>0x1d6</size>
         <input_file_ref idref="fl-e1"/>
      </object_component>
      <object_component id="oc-a5">
         <name>.debug_info</name>
         <load_address>0xf0dd</load_address>
         <run_address>0xf0dd</run_address>
         <size>0x146</size>
         <input_file_ref idref="fl-e2"/>
      </object_component>
      <object_component id="oc-211">
         <name>.debug_info</name>
         <load_address>0xf223</load_address>
         <run_address>0xf223</run_address>
         <size>0xf4</size>
         <input_file_ref idref="fl-e3"/>
      </object_component>
      <object_component id="oc-20b">
         <name>.debug_info</name>
         <load_address>0xf317</load_address>
         <run_address>0xf317</run_address>
         <size>0x157</size>
         <input_file_ref idref="fl-e4"/>
      </object_component>
      <object_component id="oc-251">
         <name>.debug_info</name>
         <load_address>0xf46e</load_address>
         <run_address>0xf46e</run_address>
         <size>0xa3</size>
      </object_component>
      <object_component id="oc-197">
         <name>.debug_line</name>
         <load_address>0x0</load_address>
         <run_address>0x0</run_address>
         <size>0x17e</size>
         <input_file_ref idref="fl-2"/>
      </object_component>
      <object_component id="oc-1a3">
         <name>.debug_line</name>
         <load_address>0x17e</load_address>
         <run_address>0x17e</run_address>
         <size>0x36</size>
         <input_file_ref idref="fl-2"/>
      </object_component>
      <object_component id="oc-7d">
         <name>.debug_line</name>
         <load_address>0x1b4</load_address>
         <run_address>0x1b4</run_address>
         <size>0xf6</size>
         <input_file_ref idref="fl-2"/>
      </object_component>
      <object_component id="oc-19b">
         <name>.debug_line</name>
         <load_address>0x2aa</load_address>
         <run_address>0x2aa</run_address>
         <size>0x52</size>
         <input_file_ref idref="fl-2"/>
      </object_component>
      <object_component id="oc-1a0">
         <name>.debug_line</name>
         <load_address>0x2fc</load_address>
         <run_address>0x2fc</run_address>
         <size>0x55</size>
         <input_file_ref idref="fl-2"/>
      </object_component>
      <object_component id="oc-1e3">
         <name>.debug_line</name>
         <load_address>0x351</load_address>
         <run_address>0x351</run_address>
         <size>0x76</size>
         <input_file_ref idref="fl-2"/>
      </object_component>
      <object_component id="oc-117">
         <name>.debug_line</name>
         <load_address>0x3c7</load_address>
         <run_address>0x3c7</run_address>
         <size>0x20</size>
         <input_file_ref idref="fl-2"/>
      </object_component>
      <object_component id="oc-11c">
         <name>.debug_line</name>
         <load_address>0x3e7</load_address>
         <run_address>0x3e7</run_address>
         <size>0x5f</size>
         <input_file_ref idref="fl-2"/>
      </object_component>
      <object_component id="oc-207">
         <name>.debug_line</name>
         <load_address>0x446</load_address>
         <run_address>0x446</run_address>
         <size>0x20</size>
         <input_file_ref idref="fl-3"/>
      </object_component>
      <object_component id="oc-203">
         <name>.debug_line</name>
         <load_address>0x466</load_address>
         <run_address>0x466</run_address>
         <size>0x30</size>
         <input_file_ref idref="fl-3"/>
      </object_component>
      <object_component id="oc-205">
         <name>.debug_line</name>
         <load_address>0x496</load_address>
         <run_address>0x496</run_address>
         <size>0x30</size>
         <input_file_ref idref="fl-3"/>
      </object_component>
      <object_component id="oc-201">
         <name>.debug_line</name>
         <load_address>0x4c6</load_address>
         <run_address>0x4c6</run_address>
         <size>0x30</size>
         <input_file_ref idref="fl-3"/>
      </object_component>
      <object_component id="oc-10c">
         <name>.debug_line</name>
         <load_address>0x4f6</load_address>
         <run_address>0x4f6</run_address>
         <size>0x86</size>
         <input_file_ref idref="fl-3"/>
      </object_component>
      <object_component id="oc-8d">
         <name>.debug_line</name>
         <load_address>0x57c</load_address>
         <run_address>0x57c</run_address>
         <size>0x20</size>
         <input_file_ref idref="fl-3"/>
      </object_component>
      <object_component id="oc-11f">
         <name>.debug_line</name>
         <load_address>0x59c</load_address>
         <run_address>0x59c</run_address>
         <size>0x40</size>
         <input_file_ref idref="fl-4"/>
      </object_component>
      <object_component id="oc-80">
         <name>.debug_line</name>
         <load_address>0x5dc</load_address>
         <run_address>0x5dc</run_address>
         <size>0x40</size>
         <input_file_ref idref="fl-4"/>
      </object_component>
      <object_component id="oc-78">
         <name>.debug_line</name>
         <load_address>0x61c</load_address>
         <run_address>0x61c</run_address>
         <size>0xa1</size>
         <input_file_ref idref="fl-4"/>
      </object_component>
      <object_component id="oc-1af">
         <name>.debug_line</name>
         <load_address>0x6bd</load_address>
         <run_address>0x6bd</run_address>
         <size>0x3b</size>
         <input_file_ref idref="fl-5"/>
      </object_component>
      <object_component id="oc-bc">
         <name>.debug_line</name>
         <load_address>0x6f8</load_address>
         <run_address>0x6f8</run_address>
         <size>0x157</size>
         <input_file_ref idref="fl-5"/>
      </object_component>
      <object_component id="oc-1ff">
         <name>.debug_line</name>
         <load_address>0x84f</load_address>
         <run_address>0x84f</run_address>
         <size>0x31</size>
         <input_file_ref idref="fl-b"/>
      </object_component>
      <object_component id="oc-105">
         <name>.debug_line</name>
         <load_address>0x880</load_address>
         <run_address>0x880</run_address>
         <size>0x40</size>
         <input_file_ref idref="fl-b"/>
      </object_component>
      <object_component id="oc-1dc">
         <name>.debug_line</name>
         <load_address>0x8c0</load_address>
         <run_address>0x8c0</run_address>
         <size>0x5e</size>
         <input_file_ref idref="fl-b"/>
      </object_component>
      <object_component id="oc-1df">
         <name>.debug_line</name>
         <load_address>0x91e</load_address>
         <run_address>0x91e</run_address>
         <size>0x47</size>
         <input_file_ref idref="fl-c"/>
      </object_component>
      <object_component id="oc-1f2">
         <name>.debug_line</name>
         <load_address>0x965</load_address>
         <run_address>0x965</run_address>
         <size>0x5b</size>
         <input_file_ref idref="fl-c"/>
      </object_component>
      <object_component id="oc-182">
         <name>.debug_line</name>
         <load_address>0x9c0</load_address>
         <run_address>0x9c0</run_address>
         <size>0x73</size>
         <input_file_ref idref="fl-c"/>
      </object_component>
      <object_component id="oc-f6">
         <name>.debug_line</name>
         <load_address>0xa33</load_address>
         <run_address>0xa33</run_address>
         <size>0x3d</size>
         <input_file_ref idref="fl-c"/>
      </object_component>
      <object_component id="oc-f0">
         <name>.debug_line</name>
         <load_address>0xa70</load_address>
         <run_address>0xa70</run_address>
         <size>0x3e</size>
         <input_file_ref idref="fl-c"/>
      </object_component>
      <object_component id="oc-fc">
         <name>.debug_line</name>
         <load_address>0xaae</load_address>
         <run_address>0xaae</run_address>
         <size>0x99</size>
         <input_file_ref idref="fl-c"/>
      </object_component>
      <object_component id="oc-1d8">
         <name>.debug_line</name>
         <load_address>0xb47</load_address>
         <run_address>0xb47</run_address>
         <size>0x31</size>
         <input_file_ref idref="fl-d"/>
      </object_component>
      <object_component id="oc-1d6">
         <name>.debug_line</name>
         <load_address>0xb78</load_address>
         <run_address>0xb78</run_address>
         <size>0x2a</size>
         <input_file_ref idref="fl-d"/>
      </object_component>
      <object_component id="oc-ea">
         <name>.debug_line</name>
         <load_address>0xba2</load_address>
         <run_address>0xba2</run_address>
         <size>0x50</size>
         <input_file_ref idref="fl-d"/>
      </object_component>
      <object_component id="oc-de">
         <name>.debug_line</name>
         <load_address>0xbf2</load_address>
         <run_address>0xbf2</run_address>
         <size>0x4e</size>
         <input_file_ref idref="fl-d"/>
      </object_component>
      <object_component id="oc-e4">
         <name>.debug_line</name>
         <load_address>0xc40</load_address>
         <run_address>0xc40</run_address>
         <size>0x44</size>
         <input_file_ref idref="fl-d"/>
      </object_component>
      <object_component id="oc-22b">
         <name>.debug_line</name>
         <load_address>0xc84</load_address>
         <run_address>0xc84</run_address>
         <size>0x20</size>
         <input_file_ref idref="fl-f"/>
      </object_component>
      <object_component id="oc-1e6">
         <name>.debug_line</name>
         <load_address>0xca4</load_address>
         <run_address>0xca4</run_address>
         <size>0x41</size>
         <input_file_ref idref="fl-f"/>
      </object_component>
      <object_component id="oc-1f8">
         <name>.debug_line</name>
         <load_address>0xce5</load_address>
         <run_address>0xce5</run_address>
         <size>0x41</size>
         <input_file_ref idref="fl-f"/>
      </object_component>
      <object_component id="oc-1ec">
         <name>.debug_line</name>
         <load_address>0xd26</load_address>
         <run_address>0xd26</run_address>
         <size>0x41</size>
         <input_file_ref idref="fl-f"/>
      </object_component>
      <object_component id="oc-26">
         <name>.debug_line</name>
         <load_address>0xd67</load_address>
         <run_address>0xd67</run_address>
         <size>0x53</size>
         <input_file_ref idref="fl-c6"/>
      </object_component>
      <object_component id="oc-89">
         <name>.debug_line</name>
         <load_address>0xdba</load_address>
         <run_address>0xdba</run_address>
         <size>0x8a</size>
         <input_file_ref idref="fl-c7"/>
      </object_component>
      <object_component id="oc-12">
         <name>.debug_line</name>
         <load_address>0xe44</load_address>
         <run_address>0xe44</run_address>
         <size>0x55</size>
         <input_file_ref idref="fl-c7"/>
      </object_component>
      <object_component id="oc-35">
         <name>.debug_line</name>
         <load_address>0xe99</load_address>
         <run_address>0xe99</run_address>
         <size>0x3a</size>
         <input_file_ref idref="fl-c7"/>
      </object_component>
      <object_component id="oc-86">
         <name>.debug_line</name>
         <load_address>0xed3</load_address>
         <run_address>0xed3</run_address>
         <size>0x8a</size>
         <input_file_ref idref="fl-c7"/>
      </object_component>
      <object_component id="oc-91">
         <name>.debug_line</name>
         <load_address>0xf5d</load_address>
         <run_address>0xf5d</run_address>
         <size>0x8a</size>
         <input_file_ref idref="fl-c8"/>
      </object_component>
      <object_component id="oc-39">
         <name>.debug_line</name>
         <load_address>0xfe7</load_address>
         <run_address>0xfe7</run_address>
         <size>0x98</size>
         <input_file_ref idref="fl-c8"/>
      </object_component>
      <object_component id="oc-1a">
         <name>.debug_line</name>
         <load_address>0x107f</load_address>
         <run_address>0x107f</run_address>
         <size>0x4b</size>
         <input_file_ref idref="fl-c8"/>
      </object_component>
      <object_component id="oc-43">
         <name>.debug_line</name>
         <load_address>0x10ca</load_address>
         <run_address>0x10ca</run_address>
         <size>0x39</size>
         <input_file_ref idref="fl-c8"/>
      </object_component>
      <object_component id="oc-95">
         <name>.debug_line</name>
         <load_address>0x1103</load_address>
         <run_address>0x1103</run_address>
         <size>0x8a</size>
         <input_file_ref idref="fl-c8"/>
      </object_component>
      <object_component id="oc-143">
         <name>.debug_line</name>
         <load_address>0x118d</load_address>
         <run_address>0x118d</run_address>
         <size>0xf2</size>
         <input_file_ref idref="fl-ca"/>
      </object_component>
      <object_component id="oc-137">
         <name>.debug_line</name>
         <load_address>0x127f</load_address>
         <run_address>0x127f</run_address>
         <size>0x2a</size>
         <input_file_ref idref="fl-ca"/>
      </object_component>
      <object_component id="oc-6d">
         <name>.debug_line</name>
         <load_address>0x12a9</load_address>
         <run_address>0x12a9</run_address>
         <size>0x86</size>
         <input_file_ref idref="fl-ca"/>
      </object_component>
      <object_component id="oc-cd">
         <name>.debug_line</name>
         <load_address>0x132f</load_address>
         <run_address>0x132f</run_address>
         <size>0xd2</size>
         <input_file_ref idref="fl-cb"/>
      </object_component>
      <object_component id="oc-d7">
         <name>.debug_line</name>
         <load_address>0x1401</load_address>
         <run_address>0x1401</run_address>
         <size>0xa8</size>
         <input_file_ref idref="fl-cc"/>
      </object_component>
      <object_component id="oc-cf">
         <name>.debug_line</name>
         <load_address>0x14a9</load_address>
         <run_address>0x14a9</run_address>
         <size>0x8e</size>
         <input_file_ref idref="fl-cd"/>
      </object_component>
      <object_component id="oc-dc">
         <name>.debug_line</name>
         <load_address>0x1537</load_address>
         <run_address>0x1537</run_address>
         <size>0x67</size>
         <input_file_ref idref="fl-ce"/>
      </object_component>
      <object_component id="oc-c2">
         <name>.debug_line</name>
         <load_address>0x159e</load_address>
         <run_address>0x159e</run_address>
         <size>0x57</size>
         <input_file_ref idref="fl-cf"/>
      </object_component>
      <object_component id="oc-2d">
         <name>.debug_line</name>
         <load_address>0x15f5</load_address>
         <run_address>0x15f5</run_address>
         <size>0x88</size>
         <input_file_ref idref="fl-d0"/>
      </object_component>
      <object_component id="oc-46">
         <name>.debug_line</name>
         <load_address>0x167d</load_address>
         <run_address>0x167d</run_address>
         <size>0x79</size>
         <input_file_ref idref="fl-d1"/>
      </object_component>
      <object_component id="oc-56">
         <name>.debug_line</name>
         <load_address>0x16f6</load_address>
         <run_address>0x16f6</run_address>
         <size>0x3d</size>
         <input_file_ref idref="fl-d2"/>
      </object_component>
      <object_component id="oc-59">
         <name>.debug_line</name>
         <load_address>0x1733</load_address>
         <run_address>0x1733</run_address>
         <size>0x40</size>
         <input_file_ref idref="fl-d3"/>
      </object_component>
      <object_component id="oc-1d4">
         <name>.debug_line</name>
         <load_address>0x1773</load_address>
         <run_address>0x1773</run_address>
         <size>0x32</size>
         <input_file_ref idref="fl-d4"/>
      </object_component>
      <object_component id="oc-c7">
         <name>.debug_line</name>
         <load_address>0x17a5</load_address>
         <run_address>0x17a5</run_address>
         <size>0x209</size>
         <input_file_ref idref="fl-d4"/>
      </object_component>
      <object_component id="oc-16e">
         <name>.debug_line</name>
         <load_address>0x19ae</load_address>
         <run_address>0x19ae</run_address>
         <size>0x8a</size>
         <input_file_ref idref="fl-d4"/>
      </object_component>
      <object_component id="oc-b6">
         <name>.debug_line</name>
         <load_address>0x1a38</load_address>
         <run_address>0x1a38</run_address>
         <size>0x33</size>
         <input_file_ref idref="fl-d5"/>
      </object_component>
      <object_component id="oc-1ad">
         <name>.debug_line</name>
         <load_address>0x1a6b</load_address>
         <run_address>0x1a6b</run_address>
         <size>0x20</size>
         <input_file_ref idref="fl-d6"/>
      </object_component>
      <object_component id="oc-13f">
         <name>.debug_line</name>
         <load_address>0x1a8b</load_address>
         <run_address>0x1a8b</run_address>
         <size>0x2b</size>
         <input_file_ref idref="fl-d6"/>
      </object_component>
      <object_component id="oc-13d">
         <name>.debug_line</name>
         <load_address>0x1ab6</load_address>
         <run_address>0x1ab6</run_address>
         <size>0x68</size>
         <input_file_ref idref="fl-d6"/>
      </object_component>
      <object_component id="oc-130">
         <name>.debug_line</name>
         <load_address>0x1b1e</load_address>
         <run_address>0x1b1e</run_address>
         <size>0x2b</size>
         <input_file_ref idref="fl-d7"/>
      </object_component>
      <object_component id="oc-65">
         <name>.debug_line</name>
         <load_address>0x1b49</load_address>
         <run_address>0x1b49</run_address>
         <size>0x50</size>
         <input_file_ref idref="fl-d7"/>
      </object_component>
      <object_component id="oc-134">
         <name>.debug_line</name>
         <load_address>0x1b99</load_address>
         <run_address>0x1b99</run_address>
         <size>0x2b</size>
         <input_file_ref idref="fl-d7"/>
      </object_component>
      <object_component id="oc-124">
         <name>.debug_line</name>
         <load_address>0x1bc4</load_address>
         <run_address>0x1bc4</run_address>
         <size>0xa9</size>
         <input_file_ref idref="fl-d8"/>
      </object_component>
      <object_component id="oc-5f">
         <name>.debug_line</name>
         <load_address>0x1c6d</load_address>
         <run_address>0x1c6d</run_address>
         <size>0x8b</size>
         <input_file_ref idref="fl-d8"/>
      </object_component>
      <object_component id="oc-128">
         <name>.debug_line</name>
         <load_address>0x1cf8</load_address>
         <run_address>0x1cf8</run_address>
         <size>0x2e</size>
         <input_file_ref idref="fl-d8"/>
      </object_component>
      <object_component id="oc-12d">
         <name>.debug_line</name>
         <load_address>0x1d26</load_address>
         <run_address>0x1d26</run_address>
         <size>0x8b</size>
         <input_file_ref idref="fl-d8"/>
      </object_component>
      <object_component id="oc-1a5">
         <name>.debug_line</name>
         <load_address>0x1db1</load_address>
         <run_address>0x1db1</run_address>
         <size>0x98</size>
         <input_file_ref idref="fl-d9"/>
      </object_component>
      <object_component id="oc-a0">
         <name>.debug_line</name>
         <load_address>0x1e49</load_address>
         <run_address>0x1e49</run_address>
         <size>0x68</size>
         <input_file_ref idref="fl-d9"/>
      </object_component>
      <object_component id="oc-1a9">
         <name>.debug_line</name>
         <load_address>0x1eb1</load_address>
         <run_address>0x1eb1</run_address>
         <size>0x2e</size>
         <input_file_ref idref="fl-d9"/>
      </object_component>
      <object_component id="oc-15b">
         <name>.debug_line</name>
         <load_address>0x1edf</load_address>
         <run_address>0x1edf</run_address>
         <size>0x77</size>
         <input_file_ref idref="fl-da"/>
      </object_component>
      <object_component id="oc-1c5">
         <name>.debug_line</name>
         <load_address>0x1f56</load_address>
         <run_address>0x1f56</run_address>
         <size>0x77</size>
         <input_file_ref idref="fl-da"/>
      </object_component>
      <object_component id="oc-14d">
         <name>.debug_line</name>
         <load_address>0x1fcd</load_address>
         <run_address>0x1fcd</run_address>
         <size>0x5a</size>
         <input_file_ref idref="fl-db"/>
      </object_component>
      <object_component id="oc-155">
         <name>.debug_line</name>
         <load_address>0x2027</load_address>
         <run_address>0x2027</run_address>
         <size>0x50</size>
         <input_file_ref idref="fl-dc"/>
      </object_component>
      <object_component id="oc-21d">
         <name>.debug_line</name>
         <load_address>0x2077</load_address>
         <run_address>0x2077</run_address>
         <size>0x20</size>
         <input_file_ref idref="fl-dd"/>
      </object_component>
      <object_component id="oc-166">
         <name>.debug_line</name>
         <load_address>0x2097</load_address>
         <run_address>0x2097</run_address>
         <size>0x49</size>
         <input_file_ref idref="fl-dd"/>
      </object_component>
      <object_component id="oc-21b">
         <name>.debug_line</name>
         <load_address>0x20e0</load_address>
         <run_address>0x20e0</run_address>
         <size>0x2a</size>
         <input_file_ref idref="fl-de"/>
      </object_component>
      <object_component id="oc-219">
         <name>.debug_line</name>
         <load_address>0x210a</load_address>
         <run_address>0x210a</run_address>
         <size>0x30</size>
         <input_file_ref idref="fl-de"/>
      </object_component>
      <object_component id="oc-15f">
         <name>.debug_line</name>
         <load_address>0x213a</load_address>
         <run_address>0x213a</run_address>
         <size>0x3f8</size>
         <input_file_ref idref="fl-de"/>
      </object_component>
      <object_component id="oc-1cf">
         <name>.debug_line</name>
         <load_address>0x2532</load_address>
         <run_address>0x2532</run_address>
         <size>0x8a</size>
         <input_file_ref idref="fl-de"/>
      </object_component>
      <object_component id="oc-209">
         <name>.debug_line</name>
         <load_address>0x25bc</load_address>
         <run_address>0x25bc</run_address>
         <size>0x20</size>
         <input_file_ref idref="fl-df"/>
      </object_component>
      <object_component id="oc-151">
         <name>.debug_line</name>
         <load_address>0x25dc</load_address>
         <run_address>0x25dc</run_address>
         <size>0x5e</size>
         <input_file_ref idref="fl-df"/>
      </object_component>
      <object_component id="oc-229">
         <name>.debug_line</name>
         <load_address>0x263a</load_address>
         <run_address>0x263a</run_address>
         <size>0x20</size>
         <input_file_ref idref="fl-e0"/>
      </object_component>
      <object_component id="oc-1bf">
         <name>.debug_line</name>
         <load_address>0x265a</load_address>
         <run_address>0x265a</run_address>
         <size>0xa8</size>
         <input_file_ref idref="fl-e0"/>
      </object_component>
      <object_component id="oc-227">
         <name>.debug_line</name>
         <load_address>0x2702</load_address>
         <run_address>0x2702</run_address>
         <size>0x93</size>
         <input_file_ref idref="fl-e1"/>
      </object_component>
      <object_component id="oc-1b9">
         <name>.debug_line</name>
         <load_address>0x2795</load_address>
         <run_address>0x2795</run_address>
         <size>0xa1</size>
         <input_file_ref idref="fl-e1"/>
      </object_component>
      <object_component id="oc-a3">
         <name>.debug_line</name>
         <load_address>0x2836</load_address>
         <run_address>0x2836</run_address>
         <size>0x3c</size>
         <input_file_ref idref="fl-e2"/>
      </object_component>
      <object_component id="oc-225">
         <name>.debug_line</name>
         <load_address>0x2872</load_address>
         <run_address>0x2872</run_address>
         <size>0x2b</size>
         <input_file_ref idref="fl-e3"/>
      </object_component>
      <object_component id="oc-20f">
         <name>.debug_line</name>
         <load_address>0x289d</load_address>
         <run_address>0x289d</run_address>
         <size>0x45</size>
         <input_file_ref idref="fl-e4"/>
      </object_component>
      <object_component id="oc-7e">
         <name>.debug_frame</name>
         <load_address>0x0</load_address>
         <run_address>0x0</run_address>
         <size>0xc4</size>
         <input_file_ref idref="fl-2"/>
      </object_component>
      <object_component id="oc-108">
         <name>.debug_frame</name>
         <load_address>0xc4</load_address>
         <run_address>0xc4</run_address>
         <size>0xb8</size>
         <input_file_ref idref="fl-3"/>
      </object_component>
      <object_component id="oc-77">
         <name>.debug_frame</name>
         <load_address>0x17c</load_address>
         <run_address>0x17c</run_address>
         <size>0xb9</size>
         <input_file_ref idref="fl-4"/>
      </object_component>
      <object_component id="oc-b8">
         <name>.debug_frame</name>
         <load_address>0x235</load_address>
         <run_address>0x235</run_address>
         <size>0x98</size>
         <input_file_ref idref="fl-5"/>
      </object_component>
      <object_component id="oc-106">
         <name>.debug_frame</name>
         <load_address>0x2cd</load_address>
         <run_address>0x2cd</run_address>
         <size>0x7f</size>
         <input_file_ref idref="fl-b"/>
      </object_component>
      <object_component id="oc-1f3">
         <name>.debug_frame</name>
         <load_address>0x34c</load_address>
         <run_address>0x34c</run_address>
         <size>0x83</size>
         <input_file_ref idref="fl-c"/>
      </object_component>
      <object_component id="oc-183">
         <name>.debug_frame</name>
         <load_address>0x3cf</load_address>
         <run_address>0x3cf</run_address>
         <size>0x92</size>
         <input_file_ref idref="fl-c"/>
      </object_component>
      <object_component id="oc-f7">
         <name>.debug_frame</name>
         <load_address>0x461</load_address>
         <run_address>0x461</run_address>
         <size>0x7f</size>
         <input_file_ref idref="fl-c"/>
      </object_component>
      <object_component id="oc-f1">
         <name>.debug_frame</name>
         <load_address>0x4e0</load_address>
         <run_address>0x4e0</run_address>
         <size>0x7f</size>
         <input_file_ref idref="fl-c"/>
      </object_component>
      <object_component id="oc-fd">
         <name>.debug_frame</name>
         <load_address>0x55f</load_address>
         <run_address>0x55f</run_address>
         <size>0x8a</size>
         <input_file_ref idref="fl-c"/>
      </object_component>
      <object_component id="oc-ee">
         <name>.debug_frame</name>
         <load_address>0x5e9</load_address>
         <run_address>0x5e9</run_address>
         <size>0x7f</size>
         <input_file_ref idref="fl-d"/>
      </object_component>
      <object_component id="oc-e2">
         <name>.debug_frame</name>
[...]
         <run_address>0x2000fe00</run_address>
         <size>0x200</size>
         <flags>0x6</flags>
         <contents>
            <logical_group_ref idref="lg-e"/>
         </contents>
      </load_segment>
   </logical_group_list>
   <placement_map>
      <memory_area display="yes" color="green">
         <name>MAIN</name>
         <page_id>0x0</page_id>
         <origin>0x0</origin>
         <length>0x40000</length>
         <used_space>0x2890</used_space>
         <unused_space>0x3d770</unused_space>
         <attributes>RX</attributes>
         <usage_details>
            <allocated_space>
               <start_address>0x0</start_address>
               <size>0x140</size>
               <logical_group_ref idref="lg-3"/>
            </allocated_space>
            <allocated_space>
               <start_address>0x140</start_address>
               <size>0x2574</size>
               <logical_group_ref idref="lg-4"/>
            </allocated_space>
            <available_space>
               <start_address>0x26b4</start_address>
               <size>0x4</size>
            </available_space>
            <allocated_space>
               <start_address>0x26b8</start_address>
               <size>0x158</size>
               <logical_group_ref idref="lg-5"/>
            </allocated_space>
            <allocated_space>
               <start_address>0x2810</start_address>
               <size>0x84</size>
               <logical_group_ref idref="lg-6"/>
            </allocated_space>
            <available_space>
               <start_address>0x2894</start_address>
               <size>0x3d76c</size>
            </available_space>
         </usage_details>
      </memory_area>
      <memory_area display="yes" color="green">
         <name>INFO</name>
         <page_id>0x0</page_id>
         <origin>0x200000</origin>
         <length>0x4000</length>
         <used_space>0x0</used_space>
         <unused_space>0x4000</unused_space>
         <attributes>RX</attributes>
         <usage_details>
         </usage_details>
      </memory_area>
      <memory_area display="yes" color="green">
         <name>SRAM_CODE</name>
         <page_id>0x0</page_id>
         <origin>0x1000000</origin>
         <length>0x10000</length>
         <used_space>0x0</used_space>
         <unused_space>0x10000</unused_space>
         <attributes>RWX</attributes>
         <usage_details>
         </usage_details>
      </memory_area>
      <memory_area display="yes" color="green">
         <name>SRAM_DATA</name>
         <page_id>0x0</page_id>
         <origin>0x20000000</origin>
         <length>0x10000</length>
         <used_space>0x34c</used_space>
         <unused_space>0xfcb4</unused_space>
         <attributes>RW</attributes>
         <usage_details>
            <allocated_space>
               <start_address>0x20000000</start_address>
               <size>0xd0</size>
               <logical_group_ref idref="lg-c"/>
            </allocated_space>
            <allocated_space>
               <start_address>0x200000d0</start_address>
               <size>0x7c</size>
               <logical_group_ref idref="lg-b"/>
            </allocated_space>
            <available_space>
               <start_address>0x2000014c</start_address>
               <size>0xfcb4</size>
            </available_space>
            <allocated_space>
               <start_address>0x2000fe00</start_address>
               <size>0x200</size>
               <logical_group_ref idref="lg-e"/>
            </allocated_space>
         </usage_details>
      </memory_area>
   </placement_map>
   <cptbl_list>
      <cptbl>
         <name>__TI_cinit_table</name>
         <cprec>
            <name>.data</name>
            <load_address>0x2810</load_address>
            <load_size>0x5e</load_size>
            <run_address>0x200000d0</run_address>
            <run_size>0x7c</run_size>
            <compression>rle</compression>
         </cprec>
         <cprec>
            <name>.bss</name>
            <load_address>0x2870</load_address>
            <load_size>0x9</load_size>
            <run_address>0x20000000</run_address>
            <run_size>0xd0</run_size>
            <compression>rle</compression>
         </cprec>
      </cptbl>
   </cptbl_list>
   <handler_table>
      <handler_table_name>__TI_handler_table</handler_table_name>
      <handler>
         <index>0x0</index>
         <name>__TI_decompress_rle24</name>
      </handler>
      <handler>
         <index>0x1</index>
         <name>__TI_decompress_none</name>
      </handler>
   </handler_table>
   <symbol_table>
      <symbol id="sm-1">
         <name>WDTCTL_SYM</name>
         <value>0x4000480c</value>
      </symbol>
      <symbol id="sm-2">
         <name>__TI_CINIT_Base</name>
         <value>0x2884</value>
      </symbol>
      <symbol id="sm-3">
         <name>__TI_CINIT_Limit</name>
         <value>0x2894</value>
      </symbol>
      <symbol id="sm-4">
         <name>__TI_Handler_Table_Base</name>
         <value>0x287c</value>
      </symbol>
      <symbol id="sm-5">
         <name>__TI_Handler_Table_Limit</name>
         <value>0x2884</value>
      </symbol>
      <symbol id="sm-6">
         <name>binit</name>
         <value>0xffffffff</value>
      </symbol>
      <symbol id="sm-7">
         <name>__binit__</name>
         <value>0xffffffff</value>
      </symbol>
      <symbol id="sm-8">
         <name>__STACK_SIZE</name>
         <value>0x200</value>
      </symbol>
      <symbol id="sm-9">
         <name>__STACK_END</name>
         <value>0x20010000</value>
      </symbol>
      <symbol id="sm-a">
         <name>__c_args__</name>
         <value>0xffffffff</value>
      </symbol>
      <symbol id="sm-b">
         <name>__TI_pprof_out_hndl</name>
         <value>0xffffffff</value>
      </symbol>
      <symbol id="sm-c">
         <name>__TI_prof_data_start</name>
         <value>0xffffffff</value>
      </symbol>
      <symbol id="sm-d">
         <name>__TI_prof_data_size</name>
         <value>0xffffffff</value>
      </symbol>
      <symbol id="sm-73">
         <name>sin_value</name>
         <value>0x20000000</value>
      </symbol>
      <symbol id="sm-74">
         <name>j</name>
         <value>0x20000138</value>
         <object_component_ref idref="oc-110"/>
      </symbol>
      <symbol id="sm-75">
         <name>main</name>
         <value>0x1199</value>
         <object_component_ref idref="oc-79"/>
      </symbol>
      <symbol id="sm-76">
         <name>systick_isr</name>
         <value>0x136f</value>
         <object_component_ref idref="oc-79"/>
      </symbol>
      <symbol id="sm-77">
         <name>adc_isr</name>
         <value>0x1431</value>
         <object_component_ref idref="oc-79"/>
      </symbol>
      <symbol id="sm-a3">
         <name>bandstop</name>
         <value>0x1e59</value>
         <object_component_ref idref="oc-107"/>
      </symbol>
      <symbol id="sm-a4">
         <name>update_delay</name>
         <value>0x1ef1</value>
         <object_component_ref idref="oc-107"/>
      </symbol>
      <symbol id="sm-a5">
         <name>filter</name>
         <value>0x1e7d</value>
         <object_component_ref idref="oc-107"/>
      </symbol>
      <symbol id="sm-a6">
         <name>bandstop_buffer</name>
         <value>0x2000010c</value>
         <object_component_ref idref="oc-18b"/>
      </symbol>
      <symbol id="sm-c3">
         <name>interruptVectors</name>
         <value>0x0</value>
         <object_component_ref idref="oc-28"/>
      </symbol>
      <symbol id="sm-10f">
         <name>SystemInit</name>
         <value>0x10c5</value>
         <object_component_ref idref="oc-b7"/>
      </symbol>
      <symbol id="sm-110">
         <name>SystemCoreClockUpdate</name>
         <value>0xe51</value>
         <object_component_ref idref="oc-b7"/>
      </symbol>
      <symbol id="sm-111">
         <name>SystemCoreClock</name>
         <value>0x20000148</value>
         <object_component_ref idref="oc-144"/>
      </symbol>
      <symbol id="sm-125">
         <name>ADC14_setResolution</name>
         <value>0x2605</value>
         <object_component_ref idref="oc-101"/>
      </symbol>
      <symbol id="sm-184">
         <name>CS_startHFXT</name>
         <value>0x26a5</value>
         <object_component_ref idref="oc-f5"/>
      </symbol>
      <symbol id="sm-185">
         <name>CS_setExternalClockSourceFrequency</name>
         <value>0x2619</value>
         <object_component_ref idref="oc-ef"/>
      </symbol>
      <symbol id="sm-186">
         <name>CS_startHFXTWithTimeout</name>
         <value>0x1f19</value>
         <object_component_ref idref="oc-181"/>
      </symbol>
      <symbol id="sm-187">
         <name>CS_initClockSignal</name>
         <value>0x1d79</value>
         <object_component_ref idref="oc-fb"/>
      </symbol>
      <symbol id="sm-1bb">
         <name>GPIO_setAsOutputPin</name>
         <value>0x25c9</value>
         <object_component_ref idref="oc-e3"/>
      </symbol>
      <symbol id="sm-1bc">
         <name>GPIO_setAsPeripheralModuleFunctionOutputPin</name>
         <value>0x2439</value>
         <object_component_ref idref="oc-e9"/>
      </symbol>
      <symbol id="sm-1bd">
         <name>GPIO_setAsPeripheralModuleFunctionInputPin</name>
         <value>0x24d1</value>
         <object_component_ref idref="oc-dd"/>
      </symbol>
      <symbol id="sm-1e1">
         <name>SysCtl_getNMISourceStatus</name>
         <value>0x2699</value>
         <object_component_ref idref="oc-1e5"/>
      </symbol>
      <symbol id="sm-1e2">
         <name>SysCtl_enableNMISource</name>
         <value>0x2679</value>
         <object_component_ref idref="oc-1f7"/>
      </symbol>
      <symbol id="sm-1e3">
         <name>SysCtl_disableNMISource</name>
         <value>0x2669</value>
         <object_component_ref idref="oc-1eb"/>
      </symbol>
      <symbol id="sm-1f5">
         <name>_c_int00</name>
         <value>0x2391</value>
         <object_component_ref idref="oc-22"/>
      </symbol>
      <symbol id="sm-1f6">
         <name>__stack</name>
         <value>0x2000fe00</value>
         <object_component_ref idref="oc-2b"/>
      </symbol>
      <symbol id="sm-20d">
         <name>__TI_decompress_none</name>
         <value>0x2689</value>
         <object_component_ref idref="oc-10"/>
      </symbol>
      <symbol id="sm-235">
         <name>__TI_decompress_rle24</name>
         <value>0x26ab</value>
         <object_component_ref idref="oc-16"/>
      </symbol>
      <symbol id="sm-257">
         <name>C$$EXIT</name>
         <value>0x23e5</value>
         <object_component_ref idref="oc-69"/>
      </symbol>
      <symbol id="sm-258">
         <name>abort</name>
         <value>0x23e9</value>
         <object_component_ref idref="oc-69"/>
      </symbol>
      <symbol id="sm-259">
         <name>exit</name>
         <value>0x23f1</value>
         <object_component_ref idref="oc-69"/>
      </symbol>
      <symbol id="sm-25a">
         <name>__TI_dtors_ptr</name>
         <value>0x20000104</value>
         <object_component_ref idref="oc-ac"/>
      </symbol>
      <symbol id="sm-25b">
         <name>__TI_cleanup_ptr</name>
         <value>0x20000100</value>
         <object_component_ref idref="oc-ac"/>
      </symbol>
      <symbol id="sm-25c">
         <name>__TI_enable_exit_profile_output</name>
         <value>0x20000108</value>
         <object_component_ref idref="oc-ac"/>
      </symbol>
      <symbol id="sm-273">
         <name>__aeabi_dsub</name>
         <value>0x14b9</value>
         <object_component_ref idref="oc-c9"/>
      </symbol>
      <symbol id="sm-274">
         <name>__aeabi_dadd</name>
         <value>0x14c3</value>
         <object_component_ref idref="oc-c9"/>
      </symbol>
      <symbol id="sm-288">
         <name>__aeabi_ddiv</name>
         <value>0x1951</value>
         <object_component_ref idref="oc-d3"/>
      </symbol>
      <symbol id="sm-293">
         <name>__aeabi_dmul</name>
         <value>0x1a87</value>
         <object_component_ref idref="oc-ce"/>
      </symbol>
      <symbol id="sm-29f">
         <name>__aeabi_d2f</name>
         <value>0x22b9</value>
         <object_component_ref idref="oc-d8"/>
      </symbol>
      <symbol id="sm-2aa">
         <name>__aeabi_f2d</name>
         <value>0x2561</value>
         <object_component_ref idref="oc-be"/>
      </symbol>
      <symbol id="sm-2c5">
         <name>memcpy</name>
         <value>0x1fb5</value>
         <object_component_ref idref="oc-2c"/>
      </symbol>
      <symbol id="sm-2c6">
         <name>__aeabi_memcpy</name>
         <value>0x1fb5</value>
         <object_component_ref idref="oc-2c"/>
      </symbol>
      <symbol id="sm-2c7">
         <name>__aeabi_memcpy8</name>
         <value>0x1fb5</value>
         <object_component_ref idref="oc-2c"/>
      </symbol>
      <symbol id="sm-2c8">
         <name>__aeabi_memcpy4</name>
         <value>0x1fb5</value>
         <object_component_ref idref="oc-2c"/>
      </symbol>
      <symbol id="sm-2d7">
         <name>__aeabi_memset</name>
         <value>0x215f</value>
         <object_component_ref idref="oc-45"/>
      </symbol>
      <symbol id="sm-2d8">
         <name>memset</name>
         <value>0x2165</value>
         <object_component_ref idref="oc-45"/>
      </symbol>
      <symbol id="sm-2d9">
         <name>__aeabi_memset8</name>
         <value>0x215f</value>
         <object_component_ref idref="oc-45"/>
      </symbol>
      <symbol id="sm-2da">
         <name>__aeabi_memset4</name>
         <value>0x215f</value>
         <object_component_ref idref="oc-45"/>
      </symbol>
      <symbol id="sm-2db">
         <name>__aeabi_memclr8</name>
         <value>0x215d</value>
         <object_component_ref idref="oc-45"/>
      </symbol>
      <symbol id="sm-2dc">
         <name>__aeabi_memclr4</name>
         <value>0x215d</value>
         <object_component_ref idref="oc-45"/>
      </symbol>
      <symbol id="sm-2dd">
         <name>__aeabi_memclr</name>
         <value>0x215d</value>
         <object_component_ref idref="oc-45"/>
      </symbol>
      <symbol id="sm-2e7">
         <name>__mpu_init</name>
         <value>0x166f</value>
         <object_component_ref idref="oc-51"/>
      </symbol>
      <symbol id="sm-2f1">
         <name>_system_pre_init</name>
         <value>0x26b1</value>
         <object_component_ref idref="oc-57"/>
      </symbol>
      <symbol id="sm-343">
         <name>sin</name>
         <value>0x881</value>
         <object_component_ref idref="oc-c3"/>
      </symbol>
      <symbol id="sm-344">
         <name>sinl</name>
         <value>0x881</value>
         <object_component_ref idref="oc-c3"/>
      </symbol>
      <symbol id="sm-34c">
         <name>main_func_sp</name>
         <value>0x20000144</value>
         <object_component_ref idref="oc-6f"/>
      </symbol>
      <symbol id="sm-365">
         <name>_nop</name>
         <value>0x263b</value>
         <object_component_ref idref="oc-138"/>
      </symbol>
      <symbol id="sm-366">
         <name>_lock</name>
         <value>0x20000130</value>
         <object_component_ref idref="oc-af"/>
      </symbol>
      <symbol id="sm-367">
         <name>_unlock</name>
         <value>0x20000134</value>
         <object_component_ref idref="oc-af"/>
      </symbol>
      <symbol id="sm-368">
         <name>_register_lock</name>
         <value>0x2633</value>
         <object_component_ref idref="oc-138"/>
      </symbol>
      <symbol id="sm-369">
         <name>_register_unlock</name>
         <value>0x262d</value>
         <object_component_ref idref="oc-138"/>
      </symbol>
      <symbol id="sm-37d">
         <name>_args_main</name>
         <value>0x25ed</value>
         <object_component_ref idref="oc-63"/>
      </symbol>
      <symbol id="sm-3a2">
         <name>__TI_auto_init</name>
         <value>0x2249</value>
         <object_component_ref idref="oc-5d"/>
      </symbol>
      <symbol id="sm-3bc">
         <name>copy_in</name>
         <value>0x2485</value>
         <object_component_ref idref="oc-9c"/>
      </symbol>
      <symbol id="sm-3de">
         <name>__aeabi_cdcmpeq</name>
         <value>0x2051</value>
         <object_component_ref idref="oc-159"/>
      </symbol>
      <symbol id="sm-3df">
         <name>__aeabi_cdcmple</name>
         <value>0x2051</value>
         <object_component_ref idref="oc-159"/>
      </symbol>
      <symbol id="sm-3e0">
         <name>__aeabi_cdrcmple</name>
         <value>0x20d7</value>
         <object_component_ref idref="oc-1c1"/>
      </symbol>
      <symbol id="sm-3ea">
         <name>__aeabi_d2iz</name>
         <value>0x2519</value>
         <object_component_ref idref="oc-149"/>
      </symbol>
      <symbol id="sm-3f4">
         <name>__aeabi_i2d</name>
         <value>0x2599</value>
         <object_component_ref idref="oc-154"/>
      </symbol>
      <symbol id="sm-40a">
         <name>__kernel_cos</name>
         <value>0x17e5</value>
         <object_component_ref idref="oc-164"/>
      </symbol>
      <symbol id="sm-472">
         <name>__kernel_rem_pio2</name>
         <value>0x141</value>
         <object_component_ref idref="oc-15e"/>
      </symbol>
      <symbol id="sm-489">
         <name>__kernel_sin</name>
         <value>0x1671</value>
         <object_component_ref idref="oc-14e"/>
      </symbol>
      <symbol id="sm-4a6">
         <name>floorl</name>
         <value>0x1c81</value>
         <object_component_ref idref="oc-1bb"/>
      </symbol>
      <symbol id="sm-4a7">
         <name>floor</name>
         <value>0x1c81</value>
         <object_component_ref idref="oc-1bb"/>
      </symbol>
      <symbol id="sm-4c4">
         <name>scalbn</name>
         <value>0x1b85</value>
         <object_component_ref idref="oc-1b5"/>
      </symbol>
      <symbol id="sm-4c5">
         <name>scalbnl</name>
         <value>0x1b85</value>
         <object_component_ref idref="oc-1b5"/>
      </symbol>
      <symbol id="sm-4c6">
         <name>ldexpl</name>
         <value>0x1b85</value>
         <object_component_ref idref="oc-1b5"/>
      </symbol>
      <symbol id="sm-4c7">
         <name>ldexp</name>
         <value>0x1b85</value>
         <object_component_ref idref="oc-1b5"/>
      </symbol>
      <symbol id="sm-4d1">
         <name>_system_post_cinit</name>
         <value>0x1b83</value>
         <object_component_ref idref="oc-a2"/>
      </symbol>
      <symbol id="sm-4d9">
         <name>errno</name>
         <value>0x20000140</value>
         <object_component_ref idref="oc-210"/>
      </symbol>
      <symbol id="sm-4e3">
         <name>copysign</name>
         <value>0x2641</value>
         <object_component_ref idref="oc-20a"/>
      </symbol>
      <symbol id="sm-4e4">
         <name>copysignl</name>
         <value>0x2641</value>
         <object_component_ref idref="oc-20a"/>
      </symbol>
      <symbol id="sm-4e5">
         <name>__TI_static_base__</name>
         <value>0x0</value>
      </symbol>
      <symbol id="sm-4e8">
         <name>SHT$$INIT_ARRAY$$Limit</name>
         <value>0x0</value>
      </symbol>
      <symbol id="sm-4e9">
         <name>SHT$$INIT_ARRAY$$Base</name>
         <value>0x0</value>
      </symbol>
   </symbol_table>
   <title>Link successful</title>
</link_info>
